Archive member included to satisfy reference by file (symbol)

C:/ST/STM32CubeIDE_1.18.1/STM32CubeIDE/plugins/com.st.stm32cube.ide.mcu.externaltools.gnu-tools-for-stm32.13.3.rel1.win32_1.0.0.202411081344/tools/bin/../lib/gcc/arm-none-eabi/13.3.1/../../../../arm-none-eabi/lib/thumb/v7e-m+dp/hard\libc_nano.a(libc_a-abort.o)
                              ./mongoose/mongoose.o (abort)
C:/ST/STM32CubeIDE_1.18.1/STM32CubeIDE/plugins/com.st.stm32cube.ide.mcu.externaltools.gnu-tools-for-stm32.13.3.rel1.win32_1.0.0.202411081344/tools/bin/../lib/gcc/arm-none-eabi/13.3.1/../../../../arm-none-eabi/lib/thumb/v7e-m+dp/hard\libc_nano.a(libc_a-assert.o)
                              ./mongoose/mongoose.o (__assert_func)
C:/ST/STM32CubeIDE_1.18.1/STM32CubeIDE/plugins/com.st.stm32cube.ide.mcu.externaltools.gnu-tools-for-stm32.13.3.rel1.win32_1.0.0.202411081344/tools/bin/../lib/gcc/arm-none-eabi/13.3.1/../../../../arm-none-eabi/lib/thumb/v7e-m+dp/hard\libc_nano.a(libc_a-atoi.o)
                              ./mongoose/mongoose.o (atoi)
C:/ST/STM32CubeIDE_1.18.1/STM32CubeIDE/plugins/com.st.stm32cube.ide.mcu.externaltools.gnu-tools-for-stm32.13.3.rel1.win32_1.0.0.202411081344/tools/bin/../lib/gcc/arm-none-eabi/13.3.1/../../../../arm-none-eabi/lib/thumb/v7e-m+dp/hard\libc_nano.a(libc_a-calloc.o)
                              ./mongoose/mongoose.o (calloc)
C:/ST/STM32CubeIDE_1.18.1/STM32CubeIDE/plugins/com.st.stm32cube.ide.mcu.externaltools.gnu-tools-for-stm32.13.3.rel1.win32_1.0.0.202411081344/tools/bin/../lib/gcc/arm-none-eabi/13.3.1/../../../../arm-none-eabi/lib/thumb/v7e-m+dp/hard\libc_nano.a(libc_a-callocr.o)
                              C:/ST/STM32CubeIDE_1.18.1/STM32CubeIDE/plugins/com.st.stm32cube.ide.mcu.externaltools.gnu-tools-for-stm32.13.3.rel1.win32_1.0.0.202411081344/tools/bin/../lib/gcc/arm-none-eabi/13.3.1/../../../../arm-none-eabi/lib/thumb/v7e-m+dp/hard\libc_nano.a(libc_a-calloc.o) (_calloc_r)
C:/ST/STM32CubeIDE_1.18.1/STM32CubeIDE/plugins/com.st.stm32cube.ide.mcu.externaltools.gnu-tools-for-stm32.13.3.rel1.win32_1.0.0.202411081344/tools/bin/../lib/gcc/arm-none-eabi/13.3.1/../../../../arm-none-eabi/lib/thumb/v7e-m+dp/hard\libc_nano.a(libc_a-exit.o)
                              C:/ST/STM32CubeIDE_1.18.1/STM32CubeIDE/plugins/com.st.stm32cube.ide.mcu.externaltools.gnu-tools-for-stm32.13.3.rel1.win32_1.0.0.202411081344/tools/bin/../lib/gcc/arm-none-eabi/13.3.1/../../../../arm-none-eabi/lib/thumb/v7e-m+dp/hard/crt0.o (exit)
C:/ST/STM32CubeIDE_1.18.1/STM32CubeIDE/plugins/com.st.stm32cube.ide.mcu.externaltools.gnu-tools-for-stm32.13.3.rel1.win32_1.0.0.202411081344/tools/bin/../lib/gcc/arm-none-eabi/13.3.1/../../../../arm-none-eabi/lib/thumb/v7e-m+dp/hard\libc_nano.a(libc_a-malloc.o)
                              ./mongoose/mongoose.o (free)
C:/ST/STM32CubeIDE_1.18.1/STM32CubeIDE/plugins/com.st.stm32cube.ide.mcu.externaltools.gnu-tools-for-stm32.13.3.rel1.win32_1.0.0.202411081344/tools/bin/../lib/gcc/arm-none-eabi/13.3.1/../../../../arm-none-eabi/lib/thumb/v7e-m+dp/hard\libc_nano.a(libc_a-mallocr.o)
                              C:/ST/STM32CubeIDE_1.18.1/STM32CubeIDE/plugins/com.st.stm32cube.ide.mcu.externaltools.gnu-tools-for-stm32.13.3.rel1.win32_1.0.0.202411081344/tools/bin/../lib/gcc/arm-none-eabi/13.3.1/../../../../arm-none-eabi/lib/thumb/v7e-m+dp/hard\libc_nano.a(libc_a-callocr.o) (_malloc_r)
C:/ST/STM32CubeIDE_1.18.1/STM32CubeIDE/plugins/com.st.stm32cube.ide.mcu.externaltools.gnu-tools-for-stm32.13.3.rel1.win32_1.0.0.202411081344/tools/bin/../lib/gcc/arm-none-eabi/13.3.1/../../../../arm-none-eabi/lib/thumb/v7e-m+dp/hard\libc_nano.a(libc_a-mlock.o)
                              C:/ST/STM32CubeIDE_1.18.1/STM32CubeIDE/plugins/com.st.stm32cube.ide.mcu.externaltools.gnu-tools-for-stm32.13.3.rel1.win32_1.0.0.202411081344/tools/bin/../lib/gcc/arm-none-eabi/13.3.1/../../../../arm-none-eabi/lib/thumb/v7e-m+dp/hard\libc_nano.a(libc_a-mallocr.o) (__malloc_lock)
C:/ST/STM32CubeIDE_1.18.1/STM32CubeIDE/plugins/com.st.stm32cube.ide.mcu.externaltools.gnu-tools-for-stm32.13.3.rel1.win32_1.0.0.202411081344/tools/bin/../lib/gcc/arm-none-eabi/13.3.1/../../../../arm-none-eabi/lib/thumb/v7e-m+dp/hard\libc_nano.a(libc_a-rand.o)
                              ./mongoose/mongoose.o (srand)
C:/ST/STM32CubeIDE_1.18.1/STM32CubeIDE/plugins/com.st.stm32cube.ide.mcu.externaltools.gnu-tools-for-stm32.13.3.rel1.win32_1.0.0.202411081344/tools/bin/../lib/gcc/arm-none-eabi/13.3.1/../../../../arm-none-eabi/lib/thumb/v7e-m+dp/hard\libc_nano.a(libc_a-strtol.o)
                              C:/ST/STM32CubeIDE_1.18.1/STM32CubeIDE/plugins/com.st.stm32cube.ide.mcu.externaltools.gnu-tools-for-stm32.13.3.rel1.win32_1.0.0.202411081344/tools/bin/../lib/gcc/arm-none-eabi/13.3.1/../../../../arm-none-eabi/lib/thumb/v7e-m+dp/hard\libc_nano.a(libc_a-atoi.o) (_strtol_r)
[...]
Memory Configuration

Name             Origin             Length             Attributes
ITCMRAM          0x00000000         0x00010000         xrw
DTCMRAM          0x20000000         0x00020000         xrw
FLASH            0x08000000         0x00100000         xr
RAM_D1           0x24000000         0x00050000         xrw
RAM_D2           0x30000000         0x00008000         xrw
RAM_D3           0x38000000         0x00004000         xrw
*default*        0x00000000         0xffffffff

Linker script and memory map

LOAD C:/ST/STM32CubeIDE_1.18.1/STM32CubeIDE/plugins/com.st.stm32cube.ide.mcu.externaltools.gnu-tools-for-stm32.13.3.rel1.win32_1.0.0.202411081344/tools/bin/../lib/gcc/arm-none-eabi/13.3.1/thumb/v7e-m+dp/hard/crti.o
LOAD C:/ST/STM32CubeIDE_1.18.1/STM32CubeIDE/plugins/com.st.stm32cube.ide.mcu.externaltools.gnu-tools-for-stm32.13.3.rel1.win32_1.0.0.202411081344/tools/bin/../lib/gcc/arm-none-eabi/13.3.1/thumb/v7e-m+dp/hard/crtbegin.o
LOAD C:/ST/STM32CubeIDE_1.18.1/STM32CubeIDE/plugins/com.st.stm32cube.ide.mcu.externaltools.gnu-tools-for-stm32.13.3.rel1.win32_1.0.0.202411081344/tools/bin/../lib/gcc/arm-none-eabi/13.3.1/../../../../arm-none-eabi/lib/thumb/v7e-m+dp/hard/crt0.o
LOAD ./Core/Src/main.o
LOAD ./Core/Src/stm32h7xx_hal_msp.o
LOAD ./Core/Src/stm32h7xx_it.o
LOAD ./Core/Src/syscalls.o
LOAD ./Core/Src/sysmem.o
LOAD ./Core/Src/system_stm32h7xx.o
LOAD ./Core/Startup/startup_stm32h723zgtx.o
LOAD ./Drivers/STM32H7xx_HAL_Driver/Src/stm32h7xx_hal.o
LOAD ./Drivers/STM32H7xx_HAL_Driver/Src/stm32h7xx_hal_cortex.o
LOAD ./Drivers/STM32H7xx_HAL_Driver/Src/stm32h7xx_hal_dma.o
LOAD ./Drivers/STM32H7xx_HAL_Driver/Src/stm32h7xx_hal_dma_ex.o
LOAD ./Drivers/STM32H7xx_HAL_Driver/Src/stm32h7xx_hal_eth.o
LOAD ./Drivers/STM32H7xx_HAL_Driver/Src/stm32h7xx_hal_eth_ex.o
LOAD ./Drivers/STM32H7xx_HAL_Driver/Src/stm32h7xx_hal_exti.o
LOAD ./Drivers/STM32H7xx_HAL_Driver/Src/stm32h7xx_hal_flash.o
LOAD ./Drivers/STM32H7xx_HAL_Driver/Src/stm32h7xx_hal_flash_ex.o
LOAD ./Drivers/STM32H7xx_HAL_Driver/Src/stm32h7xx_hal_gpio.o
LOAD ./Drivers/STM32H7xx_HAL_Driver/Src/stm32h7xx_hal_hsem.o
LOAD ./Drivers/STM32H7xx_HAL_Driver/Src/stm32h7xx_hal_i2c.o
LOAD ./Drivers/STM32H7xx_HAL_Driver/Src/stm32h7xx_hal_i2c_ex.o
LOAD ./Drivers/STM32H7xx_HAL_Driver/Src/stm32h7xx_hal_mdma.o
LOAD ./Drivers/STM32H7xx_HAL_Driver/Src/stm32h7xx_hal_pwr.o
LOAD ./Drivers/STM32H7xx_HAL_Driver/Src/stm32h7xx_hal_pwr_ex.o
LOAD ./Drivers/STM32H7xx_HAL_Driver/Src/stm32h7xx_hal_rcc.o
LOAD ./Drivers/STM32H7xx_HAL_Driver/Src/stm32h7xx_hal_rcc_ex.o
LOAD ./Drivers/STM32H7xx_HAL_Driver/Src/stm32h7xx_hal_rng.o
LOAD ./Drivers/STM32H7xx_HAL_Driver/Src/stm32h7xx_hal_rng_ex.o
LOAD ./Drivers/STM32H7xx_HAL_Driver/Src/stm32h7xx_hal_uart.o
LOAD ./Drivers/STM32H7xx_HAL_Driver/Src/stm32h7xx_hal_uart_ex.o
LOAD ./mongoose/mongoose.o
LOAD ./mongoose/mongoose_fs.o
LOAD ./mongoose/mongoose_glue.o
LOAD ./mongoose/mongoose_impl.o
START GROUP
LOAD C:/ST/STM32CubeIDE_1.18.1/STM32CubeIDE/plugins/com.st.stm32cube.ide.mcu.externaltools.gnu-tools-for-stm32.13.3.rel1.win32_1.0.0.202411081344/tools/bin/../lib/gcc/arm-none-eabi/13.3.1/../../../../arm-none-eabi/lib/thumb/v7e-m+dp/hard\libc_nano.a
LOAD C:/ST/STM32CubeIDE_1.18.1/STM32CubeIDE/plugins/com.st.stm32cube.ide.mcu.externaltools.gnu-tools-for-stm32.13.3.rel1.win32_1.0.0.202411081344/tools/bin/../lib/gcc/arm-none-eabi/13.3.1/../../../../arm-none-eabi/lib/thumb/v7e-m+dp/hard\libm.a
END GROUP
START GROUP
LOAD C:/ST/STM32CubeIDE_1.18.1/STM32CubeIDE/plugins/com.st.stm32cube.ide.mcu.externaltools.gnu-tools-for-stm32.13.3.rel1.win32_1.0.0.202411081344/tools/bin/../lib/gcc/arm-none-eabi/13.3.1/thumb/v7e-m+dp/hard\libgcc.a
LOAD C:/ST/STM32CubeIDE_1.18.1/STM32CubeIDE/plugins/com.st.stm32cube.ide.mcu.externaltools.gnu-tools-for-stm32.13.3.rel1.win32_1.0.0.202411081344/tools/bin/../lib/gcc/arm-none-eabi/13.3.1/../../../../arm-none-eabi/lib/thumb/v7e-m+dp/hard\libc_nano.a
END GROUP
START GROUP
LOAD C:/ST/STM32CubeIDE_1.18.1/STM32CubeIDE/plugins/com.st.stm32cube.ide.mcu.externaltools.gnu-tools-for-stm32.13.3.rel1.win32_1.0.0.202411081344/tools/bin/../lib/gcc/arm-none-eabi/13.3.1/thumb/v7e-m+dp/hard\libgcc.a
LOAD C:/ST/STM32CubeIDE_1.18.1/STM32CubeIDE/plugins/com.st.stm32cube.ide.mcu.externaltools.gnu-tools-for-stm32.13.3.rel1.win32_1.0.0.202411081344/tools/bin/../lib/gcc/arm-none-eabi/13.3.1/../../../../arm-none-eabi/lib/thumb/v7e-m+dp/hard\libc_nano.a
LOAD C:/ST/STM32CubeIDE_1.18.1/STM32CubeIDE/plugins/com.st.stm32cube.ide.mcu.externaltools.gnu-tools-for-stm32.13.3.rel1.win32_1.0.0.202411081344/tools/bin/../lib/gcc/arm-none-eabi/13.3.1/../../../../arm-none-eabi/lib/thumb/v7e-m+dp/hard\libnosys.a
END GROUP
START GROUP
LOAD C:/ST/STM32CubeIDE_1.18.1/STM32CubeIDE/plugins/com.st.stm32cube.ide.mcu.externaltools.gnu-tools-for-stm32.13.3.rel1.win32_1.0.0.202411081344/tools/bin/../lib/gcc/arm-none-eabi/13.3.1/thumb/v7e-m+dp/hard\libgcc.a
LOAD C:/ST/STM32CubeIDE_1.18.1/STM32CubeIDE/plugins/com.st.stm32cube.ide.mcu.externaltools.gnu-tools-for-stm32.13.3.rel1.win32_1.0.0.202411081344/tools/bin/../lib/gcc/arm-none-eabi/13.3.1/../../../../arm-none-eabi/lib/thumb/v7e-m+dp/hard\libc_nano.a
LOAD C:/ST/STM32CubeIDE_1.18.1/STM32CubeIDE/plugins/com.st.stm32cube.ide.mcu.externaltools.gnu-tools-for-stm32.13.3.rel1.win32_1.0.0.202411081344/tools/bin/../lib/gcc/arm-none-eabi/13.3.1/../../../../arm-none-eabi/lib/thumb/v7e-m+dp/hard\libnosys.a
END GROUP
LOAD C:/ST/STM32CubeIDE_1.18.1/STM32CubeIDE/plugins/com.st.stm32cube.ide.mcu.externaltools.gnu-tools-for-stm32.13.3.rel1.win32_1.0.0.202411081344/tools/bin/../lib/gcc/arm-none-eabi/13.3.1/thumb/v7e-m+dp/hard/crtend.o
LOAD C:/ST/STM32CubeIDE_1.18.1/STM32CubeIDE/plugins/com.st.stm32cube.ide.mcu.externaltools.gnu-tools-for-stm32.13.3.rel1.win32_1.0.0.202411081344/tools/bin/../lib/gcc/arm-none-eabi/13.3.1/thumb/v7e-m+dp/hard/crtn.o
                0x24050000                        _estack = (ORIGIN (RAM_D1) + LENGTH (RAM_D1))
                0x00000200                        _Min_Heap_Size = 0x200
                0x00000400                        _Min_Stack_Size = 0x400

.isr_vector     0x08000000      0x2cc
                0x08000000                        . = ALIGN (0x4)
 *(.isr_vector)
 .isr_vector    0x08000000      0x2cc ./Core/Startup/startup_stm32h723zgtx.o
                0x08000000                g_pfnVectors
                0x080002cc                        . = ALIGN (0x4)

.text           0x080002d0    0x26068
                0x080002d0                        . = ALIGN (0x4)
 *(.text)
 .text          0x080002d0       0x40 C:/ST/STM32CubeIDE_1.18.1/STM32CubeIDE/plugins/com.st.stm32cube.ide.mcu.externaltools.gnu-tools-for-stm32.13.3.rel1.win32_1.0.0.202411081344/tools/bin/../lib/gcc/arm-none-eabi/13.3.1/thumb/v7e-m+dp/hard/crtbegin.o
 .text          0x08000310       0x14 C:/ST/STM32CubeIDE_1.18.1/STM32CubeIDE/plugins/com.st.stm32cube.ide.mcu.externaltools.gnu-tools-for-stm32.13.3.rel1.win32_1.0.0.202411081344/tools/bin/../lib/gcc/arm-none-eabi/13.3.1/../../../../arm-none-eabi/lib/thumb/v7e-m+dp/hard\libc_nano.a(libc_a-strcmp.o)
                0x08000310                strcmp
 *fill*         0x08000324        0xc 
 .text          0x08000330       0xa0 C:/ST/STM32CubeIDE_1.18.1/STM32CubeIDE/plugins/com.st.stm32cube.ide.mcu.externaltools.gnu-tools-for-stm32.13.3.rel1.win32_1.0.0.202411081344/tools/bin/../lib/gcc/arm-none-eabi/13.3.1/../../../../arm-none-eabi/lib/thumb/v7e-m+dp/hard\libc_nano.a(libc_a-memchr.o)
                0x08000330                memchr
 .text          0x080003d0       0x10 C:/ST/STM32CubeIDE_1.18.1/STM32CubeIDE/plugins/com.st.stm32cube.ide.mcu.externaltools.gnu-tools-for-stm32.13.3.rel1.win32_1.0.0.202411081344/tools/bin/../lib/gcc/arm-none-eabi/13.3.1/../../../../arm-none-eabi/lib/thumb/v7e-m+dp/hard\libc_nano.a(libc_a-strlen.o)
                0x080003d0                strlen
 .text          0x080003e0       0x30 C:/ST/STM32CubeIDE_1.18.1/STM32CubeIDE/plugins/com.st.stm32cube.ide.mcu.externaltools.gnu-tools-for-stm32.13.3.rel1.win32_1.0.0.202411081344/tools/bin/../lib/gcc/arm-none-eabi/13.3.1/thumb/v7e-m+dp/hard\libgcc.a(_aeabi_uldivmod.o)
                0x080003e0                __aeabi_uldivmod
 .text          0x08000410      0x2f8 C:/ST/STM32CubeIDE_1.18.1/STM32CubeIDE/plugins/com.st.stm32cube.ide.mcu.externaltools.gnu-tools-for-stm32.13.3.rel1.win32_1.0.0.202411081344/tools/bin/../lib/gcc/arm-none-eabi/13.3.1/thumb/v7e-m+dp/hard\libgcc.a(_udivmoddi4.o)
                0x08000410                __udivmoddi4
 .text          0x08000708        0x4 C:/ST/STM32CubeIDE_1.18.1/STM32CubeIDE/plugins/com.st.stm32cube.ide.mcu.externaltools.gnu-tools-for-stm32.13.3.rel1.win32_1.0.0.202411081344/tools/bin/../lib/gcc/arm-none-eabi/13.3.1/thumb/v7e-m+dp/hard\libgcc.a(_dvmd_tls.o)
                0x08000708                __aeabi_idiv0
                0x08000708                __aeabi_ldiv0
 *(.text*)
 .text.mg_random
                0x0800070c       0x5c ./Core/Src/main.o
                0x0800070c                mg_random
 .text.mg_millis
                0x08000768       0x1a ./Core/Src/main.o
                0x08000768                mg_millis
 *fill*         0x08000782        0x2 
 .text._write   0x08000784       0x38 ./Core/Src/main.o
                0x08000784                _write
 .text.http_event_handler
                0x080007bc       0xa4 ./Core/Src/main.o
 .text.perform_http_data_read
                0x08000860       0x6c ./Core/Src/main.o
                0x08000860                perform_http_data_read
 .text.main     0x080008cc       0xb8 ./Core/Src/main.o
                0x080008cc                main
 .text.SystemClock_Config
                0x08000984       0xe4 ./Core/Src/main.o
                0x08000984                SystemClock_Config
 .text.MX_ETH_Init
                0x08000a68       0x98 ./Core/Src/main.o
 .text.MX_I2C1_Init
                0x08000b00       0x80 ./Core/Src/main.o
 .text.MX_RNG_Init
                0x08000b80       0x2c ./Core/Src/main.o
 .text.MX_USART3_UART_Init
                0x08000bac       0x98 ./Core/Src/main.o
 .text.MX_GPIO_Init
                0x08000c44      0x1dc ./Core/Src/main.o
 .text.collect_plc_data
                0x08000e20       0x54 ./Core/Src/main.o
                0x08000e20                collect_plc_data
 .text.write_snapshot_to_nfc
                0x08000e74      0x1ac ./Core/Src/main.o
                0x08000e74                write_snapshot_to_nfc
 .text.Error_Handler
                0x08001020        0xc ./Core/Src/main.o
                0x08001020                Error_Handler
 .text.HAL_MspInit
                0x0800102c       0x34 ./Core/Src/stm32h7xx_hal_msp.o
                0x0800102c                HAL_MspInit
 .text.HAL_ETH_MspInit
                0x08001060      0x1ac ./Core/Src/stm32h7xx_hal_msp.o
                0x08001060                HAL_ETH_MspInit
 .text.HAL_I2C_MspInit
                0x0800120c       0xd4 ./Core/Src/stm32h7xx_hal_msp.o
                0x0800120c                HAL_I2C_MspInit
 .text.HAL_RNG_MspInit
                0x080012e0       0x74 ./Core/Src/stm32h7xx_hal_msp.o
                0x080012e0                HAL_RNG_MspInit
 .text.HAL_UART_MspInit
                0x08001354       0xd4 ./Core/Src/stm32h7xx_hal_msp.o
                0x08001354                HAL_UART_MspInit
 .text.NMI_Handler
                0x08001428        0x8 ./Core/Src/stm32h7xx_it.o
                0x08001428                NMI_Handler
 .text.HardFault_Handler
                0x08001430        0x8 ./Core/Src/stm32h7xx_it.o
                0x08001430                HardFault_Handler
 .text.MemManage_Handler
                0x08001438        0x8 ./Core/Src/stm32h7xx_it.o
                0x08001438                MemManage_Handler
 .text.BusFault_Handler
                0x08001440        0x8 ./Core/Src/stm32h7xx_it.o
                0x08001440                BusFault_Handler
 .text.UsageFault_Handler
                0x08001448        0x8 ./Core/Src/stm32h7xx_it.o
                0x08001448                UsageFault_Handler
 .text.SVC_Handler
                0x08001450        0xe ./Core/Src/stm32h7xx_it.o
                0x08001450                SVC_Handler
 .text.DebugMon_Handler
                0x0800145e        0xe ./Core/Src/stm32h7xx_it.o
                0x0800145e                DebugMon_Handler
 .text.PendSV_Handler
                0x0800146c        0xe ./Core/Src/stm32h7xx_it.o
                0x0800146c                PendSV_Handler
 .text.SysTick_Handler
                0x0800147a        0xc ./Core/Src/stm32h7xx_it.o
                0x0800147a                SysTick_Handler
 .text._getpid  0x08001486       0x10 ./Core/Src/syscalls.o
                0x08001486                _getpid
 .text._kill    0x08001496       0x20 ./Core/Src/syscalls.o
                0x08001496                _kill
 .text._exit    0x080014b6       0x16 ./Core/Src/syscalls.o
                0x080014b6                _exit
 .text._read    0x080014cc       0x3a ./Core/Src/syscalls.o
                0x080014cc                _read
 .text._close   0x08001506       0x18 ./Core/Src/syscalls.o
                0x08001506                _close
 .text._fstat   0x0800151e       0x20 ./Core/Src/syscalls.o
                0x0800151e                _fstat
 .text._isatty  0x0800153e       0x16 ./Core/Src/syscalls.o
                0x0800153e                _isatty
 .text._lseek   0x08001554       0x1a ./Core/Src/syscalls.o
                0x08001554                _lseek
 *fill*         0x0800156e        0x2 
 .text._sbrk    0x08001570       0x6c ./Core/Src/sysmem.o
                0x08001570                _sbrk
 .text.SystemInit
                0x080015dc       0xf0 ./Core/Src/system_stm32h7xx.o
                0x080015dc                SystemInit
 .text.Reset_Handler
                0x080016cc       0x50 ./Core/Startup/startup_stm32h723zgtx.o
                0x080016cc                Reset_Handler
 .text.Default_Handler
                0x0800171c        0x2 ./Core/Startup/startup_stm32h723zgtx.o
                0x0800171c                RTC_Alarm_IRQHandler
                0x0800171c                EXTI2_IRQHandler
                0x0800171c                TIM8_CC_IRQHandler
                0x0800171c                UART8_IRQHandler
                0x0800171c                SPI4_IRQHandler
                0x0800171c                FDCAN3_IT0_IRQHandler
                0x0800171c                TIM1_CC_IRQHandler
                0x0800171c                BDMA_Channel6_IRQHandler
                0x0800171c                DMA2_Stream5_IRQHandler
                0x0800171c                DMA1_Stream5_IRQHandler
                0x0800171c                CORDIC_IRQHandler
                0x0800171c                BDMA_Channel1_IRQHandler
                0x0800171c                TAMP_STAMP_IRQHandler
                0x0800171c                EXTI3_IRQHandler
                0x0800171c                LPTIM4_IRQHandler
                0x0800171c                TIM8_TRG_COM_TIM14_IRQHandler
                0x0800171c                LPTIM2_IRQHandler
                0x0800171c                DFSDM1_FLT1_IRQHandler
                0x0800171c                DMAMUX2_OVR_IRQHandler
                0x0800171c                TIM8_UP_TIM13_IRQHandler
                0x0800171c                I2C3_ER_IRQHandler
                0x0800171c                DFSDM1_FLT2_IRQHandler
                0x0800171c                I2C5_EV_IRQHandler
                0x0800171c                USART10_IRQHandler
                0x0800171c                MDMA_IRQHandler
                0x0800171c                LPTIM3_IRQHandler
                0x0800171c                HSEM1_IRQHandler
                0x0800171c                EXTI0_IRQHandler
                0x0800171c                I2C2_EV_IRQHandler
                0x0800171c                DMA1_Stream2_IRQHandler
                0x0800171c                FPU_IRQHandler
                0x0800171c                OTG_HS_WKUP_IRQHandler
                0x0800171c                FDCAN1_IT1_IRQHandler
                0x0800171c                LTDC_ER_IRQHandler
                0x0800171c                DMA2_Stream2_IRQHandler
                0x0800171c                SPI1_IRQHandler
                0x0800171c                OCTOSPI1_IRQHandler
                0x0800171c                TIM6_DAC_IRQHandler
                0x0800171c                DMA2_Stream3_IRQHandler
                0x0800171c                OCTOSPI2_IRQHandler
                0x0800171c                DFSDM1_FLT3_IRQHandler
                0x0800171c                TIM23_IRQHandler
                0x0800171c                USART6_IRQHandler
                0x0800171c                TIM17_IRQHandler
                0x0800171c                USART3_IRQHandler
                0x0800171c                BDMA_Channel7_IRQHandler
                0x0800171c                LPTIM5_IRQHandler
                0x0800171c                UART5_IRQHandler
                0x0800171c                ADC3_IRQHandler
                0x0800171c                DMA2_Stream0_IRQHandler
                0x0800171c                TIM4_IRQHandler
                0x0800171c                BDMA_Channel2_IRQHandler
                0x0800171c                I2C1_EV_IRQHandler
                0x0800171c                DMA1_Stream6_IRQHandler
                0x0800171c                DMAMUX1_OVR_IRQHandler
                0x0800171c                DMA1_Stream1_IRQHandler
                0x0800171c                TIM16_IRQHandler
                0x0800171c                UART4_IRQHandler
                0x0800171c                BDMA_Channel5_IRQHandler
                0x0800171c                TIM3_IRQHandler
                0x0800171c                RCC_IRQHandler
                0x0800171c                UART9_IRQHandler
                0x0800171c                TIM8_BRK_TIM12_IRQHandler
                0x0800171c                TIM1_TRG_COM_IRQHandler
                0x0800171c                Default_Handler
                0x0800171c                ECC_IRQHandler
                0x0800171c                FMAC_IRQHandler
                0x0800171c                CEC_IRQHandler
                0x0800171c                EXTI15_10_IRQHandler
                0x0800171c                BDMA_Channel0_IRQHandler
                0x0800171c                ADC_IRQHandler
                0x0800171c                I2C5_ER_IRQHandler
                0x0800171c                DMA1_Stream7_IRQHandler
                0x0800171c                SPI5_IRQHandler
                0x0800171c                TIM7_IRQHandler
                0x0800171c                FDCAN3_IT1_IRQHandler
                0x0800171c                SDMMC1_IRQHandler
                0x0800171c                TIM5_IRQHandler
                0x0800171c                DMA2_Stream7_IRQHandler
                0x0800171c                TIM15_IRQHandler
                0x0800171c                PVD_AVD_IRQHandler
                0x0800171c                I2C3_EV_IRQHandler
                0x0800171c                EXTI9_5_IRQHandler
                0x0800171c                RTC_WKUP_IRQHandler
                0x0800171c                LTDC_IRQHandler
                0x0800171c                ETH_WKUP_IRQHandler
                0x0800171c                SPDIF_RX_IRQHandler
                0x0800171c                SPI2_IRQHandler
                0x0800171c                OTG_HS_EP1_IN_IRQHandler
                0x0800171c                DMA1_Stream0_IRQHandler
                0x0800171c                TIM24_IRQHandler
                0x0800171c                CRS_IRQHandler
                0x0800171c                EXTI4_IRQHandler
                0x0800171c                RNG_IRQHandler
                0x0800171c                FDCAN2_IT1_IRQHandler
                0x0800171c                TIM1_UP_IRQHandler
                0x0800171c                BDMA_Channel4_IRQHandler
                0x0800171c                OTG_HS_EP1_OUT_IRQHandler
                0x0800171c                WWDG_IRQHandler
                0x0800171c                SPI6_IRQHandler
                0x0800171c                MDIOS_IRQHandler
                0x0800171c                I2C4_EV_IRQHandler
                0x0800171c                FDCAN2_IT0_IRQHandler
                0x0800171c                LPUART1_IRQHandler
                0x0800171c                FDCAN1_IT0_IRQHandler
                0x0800171c                TIM2_IRQHandler
                0x0800171c                OTG_HS_IRQHandler
                0x0800171c                DMA2D_IRQHandler
                0x0800171c                TIM1_BRK_IRQHandler
                0x0800171c                EXTI1_IRQHandler
                0x0800171c                SDMMC2_IRQHandler
                0x0800171c                BDMA_Channel3_IRQHandler
                0x0800171c                DTS_IRQHandler
                0x0800171c                UART7_IRQHandler
                0x0800171c                MDIOS_WKUP_IRQHandler
                0x0800171c                USART2_IRQHandler
                0x0800171c                DFSDM1_FLT0_IRQHandler
                0x0800171c                SAI4_IRQHandler
                0x0800171c                I2C2_ER_IRQHandler
                0x0800171c                DMA2_Stream1_IRQHandler
                0x0800171c                FLASH_IRQHandler
                0x0800171c                DMA2_Stream4_IRQHandler
                0x0800171c                USART1_IRQHandler
                0x0800171c                SPI3_IRQHandler
                0x0800171c                WAKEUP_PIN_IRQHandler
                0x0800171c                DMA1_Stream4_IRQHandler
                0x0800171c                I2C1_ER_IRQHandler
                0x0800171c                FMC_IRQHandler
                0x0800171c                FDCAN_CAL_IRQHandler
                0x0800171c                SWPMI1_IRQHandler
                0x0800171c                COMP1_IRQHandler
                0x0800171c                LPTIM1_IRQHandler
                0x0800171c                DCMI_PSSI_IRQHandler
                0x0800171c                I2C4_ER_IRQHandler
                0x0800171c                DMA2_Stream6_IRQHandler
                0x0800171c                SAI1_IRQHandler
                0x0800171c                DMA1_Stream3_IRQHandler
 *fill*         0x0800171e        0x2 
 .text.HAL_Init
                0x08001720       0x78 ./Drivers/STM32H7xx_HAL_Driver/Src/stm32h7xx_hal.o
                0x08001720                HAL_Init
 .text.HAL_InitTick
                0x08001798       0x6c ./Drivers/STM32H7xx_HAL_Driver/Src/stm32h7xx_hal.o
                0x08001798                HAL_InitTick
 .text.HAL_IncTick
                0x08001804       0x28 ./Drivers/STM32H7xx_HAL_Driver/Src/stm32h7xx_hal.o
                0x08001804                HAL_IncTick
 .text.HAL_GetTick
                0x0800182c       0x18 ./Drivers/STM32H7xx_HAL_Driver/Src/stm32h7xx_hal.o
                0x0800182c                HAL_GetTick
 .text.HAL_SYSCFG_ETHInterfaceSelect
                0x08001844       0x28 ./Drivers/STM32H7xx_HAL_Driver/Src/stm32h7xx_hal.o
                0x08001844                HAL_SYSCFG_ETHInterfaceSelect
 .text.__NVIC_SetPriorityGrouping
                0x0800186c       0x48 ./Drivers/STM32H7xx_HAL_Driver/Src/stm32h7xx_hal_cortex.o
 .text.__NVIC_GetPriorityGrouping
                0x080018b4       0x1c ./Drivers/STM32H7xx_HAL_Driver/Src/stm32h7xx_hal_cortex.o
 .text.__NVIC_EnableIRQ
                0x080018d0       0x3c ./Drivers/STM32H7xx_HAL_Driver/Src/stm32h7xx_hal_cortex.o
 .text.__NVIC_SetPriority
                0x0800190c       0x54 ./Drivers/STM32H7xx_HAL_Driver/Src/stm32h7xx_hal_cortex.o
 .text.NVIC_EncodePriority
                0x08001960       0x66 ./Drivers/STM32H7xx_HAL_Driver/Src/stm32h7xx_hal_cortex.o
 *fill*         0x080019c6        0x2 
 .text.SysTick_Config
                0x080019c8       0x44 ./Drivers/STM32H7xx_HAL_Driver/Src/stm32h7xx_hal_cortex.o
 .text.HAL_NVIC_SetPriorityGrouping
                0x08001a0c       0x16 ./Drivers/STM32H7xx_HAL_Driver/Src/stm32h7xx_hal_cortex.o
                0x08001a0c                HAL_NVIC_SetPriorityGrouping
 .text.HAL_NVIC_SetPriority
                0x08001a22       0x34 ./Drivers/STM32H7xx_HAL_Driver/Src/stm32h7xx_hal_cortex.o
                0x08001a22                HAL_NVIC_SetPriority
 .text.HAL_NVIC_EnableIRQ
                0x08001a56       0x1c ./Drivers/STM32H7xx_HAL_Driver/Src/stm32h7xx_hal_cortex.o
                0x08001a56                HAL_NVIC_EnableIRQ
 .text.HAL_SYSTICK_Config
                0x08001a72       0x18 ./Drivers/STM32H7xx_HAL_Driver/Src/stm32h7xx_hal_cortex.o
                0x08001a72                HAL_SYSTICK_Config
 *fill*         0x08001a8a        0x2 
 .text.HAL_ETH_Init
                0x08001a8c      0x1fc ./Drivers/STM32H7xx_HAL_Driver/Src/stm32h7xx_hal_eth.o
                0x08001a8c                HAL_ETH_Init
 .text.HAL_ETH_SetMDIOClockRange
                0x08001c88       0xa0 ./Drivers/STM32H7xx_HAL_Driver/Src/stm32h7xx_hal_eth.o
                0x08001c88                HAL_ETH_SetMDIOClockRange
 .text.ETH_SetMACConfig
                0x08001d28      0x238 ./Drivers/STM32H7xx_HAL_Driver/Src/stm32h7xx_hal_eth.o
 .text.ETH_SetDMAConfig
                0x08001f60      0x10c ./Drivers/STM32H7xx_HAL_Driver/Src/stm32h7xx_hal_eth.o
 .text.ETH_MACDMAConfig
                0x0800206c      0x13a ./Drivers/STM32H7xx_HAL_Driver/Src/stm32h7xx_hal_eth.o
 .text.ETH_DMATxDescListInit
                0x080021a6       0x92 ./Drivers/STM32H7xx_HAL_Driver/Src/stm32h7xx_hal_eth.o
 .text.ETH_DMARxDescListInit
                0x08002238       0xba ./Drivers/STM32H7xx_HAL_Driver/Src/stm32h7xx_hal_eth.o
 *fill*         0x080022f2        0x2 
 .text.HAL_GPIO_Init
                0x080022f4      0x350 ./Drivers/STM32H7xx_HAL_Driver/Src/stm32h7xx_hal_gpio.o
                0x080022f4                HAL_GPIO_Init
 .text.HAL_GPIO_ReadPin
                0x08002644       0x30 ./Drivers/STM32H7xx_HAL_Driver/Src/stm32h7xx_hal_gpio.o
                0x08002644                HAL_GPIO_ReadPin
 .text.HAL_GPIO_WritePin
                0x08002674       0x32 ./Drivers/STM32H7xx_HAL_Driver/Src/stm32h7xx_hal_gpio.o
                0x08002674                HAL_GPIO_WritePin
 *fill*         0x080026a6        0x2 
 .text.HAL_I2C_Init
                0x080026a8      0x138 ./Drivers/STM32H7xx_HAL_Driver/Src/stm32h7xx_hal_i2c.o
                0x080026a8                HAL_I2C_Init
 .text.HAL_I2C_Mem_Write
                0x080027e0      0x228 ./Drivers/STM32H7xx_HAL_Driver/Src/stm32h7xx_hal_i2c.o
                0x080027e0                HAL_I2C_Mem_Write
 .text.I2C_RequestMemoryWrite
                0x08002a08       0xa8 ./Drivers/STM32H7xx_HAL_Driver/Src/stm32h7xx_hal_i2c.o
 .text.I2C_Flush_TXDR
                0x08002ab0       0x48 ./Drivers/STM32H7xx_HAL_Driver/Src/stm32h7xx_hal_i2c.o
 .text.I2C_WaitOnFlagUntilTimeout
                0x08002af8       0xb2 ./Drivers/STM32H7xx_HAL_Driver/Src/stm32h7xx_hal_i2c.o
 .text.I2C_WaitOnTXISFlagUntilTimeout
                0x08002baa       0x8e ./Drivers/STM32H7xx_HAL_Driver/Src/stm32h7xx_hal_i2c.o
 .text.I2C_WaitOnSTOPFlagUntilTimeout
                0x08002c38       0x86 ./Drivers/STM32H7xx_HAL_Driver/Src/stm32h7xx_hal_i2c.o
 *fill*         0x08002cbe        0x2 
 .text.I2C_IsErrorOccurred
                0x08002cc0      0x1c0 ./Drivers/STM32H7xx_HAL_Driver/Src/stm32h7xx_hal_i2c.o
 .text.I2C_TransferConfig
                0x08002e80       0x64 ./Drivers/STM32H7xx_HAL_Driver/Src/stm32h7xx_hal_i2c.o
 .text.HAL_I2CEx_ConfigAnalogFilter
                0x08002ee4       0x96 ./Drivers/STM32H7xx_HAL_Driver/Src/stm32h7xx_hal_i2c_ex.o
                0x08002ee4                HAL_I2CEx_ConfigAnalogFilter
 .text.HAL_I2CEx_ConfigDigitalFilter
                0x08002f7a       0x98 ./Drivers/STM32H7xx_HAL_Driver/Src/stm32h7xx_hal_i2c_ex.o
                0x08002f7a                HAL_I2CEx_ConfigDigitalFilter
 *fill*         0x08003012        0x2 
 .text.HAL_PWREx_ConfigSupply
                0x08003014       0x74 ./Drivers/STM32H7xx_HAL_Driver/Src/stm32h7xx_hal_pwr_ex.o
                0x08003014                HAL_PWREx_ConfigSupply
 .text.HAL_RCC_OscConfig
                0x08003088      0x7b4 ./Drivers/STM32H7xx_HAL_Driver/Src/stm32h7xx_hal_rcc.o
                0x08003088                HAL_RCC_OscConfig
 .text.HAL_RCC_ClockConfig
                0x0800383c      0x36c ./Drivers/STM32H7xx_HAL_Driver/Src/stm32h7xx_hal_rcc.o
                0x0800383c                HAL_RCC_ClockConfig
 .text.HAL_RCC_GetSysClockFreq
                0x08003ba8      0x2f4 ./Drivers/STM32H7xx_HAL_Driver/Src/stm32h7xx_hal_rcc.o
                0x08003ba8                HAL_RCC_GetSysClockFreq
 .text.HAL_RCC_GetHCLKFreq
                0x08003e9c       0x60 ./Drivers/STM32H7xx_HAL_Driver/Src/stm32h7xx_hal_rcc.o
                0x08003e9c                HAL_RCC_GetHCLKFreq
 .text.HAL_RCC_GetPCLK1Freq
                0x08003efc       0x2c ./Drivers/STM32H7xx_HAL_Driver/Src/stm32h7xx_hal_rcc.o
                0x08003efc                HAL_RCC_GetPCLK1Freq
 .text.HAL_RCC_GetPCLK2Freq
                0x08003f28       0x2c ./Drivers/STM32H7xx_HAL_Driver/Src/stm32h7xx_hal_rcc.o
                0x08003f28                HAL_RCC_GetPCLK2Freq
 .text.HAL_RCCEx_PeriphCLKConfig
                0x08003f54     0x1340 ./Drivers/STM32H7xx_HAL_Driver/Src/stm32h7xx_hal_rcc_ex.o
                0x08003f54                HAL_RCCEx_PeriphCLKConfig
 .text.HAL_RCCEx_GetD3PCLK1Freq
                0x08005294       0x2c ./Drivers/STM32H7xx_HAL_Driver/Src/stm32h7xx_hal_rcc_ex.o
                0x08005294                HAL_RCCEx_GetD3PCLK1Freq
 .text.HAL_RCCEx_GetPLL2ClockFreq
                0x080052c0      0x2a8 ./Drivers/STM32H7xx_HAL_Driver/Src/stm32h7xx_hal_rcc_ex.o
                0x080052c0                HAL_RCCEx_GetPLL2ClockFreq
 .text.HAL_RCCEx_GetPLL3ClockFreq
                0x08005568      0x2a8 ./Drivers/STM32H7xx_HAL_Driver/Src/stm32h7xx_hal_rcc_ex.o
                0x08005568                HAL_RCCEx_GetPLL3ClockFreq
 .text.RCCEx_PLL2_Config
                0x08005810      0x164 ./Drivers/STM32H7xx_HAL_Driver/Src/stm32h7xx_hal_rcc_ex.o
 .text.RCCEx_PLL3_Config
                0x08005974      0x164 ./Drivers/STM32H7xx_HAL_Driver/Src/stm32h7xx_hal_rcc_ex.o
 .text.HAL_RNG_Init
                0x08005ad8      0x148 ./Drivers/STM32H7xx_HAL_Driver/Src/stm32h7xx_hal_rng.o
                0x08005ad8                HAL_RNG_Init
 .text.HAL_RNG_GenerateRandomNumber
                0x08005c20       0xf4 ./Drivers/STM32H7xx_HAL_Driver/Src/stm32h7xx_hal_rng.o
                0x08005c20                HAL_RNG_GenerateRandomNumber
 .text.HAL_RNG_ErrorCallback
                0x08005d14       0x14 ./Drivers/STM32H7xx_HAL_Driver/Src/stm32h7xx_hal_rng.o
                0x08005d14                HAL_RNG_ErrorCallback
 .text.RNG_RecoverSeedError
                0x08005d28      0x102 ./Drivers/STM32H7xx_HAL_Driver/Src/stm32h7xx_hal_rng.o
                0x08005d28                RNG_RecoverSeedError
 .text.HAL_UART_Init
                0x08005e2a       0xa0 ./Drivers/STM32H7xx_HAL_Driver/Src/stm32h7xx_hal_uart.o
                0x08005e2a                HAL_UART_Init
 .text.HAL_UART_Transmit
                0x08005eca      0x11c ./Drivers/STM32H7xx_HAL_Driver/Src/stm32h7xx_hal_uart.o
                0x08005eca                HAL_UART_Transmit
 *fill*         0x08005fe6        0x2 
 .text.UART_SetConfig
                0x08005fe8      0xcd8 ./Drivers/STM32H7xx_HAL_Driver/Src/stm32h7xx_hal_uart.o
                0x08005fe8                UART_SetConfig
 .text.UART_AdvFeatureConfig
                0x08006cc0      0x144 ./Drivers/STM32H7xx_HAL_Driver/Src/stm32h7xx_hal_uart.o
                0x08006cc0                UART_AdvFeatureConfig
 .text.UART_CheckIdleState
                0x08006e04      0x154 ./Drivers/STM32H7xx_HAL_Driver/Src/stm32h7xx_hal_uart.o
                0x08006e04                UART_CheckIdleState
 .text.UART_WaitOnFlagUntilTimeout
                0x08006f58       0xda ./Drivers/STM32H7xx_HAL_Driver/Src/stm32h7xx_hal_uart.o
                0x08006f58                UART_WaitOnFlagUntilTimeout
 *fill*         0x08007032        0x2 
 .text.UART_EndRxTransfer
                0x08007034       0xcc ./Drivers/STM32H7xx_HAL_Driver/Src/stm32h7xx_hal_uart.o
 .text.HAL_UARTEx_DisableFifoMode
                0x08007100       0x72 ./Drivers/STM32H7xx_HAL_Driver/Src/stm32h7xx_hal_uart_ex.o
                0x08007100                HAL_UARTEx_DisableFifoMode
 .text.HAL_UARTEx_SetTxFifoThreshold
                0x08007172       0x7c ./Drivers/STM32H7xx_HAL_Driver/Src/stm32h7xx_hal_uart_ex.o
                0x08007172                HAL_UARTEx_SetTxFifoThreshold
 .text.HAL_UARTEx_SetRxFifoThreshold
                0x080071ee       0x7c ./Drivers/STM32H7xx_HAL_Driver/Src/stm32h7xx_hal_uart_ex.o
                0x080071ee                HAL_UARTEx_SetRxFifoThreshold
 *fill*         0x0800726a        0x2 
 .text.UARTEx_SetNbDataToProcess
                0x0800726c       0x9c ./Drivers/STM32H7xx_HAL_Driver/Src/stm32h7xx_hal_uart_ex.o
 .text.mg_base64_encode_single
                0x08007308       0x44 ./mongoose/mongoose.o
 .text.mg_base64_decode_single
                0x0800734c       0x6c ./mongoose/mongoose.o
 .text.mg_base64_update
                0x080073b8       0xfc ./mongoose/mongoose.o
                0x080073b8                mg_base64_update
 .text.mg_base64_final
                0x080074b4       0x62 ./mongoose/mongoose.o
                0x080074b4                mg_base64_final
 *fill*         0x08007516        0x2 
 .text.mg_base64_encode
                0x08007518       0x94 ./mongoose/mongoose.o
                0x08007518                mg_base64_encode
 .text.mg_base64_decode
                0x080075ac      0x144 ./mongoose/mongoose.o
                0x080075ac                mg_base64_decode
 .text.mg_dns_free
                0x080076f0       0x36 ./mongoose/mongoose.o
 .text.mg_resolve_cancel
                0x08007726       0x44 ./mongoose/mongoose.o
                0x08007726                mg_resolve_cancel
 .text.mg_dns_parse_name_depth
                0x0800776a      0x160 ./mongoose/mongoose.o
 .text.mg_dns_parse_name
                0x080078ca       0x30 ./mongoose/mongoose.o
 .text.mg_dns_parse_rr
                0x080078fa      0x12a ./mongoose/mongoose.o
                0x080078fa                mg_dns_parse_rr
 .text.mg_dns_parse
                0x08007a24      0x1d4 ./mongoose/mongoose.o
                0x08007a24                mg_dns_parse
 .text.dns_cb   0x08007bf8      0x2fc ./mongoose/mongoose.o
 .text.mg_dns_send
                0x08007ef4      0x1c0 ./mongoose/mongoose.o
 .text.mg_sendnsreq
                0x080080b4      0x178 ./mongoose/mongoose.o
 .text.mg_resolve
                0x0800822c       0x88 ./mongoose/mongoose.o
                0x0800822c                mg_resolve
 .text.mg_call  0x080082b4       0x40 ./mongoose/mongoose.o
                0x080082b4                mg_call
 .text.mg_error
                0x080082f4       0x84 ./mongoose/mongoose.o
                0x080082f4                mg_error
 .text.mg_ota_flash_begin
                0x08008378       0xf8 ./mongoose/mongoose.o
                0x08008378                mg_ota_flash_begin
 .text.mg_ota_flash_write
                0x08008470      0x188 ./mongoose/mongoose.o
                0x08008470                mg_ota_flash_write
 .text.mg_ota_flash_end
                0x080085f8      0x100 ./mongoose/mongoose.o
                0x080085f8                mg_ota_flash_end
 .text.is_digit
                0x080086f8       0x2c ./mongoose/mongoose.o
 .text.addexp   0x08008724      0x104 ./mongoose/mongoose.o
 .text.xisinf   0x08008828       0x50 ./mongoose/mongoose.o
 .text.xisnan   0x08008878       0x58 ./mongoose/mongoose.o
 .text.mg_dtoa  0x080088d0      0x56c ./mongoose/mongoose.o
 .text.mg_lld   0x08008e3c      0x160 ./mongoose/mongoose.o
 .text.scpy     0x08008f9c       0x46 ./mongoose/mongoose.o
 .text.mg_xprintf
                0x08008fe2       0x36 ./mongoose/mongoose.o
                0x08008fe2                mg_xprintf
 .text.mg_vxprintf
                0x08009018      0x748 ./mongoose/mongoose.o
                0x08009018                mg_vxprintf
 .text.mg_fs_open
                0x08009760       0x50 ./mongoose/mongoose.o
                0x08009760                mg_fs_open
 .text.mg_fs_close
                0x080097b0       0x2a ./mongoose/mongoose.o
                0x080097b0                mg_fs_close
 .text.is_dir_prefix
                0x080097da       0x58 ./mongoose/mongoose.o
 .text.packed_stat
                0x08009832       0x60 ./mongoose/mongoose.o
 *fill*         0x08009892        0x2 
 .text.packed_list
                0x08009894       0xfc ./mongoose/mongoose.o
 .text.packed_open
                0x08009990       0x62 ./mongoose/mongoose.o
 .text.packed_close
                0x080099f2       0x1c ./mongoose/mongoose.o
 .text.packed_read
                0x08009a0e       0x56 ./mongoose/mongoose.o
 .text.packed_write
                0x08009a64       0x1a ./mongoose/mongoose.o
 .text.packed_seek
                0x08009a7e       0x38 ./mongoose/mongoose.o
 .text.packed_rename
                0x08009ab6       0x18 ./mongoose/mongoose.o
 .text.packed_remove
                0x08009ace       0x16 ./mongoose/mongoose.o
 .text.packed_mkdir
                0x08009ae4       0x16 ./mongoose/mongoose.o
 .text.p_stat   0x08009afa       0x1a ./mongoose/mongoose.o
 .text.p_list   0x08009b14       0x18 ./mongoose/mongoose.o
 .text.p_open   0x08009b2c       0x18 ./mongoose/mongoose.o
 .text.p_close  0x08009b44       0x14 ./mongoose/mongoose.o
 .text.p_read   0x08009b58       0x1a ./mongoose/mongoose.o
 .text.p_write  0x08009b72       0x1a ./mongoose/mongoose.o
 .text.p_seek   0x08009b8c       0x1a ./mongoose/mongoose.o
 .text.p_rename
                0x08009ba6       0x18 ./mongoose/mongoose.o
 .text.p_remove
                0x08009bbe       0x16 ./mongoose/mongoose.o
 .text.p_mkdir  0x08009bd4       0x16 ./mongoose/mongoose.o
 .text.mg_ncasecmp
                0x08009bea       0x80 ./mongoose/mongoose.o
 *fill*         0x08009c6a        0x2 
 .text.mg_to_size_t
                0x08009c6c      0x12c ./mongoose/mongoose.o
                0x08009c6c                mg_to_size_t
 .text.mg_http_var
                0x08009d98       0xa0 ./mongoose/mongoose.o
                0x08009d98                mg_http_var
 .text.mg_http_get_var
                0x08009e38       0xa6 ./mongoose/mongoose.o
                0x08009e38                mg_http_get_var
 .text.isx      0x08009ede       0x44 ./mongoose/mongoose.o
 .text.mg_url_decode
                0x08009f22      0x110 ./mongoose/mongoose.o
                0x08009f22                mg_url_decode
 .text.isok     0x0800a032       0x3a ./mongoose/mongoose.o
 .text.mg_http_get_request_len
                0x0800a06c       0x9c ./mongoose/mongoose.o
                0x0800a06c                mg_http_get_request_len
 .text.mg_http_get_header
                0x0800a108       0x80 ./mongoose/mongoose.o
                0x0800a108                mg_http_get_header
 .text.vcb      0x0800a188       0x26 ./mongoose/mongoose.o
 .text.clen     0x0800a1ae       0xde ./mongoose/mongoose.o
 .text.skiptorn
                0x0800a28c       0x96 ./mongoose/mongoose.o
 .text.mg_http_parse_headers
                0x0800a322      0x15e ./mongoose/mongoose.o
 .text.mg_http_parse
                0x0800a480      0x37c ./mongoose/mongoose.o
                0x0800a480                mg_http_parse
 .text.mg_http_status_code_str
                0x0800a7fc      0x9f8 ./mongoose/mongoose.o
 .text.mg_http_reply
                0x0800b1f4       0xb0 ./mongoose/mongoose.o
                0x0800b1f4                mg_http_reply
 .text.restore_http_cb
                0x0800b2a4       0x40 ./mongoose/mongoose.o
 .text.mg_http_etag
                0x0800b2e4       0x38 ./mongoose/mongoose.o
                0x0800b2e4                mg_http_etag
 .text.static_cb
                0x0800b31c       0xc4 ./mongoose/mongoose.o
 .text.guess_content_type
                0x0800b3e0      0x13c ./mongoose/mongoose.o
 .text.getrange
                0x0800b51c       0xe8 ./mongoose/mongoose.o
 .text.mg_http_serve_file
                0x0800b604      0x5a4 ./mongoose/mongoose.o
                0x0800b604                mg_http_serve_file
 .text.uri_to_path2
                0x0800bba8      0x2dc ./mongoose/mongoose.o
 .text.uri_to_path
                0x0800be84      0x194 ./mongoose/mongoose.o
 .text.mg_http_serve_dir
                0x0800c018       0xc8 ./mongoose/mongoose.o
                0x0800c018                mg_http_serve_dir
 .text.mg_http_creds
                0x0800c0e0      0x238 ./mongoose/mongoose.o
                0x0800c0e0                mg_http_creds
 .text.stripquotes
                0x0800c318       0x52 ./mongoose/mongoose.o
 .text.mg_http_get_header_var
                0x0800c36a      0x12c ./mongoose/mongoose.o
                0x0800c36a                mg_http_get_header_var
 .text.mg_http_status
                0x0800c496       0x1c ./mongoose/mongoose.o
                0x0800c496                mg_http_status
 .text.is_hex_digit
                0x0800c4b2       0x44 ./mongoose/mongoose.o
 .text.skip_chunk
                0x0800c4f6      0x11e ./mongoose/mongoose.o
 .text.http_cb  0x0800c614      0x740 ./mongoose/mongoose.o
 .text.mg_http_connect
                0x0800cd54       0x38 ./mongoose/mongoose.o
                0x0800cd54                mg_http_connect
 .text.mg_http_listen
                0x0800cd8c       0x38 ./mongoose/mongoose.o
                0x0800cd8c                mg_http_listen
 .text.roundup  0x0800cdc4       0x34 ./mongoose/mongoose.o
 .text.mg_iobuf_resize
                0x0800cdf8      0x118 ./mongoose/mongoose.o
                0x0800cdf8                mg_iobuf_resize
 .text.mg_iobuf_add
                0x0800cf10       0xa4 ./mongoose/mongoose.o
                0x0800cf10                mg_iobuf_add
 .text.mg_iobuf_del
                0x0800cfb4       0x96 ./mongoose/mongoose.o
                0x0800cfb4                mg_iobuf_del
 .text.mg_iobuf_free
                0x0800d04a       0x18 ./mongoose/mongoose.o
                0x0800d04a                mg_iobuf_free
 *fill*         0x0800d062        0x2 
 .text.escapeseq
                0x0800d064       0x28 ./mongoose/mongoose.o
 .text.json_esc
                0x0800d08c       0x60 ./mongoose/mongoose.o
 .text.mg_pass_string
                0x0800d0ec       0x82 ./mongoose/mongoose.o
 *fill*         0x0800d16e        0x2 
 .text.mg_atod  0x0800d170      0x2a0 ./mongoose/mongoose.o
 .text.mg_json_get
                0x0800d410      0x674 ./mongoose/mongoose.o
                0x0800d410                mg_json_get
 .text.mg_json_get_tok
                0x0800da84       0x4a ./mongoose/mongoose.o
                0x0800da84                mg_json_get_tok
 .text.mg_json_get_num
                0x0800dace       0x8a ./mongoose/mongoose.o
                0x0800dace                mg_json_get_num
 .text.mg_json_get_bool
                0x0800db58       0x78 ./mongoose/mongoose.o
                0x0800db58                mg_json_get_bool
 .text.mg_json_unescape
                0x0800dbd0      0x11c ./mongoose/mongoose.o
                0x0800dbd0                mg_json_unescape
 .text.logc     0x0800dcec       0x28 ./mongoose/mongoose.o
 .text.logs     0x0800dd14       0x36 ./mongoose/mongoose.o
 *fill*         0x0800dd4a        0x2 
 .text.mg_log_prefix
                0x0800dd4c       0xa0 ./mongoose/mongoose.o
                0x0800dd4c                mg_log_prefix
 .text.mg_log   0x0800ddec       0x40 ./mongoose/mongoose.o
                0x0800ddec                mg_log
 .text.nibble   0x0800de2c       0x2c ./mongoose/mongoose.o
 .text.mg_hexdump
                0x0800de58      0x174 ./mongoose/mongoose.o
                0x0800de58                mg_hexdump
 .text.mg_vprintf
                0x0800dfcc       0x38 ./mongoose/mongoose.o
                0x0800dfcc                mg_vprintf
 .text.mg_printf
                0x0800e004       0x34 ./mongoose/mongoose.o
                0x0800e004                mg_printf
 .text.mg_atonl
                0x0800e038       0x60 ./mongoose/mongoose.o
 .text.mg_atone
                0x0800e098       0x36 ./mongoose/mongoose.o
 .text.mg_aton4
                0x0800e0ce       0xec ./mongoose/mongoose.o
 .text.mg_v4mapped
                0x0800e1ba       0xd0 ./mongoose/mongoose.o
 .text.mg_aton6
                0x0800e28a      0x220 ./mongoose/mongoose.o
 .text.mg_aton  0x0800e4aa       0x74 ./mongoose/mongoose.o
                0x0800e4aa                mg_aton
 .text.mg_alloc_conn
                0x0800e51e       0x5a ./mongoose/mongoose.o
                0x0800e51e                mg_alloc_conn
 .text.mg_close_conn
                0x0800e578       0xd0 ./mongoose/mongoose.o
                0x0800e578                mg_close_conn
 .text.mg_connect
                0x0800e648      0x13c ./mongoose/mongoose.o
                0x0800e648                mg_connect
 .text.mg_listen
                0x0800e784      0x14c ./mongoose/mongoose.o
                0x0800e784                mg_listen
 .text.mg_timer_add
                0x0800e8d0       0x4c ./mongoose/mongoose.o
                0x0800e8d0                mg_timer_add
 .text.mg_mgr_init
                0x0800e91c      0x128 ./mongoose/mongoose.o
                0x0800e91c                mg_mgr_init
 .text.mg_tcpip_call
                0x0800ea44       0x28 ./mongoose/mongoose.o
 .text.mkpay    0x0800ea6c       0x3c ./mongoose/mongoose.o
 .text.csumup   0x0800eaa8       0x56 ./mongoose/mongoose.o
 .text.csumfin  0x0800eafe       0x36 ./mongoose/mongoose.o
 .text.ipcsum   0x0800eb34       0x26 ./mongoose/mongoose.o
 *fill*         0x0800eb5a        0x2 
 .text.settmout
                0x0800eb5c       0xc8 ./mongoose/mongoose.o
 .text.ether_output
                0x0800ec24       0x38 ./mongoose/mongoose.o
 .text.mg_tcpip_arp_request
                0x0800ec5c       0xd0 ./mongoose/mongoose.o
                0x0800ec5c                mg_tcpip_arp_request
 .text.onstatechange
                0x0800ed2c      0x154 ./mongoose/mongoose.o
 .text.tx_ip    0x0800ee80       0xae ./mongoose/mongoose.o
 .text.tx_udp   0x0800ef2e       0xd2 ./mongoose/mongoose.o
 .text.tx_dhcp  0x0800f000      0x120 ./mongoose/mongoose.o
 .text.tx_dhcp_request_sel
                0x0800f120      0x1b0 ./mongoose/mongoose.o
 .text.tx_dhcp_request_re
                0x0800f2d0       0x64 ./mongoose/mongoose.o
 .text.tx_dhcp_discover
                0x0800f334       0x78 ./mongoose/mongoose.o
 .text.getpeer  0x0800f3ac       0xe2 ./mongoose/mongoose.o
 *fill*         0x0800f48e        0x2 
 .text.rx_arp   0x0800f490      0x224 ./mongoose/mongoose.o
 .text.rx_icmp  0x0800f6b4       0xb8 ./mongoose/mongoose.o
 .text.rx_dhcp_client
                0x0800f76c      0x3d0 ./mongoose/mongoose.o
 .text.rx_dhcp_server
                0x0800fb3c      0x3dc ./mongoose/mongoose.o
 .text.rx_udp   0x0800ff18       0xe4 ./mongoose/mongoose.o
 .text.tx_tcp   0x0800fffc      0x1e4 ./mongoose/mongoose.o
 .text.tx_tcp_pkt
                0x080101e0       0x8c ./mongoose/mongoose.o
 .text.accept_conn
                0x0801026c      0x1b0 ./mongoose/mongoose.o
 .text.trim_len
                0x0801041c      0x11c ./mongoose/mongoose.o
 .text.mg_io_send
                0x08010538      0x102 ./mongoose/mongoose.o
                0x08010538                mg_io_send
 *fill*         0x0801063a        0x2 
 .text.handle_tls_recv
                0x0801063c       0xc4 ./mongoose/mongoose.o
 .text.read_conn
                0x08010700      0x430 ./mongoose/mongoose.o
 .text.handle_opt
                0x08010b30       0xbc ./mongoose/mongoose.o
 .text.rx_tcp   0x08010bec      0x290 ./mongoose/mongoose.o
 .text.rx_ip    0x08010e7c      0x2dc ./mongoose/mongoose.o
 .text.rx_ip6   0x08011158       0x84 ./mongoose/mongoose.o
 .text.mg_tcpip_rx
                0x080111dc      0x228 ./mongoose/mongoose.o
 .text.mg_tcpip_poll
                0x08011404      0x4c0 ./mongoose/mongoose.o
 .text.mg_tcpip_qwrite
                0x080118c4       0x5a ./mongoose/mongoose.o
                0x080118c4                mg_tcpip_qwrite
 *fill*         0x0801191e        0x2 
 .text.mg_tcpip_init
                0x08011920      0x1d8 ./mongoose/mongoose.o
                0x08011920                mg_tcpip_init
 .text.send_syn
                0x08011af8       0x66 ./mongoose/mongoose.o
 .text.mac_resolved
                0x08011b5e       0x48 ./mongoose/mongoose.o
 *fill*         0x08011ba6        0x2 
 .text.ip4_mcastmac
                0x08011ba8       0x5c ./mongoose/mongoose.o
 .text.mg_connect_resolved
                0x08011c04      0x1d0 ./mongoose/mongoose.o
                0x08011c04                mg_connect_resolved
 .text.mg_open_listener
                0x08011dd4       0x88 ./mongoose/mongoose.o
                0x08011dd4                mg_open_listener
 .text.write_conn
                0x08011e5c       0x80 ./mongoose/mongoose.o
 .text.init_closure
                0x08011edc       0xa8 ./mongoose/mongoose.o
 .text.close_conn
                0x08011f84       0x26 ./mongoose/mongoose.o
 .text.can_write
                0x08011faa       0x68 ./mongoose/mongoose.o
 *fill*         0x08012012        0x2 
 .text.mg_mgr_poll
                0x08012014      0x264 ./mongoose/mongoose.o
                0x08012014                mg_mgr_poll
 .text.mg_send  0x08012278      0x118 ./mongoose/mongoose.o
                0x08012278                mg_send
 .text.mg_ota_begin
                0x08012390       0x2c ./mongoose/mongoose.o
                0x08012390                mg_ota_begin
 .text.mg_ota_write
                0x080123bc       0x24 ./mongoose/mongoose.o
                0x080123bc                mg_ota_write
 .text.mg_ota_end
                0x080123e0       0xc0 ./mongoose/mongoose.o
                0x080123e0                mg_ota_end
 .text.mg_pfn_iobuf_private
                0x080124a0       0x90 ./mongoose/mongoose.o
 .text.mg_putchar_iobuf_static
                0x08012530       0x20 ./mongoose/mongoose.o
 .text.mg_pfn_iobuf
                0x08012550       0x20 ./mongoose/mongoose.o
                0x08012550                mg_pfn_iobuf
 .text.mg_vsnprintf
                0x08012570       0x50 ./mongoose/mongoose.o
                0x08012570                mg_vsnprintf
 .text.mg_snprintf
                0x080125c0       0x32 ./mongoose/mongoose.o
                0x080125c0                mg_snprintf
 *fill*         0x080125f2        0x2 
 .text.mg_vmprintf
                0x080125f4       0x38 ./mongoose/mongoose.o
                0x080125f4                mg_vmprintf
 .text.mg_mprintf
                0x0801262c       0x2a ./mongoose/mongoose.o
                0x0801262c                mg_mprintf
 .text.mg_pfn_stdout
                0x08012656       0x1c ./mongoose/mongoose.o
                0x08012656                mg_pfn_stdout
 *fill*         0x08012672        0x2 
 .text.print_ip4
                0x08012674       0x48 ./mongoose/mongoose.o
 .text.print_ip6
                0x080126bc       0xbc ./mongoose/mongoose.o
 .text.mg_print_ip4
                0x08012778       0x2e ./mongoose/mongoose.o
                0x08012778                mg_print_ip4
 .text.mg_print_ip
                0x080127a6       0x48 ./mongoose/mongoose.o
                0x080127a6                mg_print_ip
 *fill*         0x080127ee        0x2 
 .text.mg_print_ip_port
                0x080127f0       0x4c ./mongoose/mongoose.o
                0x080127f0                mg_print_ip_port
 .text.mg_print_mac
                0x0801283c       0x6c ./mongoose/mongoose.o
                0x0801283c                mg_print_mac
 .text.mg_esc   0x080128a8       0x7c ./mongoose/mongoose.o
 .text.mg_escape
                0x08012924       0x1a ./mongoose/mongoose.o
 .text.qcpy     0x0801293e       0x86 ./mongoose/mongoose.o
 .text.mg_print_hex
                0x080129c4       0x88 ./mongoose/mongoose.o
                0x080129c4                mg_print_hex
 .text.mg_print_esc
                0x08012a4c       0x58 ./mongoose/mongoose.o
                0x08012a4c                mg_print_esc
 .text.mg_queue_read_len
                0x08012aa4       0x54 ./mongoose/mongoose.o
 .text.mg_queue_write_len
                0x08012af8       0x2c ./mongoose/mongoose.o
 .text.mg_queue_book
                0x08012b24       0xae ./mongoose/mongoose.o
                0x08012b24                mg_queue_book
 *fill*         0x08012bd2        0x2 
 .text.mg_queue_next
                0x08012bd4       0x8c ./mongoose/mongoose.o
                0x08012bd4                mg_queue_next
 .text.mg_queue_add
                0x08012c60       0x70 ./mongoose/mongoose.o
                0x08012c60                mg_queue_add
 .text.mg_queue_del
                0x08012cd0       0x48 ./mongoose/mongoose.o
                0x08012cd0                mg_queue_del
 .text.blk0     0x08012d18       0x58 ./mongoose/mongoose.o
 .text.mg_sha1_transform
                0x08012d70     0x143c ./mongoose/mongoose.o
 .text.mg_sha1_init
                0x080141ac       0x54 ./mongoose/mongoose.o
                0x080141ac                mg_sha1_init
 .text.mg_sha1_update
                0x08014200       0xcc ./mongoose/mongoose.o
                0x08014200                mg_sha1_update
 .text.mg_sha1_final
                0x080142cc       0xe4 ./mongoose/mongoose.o
                0x080142cc                mg_sha1_final
 .text.mg_sha256_init
                0x080143b0       0x78 ./mongoose/mongoose.o
                0x080143b0                mg_sha256_init
 .text.mg_sha256_chunk
                0x08014428      0x410 ./mongoose/mongoose.o
 .text.mg_sha256_update
                0x08014838       0x72 ./mongoose/mongoose.o
                0x08014838                mg_sha256_update
 .text.mg_sha256_final
                0x080148aa      0x270 ./mongoose/mongoose.o
                0x080148aa                mg_sha256_final
 .text.mg_sha256
                0x08014b1a       0x38 ./mongoose/mongoose.o
                0x08014b1a                mg_sha256
 .text.mg_hmac_sha256
                0x08014b52      0x1ce ./mongoose/mongoose.o
                0x08014b52                mg_hmac_sha256
 .text.mg_sha384_transform
                0x08014d20      0xa44 ./mongoose/mongoose.o
 *fill*         0x08015764        0x4 
 .text.mg_sha384_init
                0x08015768       0xd8 ./mongoose/mongoose.o
                0x08015768                mg_sha384_init
 .text.mg_sha384_update
                0x08015840       0xaa ./mongoose/mongoose.o
                0x08015840                mg_sha384_update
 .text.mg_sha384_final
                0x080158ea      0x3dc ./mongoose/mongoose.o
                0x080158ea                mg_sha384_final
 .text.mg_sha384
                0x08015cc6       0x38 ./mongoose/mongoose.o
                0x08015cc6                mg_sha384
 *fill*         0x08015cfe        0x2 
 .text.mg_now   0x08015d00       0x24 ./mongoose/mongoose.o
                0x08015d00                mg_now
 .text.mg_http_serve_ssi
                0x08015d24       0x28 ./mongoose/mongoose.o
                0x08015d24                mg_http_serve_ssi
 .text.mg_str_s
                0x08015d4c       0x3a ./mongoose/mongoose.o
                0x08015d4c                mg_str_s
 .text.mg_str_n
                0x08015d86       0x30 ./mongoose/mongoose.o
                0x08015d86                mg_str_n
 .text.mg_tolc  0x08015db6       0x2a ./mongoose/mongoose.o
 .text.mg_strdup
                0x08015de0       0x6e ./mongoose/mongoose.o
                0x08015de0                mg_strdup
 .text.mg_strcmp
                0x08015e4e       0x84 ./mongoose/mongoose.o
                0x08015e4e                mg_strcmp
 .text.mg_strcasecmp
                0x08015ed2       0x8e ./mongoose/mongoose.o
                0x08015ed2                mg_strcasecmp
 .text.mg_match
                0x08015f60      0x1e8 ./mongoose/mongoose.o
                0x08015f60                mg_match
 .text.mg_span  0x08016148       0xba ./mongoose/mongoose.o
                0x08016148                mg_span
 .text.mg_str_to_num
                0x08016202      0x466 ./mongoose/mongoose.o
                0x08016202                mg_str_to_num
 .text.mg_timer_init
                0x08016668       0x52 ./mongoose/mongoose.o
                0x08016668                mg_timer_init
 .text.mg_timer_free
                0x080166ba       0x42 ./mongoose/mongoose.o
                0x080166ba                mg_timer_free
 .text.mg_timer_expired
                0x080166fc       0xc8 ./mongoose/mongoose.o
                0x080166fc                mg_timer_expired
 .text.mg_timer_poll
                0x080167c4       0xf4 ./mongoose/mongoose.o
                0x080167c4                mg_timer_poll
 .text.mg_tls_hexdump
                0x080168b8       0x50 ./mongoose/mongoose.o
 .text.mg_der_parse
                0x08016908       0xc0 ./mongoose/mongoose.o
 .text.mg_der_next
                0x080169c8       0x56 ./mongoose/mongoose.o
 .text.mg_der_find_oid
                0x08016a1e       0xa0 ./mongoose/mongoose.o
 .text.mg_der_to_tlv
                0x08016abe       0xa8 ./mongoose/mongoose.o
 .text.mg_tls_got_record
                0x08016b66       0x50 ./mongoose/mongoose.o
 .text.mg_tls_drop_record
                0x08016bb6       0x44 ./mongoose/mongoose.o
 *fill*         0x08016bfa        0x2 
 .text.mg_tls_drop_message
                0x08016bfc       0x98 ./mongoose/mongoose.o
 .text.mg_tls_derive_secret
                0x08016c94      0x138 ./mongoose/mongoose.o
 .text.mg_tls_generate_handshake_keys
                0x08016dcc      0x2a0 ./mongoose/mongoose.o
 .text.mg_tls_generate_application_keys
                0x0801706c      0x230 ./mongoose/mongoose.o
 .text.mg_tls_encrypt
                0x0801729c      0x1f8 ./mongoose/mongoose.o
 .text.mg_tls_recv_record
                0x08017494      0x238 ./mongoose/mongoose.o
 .text.mg_tls_calc_cert_verify_hash
                0x080176cc      0x144 ./mongoose/mongoose.o
 .text.mg_tls_server_recv_hello
                0x08017810      0x318 ./mongoose/mongoose.o
 .text.mg_tls_server_send_hello
                0x08017b28      0x168 ./mongoose/mongoose.o
 .text.mg_tls_server_send_ext
                0x08017c90       0x44 ./mongoose/mongoose.o
 .text.mg_tls_server_send_cert
                0x08017cd4      0x1e4 ./mongoose/mongoose.o
 .text.init_SHA256
                0x08017eb8       0x1e ./mongoose/mongoose.o
 .text.update_SHA256
                0x08017ed6       0x26 ./mongoose/mongoose.o
 .text.finish_SHA256
                0x08017efc       0x22 ./mongoose/mongoose.o
 *fill*         0x08017f1e        0x2 
 .text.mg_tls_send_cert_verify
                0x08017f20      0x268 ./mongoose/mongoose.o
 .text.mg_tls_server_send_finish
                0x08018188       0x90 ./mongoose/mongoose.o
 .text.mg_tls_server_recv_finish
                0x08018218       0x80 ./mongoose/mongoose.o
 .text.mg_tls_client_send_hello
                0x08018298      0x3c4 ./mongoose/mongoose.o
 .text.mg_tls_client_recv_hello
                0x0801865c      0x274 ./mongoose/mongoose.o
 .text.mg_tls_client_recv_ext
                0x080188d0       0x60 ./mongoose/mongoose.o
 .text.mg_der_debug_cert_name
                0x08018930      0x14c ./mongoose/mongoose.o
 .text.mg_tls_parse_cert_der
                0x08018a7c      0x768 ./mongoose/mongoose.o
 .text.mg_tls_verify_cert_san
                0x080191e4      0x100 ./mongoose/mongoose.o
 .text.mg_tls_verify_cert_signature
                0x080192e4      0x318 ./mongoose/mongoose.o
 .text.mg_tls_client_recv_cert
                0x080195fc      0x4fc ./mongoose/mongoose.o
 .text.mg_tls_client_recv_cert_verify
                0x08019af8      0x450 ./mongoose/mongoose.o
 .text.mg_tls_client_recv_finish
                0x08019f48       0x60 ./mongoose/mongoose.o
 .text.mg_tls_client_send_finish
                0x08019fa8       0x80 ./mongoose/mongoose.o
 .text.mg_tls_client_handshake
                0x0801a028      0x21c ./mongoose/mongoose.o
 .text.mg_tls_server_handshake
                0x0801a244       0xa0 ./mongoose/mongoose.o
 .text.mg_tls_handshake
                0x0801a2e4       0x66 ./mongoose/mongoose.o
                0x0801a2e4                mg_tls_handshake
 *fill*         0x0801a34a        0x2 
 .text.mg_parse_pem
                0x0801a34c      0x140 ./mongoose/mongoose.o
 .text.mg_tls_init
                0x0801a48c      0x2f8 ./mongoose/mongoose.o
                0x0801a48c                mg_tls_init
 .text.mg_tls_free
                0x0801a784       0x54 ./mongoose/mongoose.o
                0x0801a784                mg_tls_free
 .text.mg_tls_send
                0x0801a7d8      0x148 ./mongoose/mongoose.o
                0x0801a7d8                mg_tls_send
 .text.mg_tls_recv
                0x0801a920       0xa8 ./mongoose/mongoose.o
                0x0801a920                mg_tls_recv
 .text.mg_tls_pending
                0x0801a9c8       0x2a ./mongoose/mongoose.o
                0x0801a9c8                mg_tls_pending
 .text.mg_tls_flush
                0x0801a9f2       0x48 ./mongoose/mongoose.o
                0x0801a9f2                mg_tls_flush
 .text.mg_tls_ctx_init
                0x0801aa3a       0x14 ./mongoose/mongoose.o
                0x0801aa3a                mg_tls_ctx_init
 *fill*         0x0801aa4e        0x2 
 .text.initialize_state
                0x0801aa50       0xd0 ./mongoose/mongoose.o
 .text.core_block
                0x0801ab20      0x4a4 ./mongoose/mongoose.o
 .text.xor_block
                0x0801afc4      0x116 ./mongoose/mongoose.o
 .text.chacha20_xor_stream
                0x0801b0da       0xf0 ./mongoose/mongoose.o
 .text.rfc8439_keygen
                0x0801b1ca       0x40 ./mongoose/mongoose.o
 .text.U8TO32   0x0801b20a       0x38 ./mongoose/mongoose.o
 .text.U32TO8   0x0801b242       0x42 ./mongoose/mongoose.o
 .text.poly1305_init
                0x0801b284       0xf8 ./mongoose/mongoose.o
 .text.poly1305_blocks
                0x0801b37c      0xe06 ./mongoose/mongoose.o
 .text.poly1305_finish
                0x0801c182      0x4b8 ./mongoose/mongoose.o
 .text.poly1305_update
                0x0801c63a      0x106 ./mongoose/mongoose.o
 .text.pad_if_needed
                0x0801c740       0x34 ./mongoose/mongoose.o
 .text.write_64bit_int
                0x0801c774       0xbe ./mongoose/mongoose.o
 .text.poly1305_calculate_mac
                0x0801c832       0xcc ./mongoose/mongoose.o
 .text.mg_chacha20_poly1305_encrypt
                0x0801c8fe       0x70 ./mongoose/mongoose.o
                0x0801c8fe                mg_chacha20_poly1305_encrypt
 .text.mg_chacha20_poly1305_decrypt
                0x0801c96e       0x54 ./mongoose/mongoose.o
                0x0801c96e                mg_chacha20_poly1305_decrypt
 .text.bi_initialize
                0x0801c9c2       0x4a ./mongoose/mongoose.o
 .text.bi_copy  0x0801ca0c       0x30 ./mongoose/mongoose.o
 .text.bi_permanent
                0x0801ca3c       0x28 ./mongoose/mongoose.o
 .text.bi_depermanent
                0x0801ca64       0x28 ./mongoose/mongoose.o
 .text.bi_free  0x0801ca8c       0x64 ./mongoose/mongoose.o
 .text.int_to_bi
                0x0801caf0       0x26 ./mongoose/mongoose.o
 .text.bi_clone
                0x0801cb16       0x3a ./mongoose/mongoose.o
 .text.bi_add   0x0801cb50       0xba ./mongoose/mongoose.o
 .text.bi_subtract
                0x0801cc0a       0xb0 ./mongoose/mongoose.o
 .text.bi_int_multiply
                0x0801ccba      0x106 ./mongoose/mongoose.o
 .text.bi_divide
                0x0801cdc0      0x46c ./mongoose/mongoose.o
 .text.bi_int_divide
                0x0801d22c       0xb2 ./mongoose/mongoose.o
 .text.bi_import
                0x0801d2de       0xa2 ./mongoose/mongoose.o
 .text.bi_export
                0x0801d380       0xa0 ./mongoose/mongoose.o
 .text.bi_set_mod
                0x0801d420       0x94 ./mongoose/mongoose.o
 .text.regular_multiply
                0x0801d4b4      0x19c ./mongoose/mongoose.o
 .text.bi_multiply
                0x0801d650       0x26 ./mongoose/mongoose.o
 .text.bi_compare
                0x0801d676       0xaa ./mongoose/mongoose.o
 .text.more_comps
                0x0801d720       0xb8 ./mongoose/mongoose.o
 .text.alloc    0x0801d7d8       0x90 ./mongoose/mongoose.o
 .text.find_max_exp_index
                0x0801d868       0x66 ./mongoose/mongoose.o
 .text.exp_bit_is_one
                0x0801d8ce       0x6c ./mongoose/mongoose.o
 .text.trim     0x0801d93a       0x50 ./mongoose/mongoose.o
 .text.bi_mod_power
                0x0801d98a      0x1d8 ./mongoose/mongoose.o
 .text.mg_rsa_mod_pow
                0x0801db62       0x8a ./mongoose/mongoose.o
                0x0801db62                mg_rsa_mod_pow
 .text.mg_uecc_vli_clear
                0x0801dbec       0x42 ./mongoose/mongoose.o
 .text.mg_uecc_vli_isZero
                0x0801dc2e       0x54 ./mongoose/mongoose.o
 .text.mg_uecc_vli_testBit
                0x0801dc82       0x36 ./mongoose/mongoose.o
 .text.vli_numDigits
                0x0801dcb8       0x4a ./mongoose/mongoose.o
 .text.mg_uecc_vli_numBits
                0x0801dd02       0x72 ./mongoose/mongoose.o
 .text.mg_uecc_vli_set
                0x0801dd74       0x4e ./mongoose/mongoose.o
 .text.mg_uecc_vli_cmp_unsafe
                0x0801ddc2       0x78 ./mongoose/mongoose.o
 .text.mg_uecc_vli_equal
                0x0801de3a       0x64 ./mongoose/mongoose.o
 .text.mg_uecc_vli_cmp
                0x0801de9e       0x62 ./mongoose/mongoose.o
 .text.mg_uecc_vli_rshift1
                0x0801df00       0x54 ./mongoose/mongoose.o
 .text.mg_uecc_vli_add
                0x0801df54       0x94 ./mongoose/mongoose.o
 .text.mg_uecc_vli_sub
                0x0801dfe8       0x94 ./mongoose/mongoose.o
 .text.muladd   0x0801e07c       0xd4 ./mongoose/mongoose.o
 .text.mg_uecc_vli_mult
                0x0801e150      0x140 ./mongoose/mongoose.o
 .text.mg_uecc_vli_modAdd
                0x0801e290       0x4e ./mongoose/mongoose.o
 .text.mg_uecc_vli_modSub
                0x0801e2de       0x3a ./mongoose/mongoose.o
 .text.mg_uecc_vli_mmod
                0x0801e318      0x278 ./mongoose/mongoose.o
 .text.mg_uecc_vli_modMult
                0x0801e590       0x36 ./mongoose/mongoose.o
 .text.mg_uecc_vli_modMult_fast
                0x0801e5c6       0x38 ./mongoose/mongoose.o
 .text.mg_uecc_vli_modSquare_fast
                0x0801e5fe       0x20 ./mongoose/mongoose.o
 .text.vli_modInv_update
                0x0801e61e       0x70 ./mongoose/mongoose.o
 .text.mg_uecc_vli_modInv
                0x0801e68e      0x1f2 ./mongoose/mongoose.o
 .text.double_jacobian_default
                0x0801e880      0x1fe ./mongoose/mongoose.o
 .text.x_side_default
                0x0801ea7e       0x76 ./mongoose/mongoose.o
 .text.mod_sqrt_default
                0x0801eaf4       0xca ./mongoose/mongoose.o
 *fill*         0x0801ebbe        0x2 
 .text.mg_uecc_secp256r1
                0x0801ebc0       0x14 ./mongoose/mongoose.o
                0x0801ebc0                mg_uecc_secp256r1
 .text.vli_mmod_fast_secp256r1
                0x0801ebd4      0x2b4 ./mongoose/mongoose.o
 .text.apply_z  0x0801ee88       0x50 ./mongoose/mongoose.o
 .text.XYcZ_initial_double
                0x0801eed8       0x94 ./mongoose/mongoose.o
 .text.XYcZ_add
                0x0801ef6c      0x134 ./mongoose/mongoose.o
 .text.XYcZ_addC
                0x0801f0a0      0x1e2 ./mongoose/mongoose.o
 .text.EccPoint_mult
                0x0801f282      0x2c2 ./mongoose/mongoose.o
 .text.regularize_k
                0x0801f544       0x82 ./mongoose/mongoose.o
 *fill*         0x0801f5c6        0x2 
 .text.mg_uecc_generate_random_int
                0x0801f5c8       0xd4 ./mongoose/mongoose.o
 .text.mg_uecc_vli_nativeToBytes
                0x0801f69c       0x5a ./mongoose/mongoose.o
 .text.mg_uecc_vli_bytesToNative
                0x0801f6f6       0x78 ./mongoose/mongoose.o
 .text.bits2int
                0x0801f76e       0xe4 ./mongoose/mongoose.o
 *fill*         0x0801f852        0x2 
 .text.mg_uecc_sign_with_k_internal
                0x0801f854      0x2d8 ./mongoose/mongoose.o
 .text.HMAC_init
                0x0801fb2c       0x7e ./mongoose/mongoose.o
 .text.HMAC_update
                0x0801fbaa       0x20 ./mongoose/mongoose.o
 .text.HMAC_finish
                0x0801fbca       0xa2 ./mongoose/mongoose.o
 .text.update_V
                0x0801fc6c       0x34 ./mongoose/mongoose.o
 .text.mg_uecc_sign_deterministic
                0x0801fca0      0x22c ./mongoose/mongoose.o
                0x0801fca0                mg_uecc_sign_deterministic
 .text.smax     0x0801fecc       0x2c ./mongoose/mongoose.o
 .text.mg_uecc_verify
                0x0801fef8      0x598 ./mongoose/mongoose.o
                0x0801fef8                mg_uecc_verify
 .text.umaal    0x08020490       0x9c ./mongoose/mongoose.o
 .text.adc      0x0802052c       0x6e ./mongoose/mongoose.o
 .text.adc0     0x0802059a       0x4c ./mongoose/mongoose.o
 .text.propagate
                0x080205e6       0x74 ./mongoose/mongoose.o
 .text.add      0x0802065a       0x60 ./mongoose/mongoose.o
 .text.sub      0x080206ba       0xa2 ./mongoose/mongoose.o
 .text.mul      0x0802075c       0xfa ./mongoose/mongoose.o
 .text.sqr      0x08020856       0x1e ./mongoose/mongoose.o
 .text.mul1     0x08020874       0x1e ./mongoose/mongoose.o
 .text.sqr1     0x08020892       0x18 ./mongoose/mongoose.o
 .text.condswap
                0x080208aa       0x78 ./mongoose/mongoose.o
 .text.canon    0x08020922       0xe4 ./mongoose/mongoose.o
 *fill*         0x08020a06        0x2 
 .text.ladder_part1
                0x08020a08       0xa8 ./mongoose/mongoose.o
 .text.ladder_part2
                0x08020ab0       0x5c ./mongoose/mongoose.o
 .text.x25519_core
                0x08020b0c      0x15c ./mongoose/mongoose.o
 .text.mg_tls_x25519
                0x08020c68      0x198 ./mongoose/mongoose.o
                0x08020c68                mg_tls_x25519
 .text.mg_url_is_ssl
                0x08020e00       0x90 ./mongoose/mongoose.o
                0x08020e00                mg_url_is_ssl
 .text.urlparse
                0x08020e90      0x102 ./mongoose/mongoose.o
 .text.mg_url_host
                0x08020f92       0x66 ./mongoose/mongoose.o
                0x08020f92                mg_url_host
 .text.mg_url_port
                0x08020ff8       0xc8 ./mongoose/mongoose.o
                0x08020ff8                mg_url_port
 .text.mg_bzero
                0x080210c0       0x32 ./mongoose/mongoose.o
                0x080210c0                mg_bzero
 *fill*         0x080210f2        0x2 
 .text.mg_random_str
                0x080210f4       0x8c ./mongoose/mongoose.o
                0x080210f4                mg_random_str
 .text.mg_crc32
                0x08021180       0x74 ./mongoose/mongoose.o
                0x08021180                mg_crc32
 .text.mg_path_is_sane
                0x080211f4       0x8c ./mongoose/mongoose.o
                0x080211f4                mg_path_is_sane
 .text.mg_ntohs
                0x08021280       0x2e ./mongoose/mongoose.o
                0x08021280                mg_ntohs
 .text.mg_ntohl
                0x080212ae       0x36 ./mongoose/mongoose.o
                0x080212ae                mg_ntohl
 .text.mg_ws_vprintf
                0x080212e4       0x48 ./mongoose/mongoose.o
                0x080212e4                mg_ws_vprintf
 .text.mg_ws_printf
                0x0802132c       0x36 ./mongoose/mongoose.o
                0x0802132c                mg_ws_printf
 *fill*         0x08021362        0x2 
 .text.ws_handshake
                0x08021364       0xc8 ./mongoose/mongoose.o
 .text.be32     0x0802142c       0x38 ./mongoose/mongoose.o
 .text.ws_process
                0x08021464      0x150 ./mongoose/mongoose.o
 .text.mkhdr    0x080215b4       0xe2 ./mongoose/mongoose.o
 .text.mg_ws_mask
                0x08021696       0x78 ./mongoose/mongoose.o
 *fill*         0x0802170e        0x2 
 .text.mg_ws_send
                0x08021710       0xb4 ./mongoose/mongoose.o
                0x08021710                mg_ws_send
 .text.mg_ws_client_handshake
                0x080217c4      0x12c ./mongoose/mongoose.o
 .text.mg_ws_cb
                0x080218f0      0x2b8 ./mongoose/mongoose.o
 .text.mg_ws_upgrade
                0x08021ba8       0xb4 ./mongoose/mongoose.o
                0x08021ba8                mg_ws_upgrade
 .text.mg_ws_wrap
                0x08021c5c       0x92 ./mongoose/mongoose.o
                0x08021c5c                mg_ws_wrap
 *fill*         0x08021cee        0x2 
 .text.mg_phy_id_to_str
                0x08021cf0      0x114 ./mongoose/mongoose.o
 .text.mg_phy_init
                0x08021e04      0x170 ./mongoose/mongoose.o
                0x08021e04                mg_phy_init
 .text.mg_phy_up
                0x08021f74      0x22a ./mongoose/mongoose.o
                0x08021f74                mg_phy_up
 *fill*         0x0802219e        0x2 
 .text.eth_read_phy
                0x080221a0       0x74 ./mongoose/mongoose.o
 .text.eth_write_phy
                0x08022214       0x78 ./mongoose/mongoose.o
 .text.mg_tcpip_driver_stm32h_init
                0x0802228c      0x270 ./mongoose/mongoose.o
 .text.mg_tcpip_driver_stm32h_tx
                0x080224fc      0x1b8 ./mongoose/mongoose.o
 .text.mg_tcpip_driver_stm32h_update_hash_table
                0x080226b4       0x64 ./mongoose/mongoose.o
 .text.mg_tcpip_driver_stm32h_poll
                0x08022718      0x124 ./mongoose/mongoose.o
 .text.ETH_IRQHandler
                0x0802283c      0x120 ./mongoose/mongoose.o
                0x0802283c                ETH_IRQHandler
 .text.scmp     0x0802295c       0x44 ./mongoose/mongoose_fs.o
 .text.mg_unlist
                0x080229a0       0x28 ./mongoose/mongoose_fs.o
                0x080229a0                mg_unlist
 .text.mg_unpack
                0x080229c8       0x6c ./mongoose/mongoose_fs.o
                0x080229c8                mg_unpack
 .text.glue_modbus_read_reg
                0x08022a34       0x9c ./mongoose/mongoose_glue.o
                0x08022a34                glue_modbus_read_reg
 .text.ws_voltage
                0x08022ad0       0x3c ./mongoose/mongoose_glue.o
                0x08022ad0                ws_voltage
 .text.glue_modbus_write_reg
                0x08022b0c       0x9c ./mongoose/mongoose_glue.o
                0x08022b0c                glue_modbus_write_reg
 .text.glue_get_local_reg
                0x08022ba8       0x50 ./mongoose/mongoose_glue.o
                0x08022ba8                glue_get_local_reg
 .text.glue_authenticate
                0x08022bf8       0x64 ./mongoose/mongoose_glue.o
                0x08022bf8                glue_authenticate
 .text.glue_check_reboot
                0x08022c5c       0x24 ./mongoose/mongoose_glue.o
                0x08022c5c                glue_check_reboot
 .text.glue_start_reboot
                0x08022c80       0x60 ./mongoose/mongoose_glue.o
                0x08022c80                glue_start_reboot
 .text.glue_check_reformat
                0x08022ce0       0x24 ./mongoose/mongoose_glue.o
                0x08022ce0                glue_check_reformat
 .text.glue_start_reformat
                0x08022d04       0x60 ./mongoose/mongoose_glue.o
                0x08022d04                glue_start_reformat
 .text.glue_ota_begin_firmware_update
                0x08022d64       0x58 ./mongoose/mongoose_glue.o
                0x08022d64                glue_ota_begin_firmware_update
 .text.glue_ota_end_firmware_update
                0x08022dbc       0x34 ./mongoose/mongoose_glue.o
                0x08022dbc                glue_ota_end_firmware_update
 .text.glue_ota_write_firmware_update
                0x08022df0       0x50 ./mongoose/mongoose_glue.o
                0x08022df0                glue_ota_write_firmware_update
 .text.glue_upload_open_file_upload
                0x08022e40       0x84 ./mongoose/mongoose_glue.o
                0x08022e40                glue_upload_open_file_upload
 .text.glue_upload_close_file_upload
                0x08022ec4       0x40 ./mongoose/mongoose_glue.o
                0x08022ec4                glue_upload_close_file_upload
 .text.glue_upload_write_file_upload
                0x08022f04       0x48 ./mongoose/mongoose_glue.o
                0x08022f04                glue_upload_write_file_upload
 .text.glue_reply_graph_data
                0x08022f4c       0x38 ./mongoose/mongoose_glue.o
                0x08022f4c                glue_reply_graph_data
 .text.glue_get_state
                0x08022f84       0x6c ./mongoose/mongoose_glue.o
                0x08022f84                glue_get_state
 .text.glue_get_leds
                0x08022ff0       0x74 ./mongoose/mongoose_glue.o
                0x08022ff0                glue_get_leds
 .text.glue_set_leds
                0x08023064       0x54 ./mongoose/mongoose_glue.o
                0x08023064                glue_set_leds
 .text.glue_get_network_settings
                0x080230b8       0x48 ./mongoose/mongoose_glue.o
                0x080230b8                glue_get_network_settings
 .text.glue_set_network_settings
                0x08023100       0x48 ./mongoose/mongoose_glue.o
                0x08023100                glue_set_network_settings
 .text.glue_get_settings
                0x08023148       0x24 ./mongoose/mongoose_glue.o
                0x08023148                glue_get_settings
 .text.glue_set_settings
                0x0802316c       0x24 ./mongoose/mongoose_glue.o
                0x0802316c                glue_set_settings
 .text.glue_get_security
                0x08023190       0x24 ./mongoose/mongoose_glue.o
                0x08023190                glue_get_security
 .text.glue_set_security
                0x080231b4       0x24 ./mongoose/mongoose_glue.o
                0x080231b4                glue_set_security
 .text.glue_reply_loglevels
                0x080231d8       0x38 ./mongoose/mongoose_glue.o
                0x080231d8                glue_reply_loglevels
 .text.glue_reply_events
                0x08023210       0x38 ./mongoose/mongoose_glue.o
                0x08023210                glue_reply_events
 .text.get_api_handler
                0x08023248       0x9c ./mongoose/mongoose_impl.o
 .text.find_handler
                0x080232e4       0x58 ./mongoose/mongoose_impl.o
 .text.mg_json_get_str2
                0x0802333c       0x58 ./mongoose/mongoose_impl.o
                0x0802333c                mg_json_get_str2
 .text.authenticate
                0x08023394      0x1c8 ./mongoose/mongoose_impl.o
 .text.handle_login
                0x0802355c       0xdc ./mongoose/mongoose_impl.o
 .text.handle_logout
                0x08023638       0x70 ./mongoose/mongoose_impl.o
 .text.close_uploaded_file
                0x080236a8       0x42 ./mongoose/mongoose_impl.o
 *fill*         0x080236ea        0x2 
 .text.file_closer
                0x080236ec       0x48 ./mongoose/mongoose_impl.o
 .text.file_writer
                0x08023734       0x68 ./mongoose/mongoose_impl.o
 .text.upload_handler
                0x0802379c      0x1b4 ./mongoose/mongoose_impl.o
 .text.get_file_name_from_uri
                0x08023950       0x60 ./mongoose/mongoose_impl.o
 .text.prep_upload
                0x080239b0      0x108 ./mongoose/mongoose_impl.o
 .text.handle_uploads
                0x08023ab8       0xe4 ./mongoose/mongoose_impl.o
 .text.handle_action
                0x08023b9c       0x88 ./mongoose/mongoose_impl.o
 .text.print_struct
                0x08023c24      0x210 ./mongoose/mongoose_impl.o
                0x08023c24                print_struct
 .text.handle_object
                0x08023e34      0x238 ./mongoose/mongoose_impl.o
 .text.print_array
                0x0802406c      0x108 ./mongoose/mongoose_impl.o
 .text.handle_array
                0x08024174       0xfc ./mongoose/mongoose_impl.o
 .text.handle_file
                0x08024270       0x32 ./mongoose/mongoose_impl.o
 *fill*         0x080242a2        0x2 
 .text.handle_api_call
                0x080242a4       0xfc ./mongoose/mongoose_impl.o
 .text.glue_update_state
                0x080243a0       0x1c ./mongoose/mongoose_impl.o
                0x080243a0                glue_update_state
 .text.http_ev_handler
                0x080243bc      0x46c ./mongoose/mongoose_impl.o
 .text.mongoose_add_ws_handler
                0x08024828       0x7c ./mongoose/mongoose_impl.o
                0x08024828                mongoose_add_ws_handler
 .text.send_websocket_data
                0x080248a4       0xc4 ./mongoose/mongoose_impl.o
 .text.handle_modbus_pdu
                0x08024968      0x4a0 ./mongoose/mongoose_impl.o
 .text.modbus_ev_handler
                0x08024e08       0xa0 ./mongoose/mongoose_impl.o
 .text.mongoose_init
                0x08024ea8       0xc4 ./mongoose/mongoose_impl.o
                0x08024ea8                mongoose_init
 .text.mongoose_poll
                0x08024f6c       0x18 ./mongoose/mongoose_impl.o
                0x08024f6c                mongoose_poll
 .text.abort    0x08024f84        0xe C:/ST/STM32CubeIDE_1.18.1/STM32CubeIDE/plugins/com.st.stm32cube.ide.mcu.externaltools.gnu-tools-for-stm32.13.3.rel1.win32_1.0.0.202411081344/tools/bin/../lib/gcc/arm-none-eabi/13.3.1/../../../../arm-none-eabi/lib/thumb/v7e-m+dp/hard\libc_nano.a(libc_a-abort.o)
                0x08024f84                abort
 *fill*         0x08024f92        0x2 
 .text.__assert_func
                0x08024f94       0x3c C:/ST/STM32CubeIDE_1.18.1/STM32CubeIDE/plugins/com.st.stm32cube.ide.mcu.externaltools.gnu-tools-for-stm32.13.3.rel1.win32_1.0.0.202411081344/tools/bin/../lib/gcc/arm-none-eabi/13.3.1/../../../../arm-none-eabi/lib/thumb/v7e-m+dp/hard\libc_nano.a(libc_a-assert.o)
                0x08024f94                __assert_func
 .text.atoi     0x08024fd0        0x8 C:/ST/STM32CubeIDE_1.18.1/STM32CubeIDE/plugins/com.st.stm32cube.ide.mcu.externaltools.gnu-tools-for-stm32.13.3.rel1.win32_1.0.0.202411081344/tools/bin/../lib/gcc/arm-none-eabi/13.3.1/../../../../arm-none-eabi/lib/thumb/v7e-m+dp/hard\libc_nano.a(libc_a-atoi.o)
                0x08024fd0                atoi
 .text.calloc   0x08024fd8       0x10 C:/ST/STM32CubeIDE_1.18.1/STM32CubeIDE/plugins/com.st.stm32cube.ide.mcu.externaltools.gnu-tools-for-stm32.13.3.rel1.win32_1.0.0.202411081344/tools/bin/../lib/gcc/arm-none-eabi/13.3.1/../../../../arm-none-eabi/lib/thumb/v7e-m+dp/hard\libc_nano.a(libc_a-calloc.o)
                0x08024fd8                calloc
 .text._calloc_r
                0x08024fe8       0x28 C:/ST/STM32CubeIDE_1.18.1/STM32CubeIDE/plugins/com.st.stm32cube.ide.mcu.externaltools.gnu-tools-for-stm32.13.3.rel1.win32_1.0.0.202411081344/tools/bin/../lib/gcc/arm-none-eabi/13.3.1/../../../../arm-none-eabi/lib/thumb/v7e-m+dp/hard\libc_nano.a(libc_a-callocr.o)
                0x08024fe8                _calloc_r
 .text.malloc   0x08025010       0x10 C:/ST/STM32CubeIDE_1.18.1/STM32CubeIDE/plugins/com.st.stm32cube.ide.mcu.externaltools.gnu-tools-for-stm32.13.3.rel1.win32_1.0.0.202411081344/tools/bin/../lib/gcc/arm-none-eabi/13.3.1/../../../../arm-none-eabi/lib/thumb/v7e-m+dp/hard\libc_nano.a(libc_a-malloc.o)
                0x08025010                malloc
 .text.free     0x08025020       0x10 C:/ST/STM32CubeIDE_1.18.1/STM32CubeIDE/plugins/com.st.stm32cube.ide.mcu.externaltools.gnu-tools-for-stm32.13.3.rel1.win32_1.0.0.202411081344/tools/bin/../lib/gcc/arm-none-eabi/13.3.1/../../../../arm-none-eabi/lib/thumb/v7e-m+dp/hard\libc_nano.a(libc_a-malloc.o)
                0x08025020                free
 .text.sbrk_aligned
                0x08025030       0x44 C:/ST/STM32CubeIDE_1.18.1/STM32CubeIDE/plugins/com.st.stm32cube.ide.mcu.externaltools.gnu-tools-for-stm32.13.3.rel1.win32_1.0.0.202411081344/tools/bin/../lib/gcc/arm-none-eabi/13.3.1/../../../../arm-none-eabi/lib/thumb/v7e-m+dp/hard\libc_nano.a(libc_a-mallocr.o)
 .text._malloc_r
                0x08025074      0x100 C:/ST/STM32CubeIDE_1.18.1/STM32CubeIDE/plugins/com.st.stm32cube.ide.mcu.externaltools.gnu-tools-for-stm32.13.3.rel1.win32_1.0.0.202411081344/tools/bin/../lib/gcc/arm-none-eabi/13.3.1/../../../../arm-none-eabi/lib/thumb/v7e-m+dp/hard\libc_nano.a(libc_a-mallocr.o)
                0x08025074                _malloc_r
 .text.__malloc_lock
                0x08025174        0xc C:/ST/STM32CubeIDE_1.18.1/STM32CubeIDE/plugins/com.st.stm32cube.ide.mcu.externaltools.gnu-tools-for-stm32.13.3.rel1.win32_1.0.0.202411081344/tools/bin/../lib/gcc/arm-none-eabi/13.3.1/../../../../arm-none-eabi/lib/thumb/v7e-m+dp/hard\libc_nano.a(libc_a-mlock.o)
                0x08025174                __malloc_lock
 .text.__malloc_unlock
                0x08025180        0xc C:/ST/STM32CubeIDE_1.18.1/STM32CubeIDE/plugins/com.st.stm32cube.ide.mcu.externaltools.gnu-tools-for-stm32.13.3.rel1.win32_1.0.0.202411081344/tools/bin/../lib/gcc/arm-none-eabi/13.3.1/../../../../arm-none-eabi/lib/thumb/v7e-m+dp/hard\libc_nano.a(libc_a-mlock.o)
                0x08025180                __malloc_unlock
 .text.srand    0x0802518c       0x5c C:/ST/STM32CubeIDE_1.18.1/STM32CubeIDE/plugins/com.st.stm32cube.ide.mcu.externaltools.gnu-tools-for-stm32.13.3.rel1.win32_1.0.0.202411081344/tools/bin/../lib/gcc/arm-none-eabi/13.3.1/../../../../arm-none-eabi/lib/thumb/v7e-m+dp/hard\libc_nano.a(libc_a-rand.o)
                0x0802518c                srand
 .text._strtol_l.isra.0
                0x080251e8       0xf4 C:/ST/STM32CubeIDE_1.18.1/STM32CubeIDE/plugins/com.st.stm32cube.ide.mcu.externaltools.gnu-tools-for-stm32.13.3.rel1.win32_1.0.0.202411081344/tools/bin/../lib/gcc/arm-none-eabi/13.3.1/../../../../arm-none-eabi/lib/thumb/v7e-m+dp/hard\libc_nano.a(libc_a-strtol.o)
 .text.strtol   0x080252dc       0x14 C:/ST/STM32CubeIDE_1.18.1/STM32CubeIDE/plugins/com.st.stm32cube.ide.mcu.externaltools.gnu-tools-for-stm32.13.3.rel1.win32_1.0.0.202411081344/tools/bin/../lib/gcc/arm-none-eabi/13.3.1/../../../../arm-none-eabi/lib/thumb/v7e-m+dp/hard\libc_nano.a(libc_a-strtol.o)
                0x080252dc                strtol
 .text.std      0x080252f0       0x6c C:/ST/STM32CubeIDE_1.18.1/STM32CubeIDE/plugins/com.st.stm32cube.ide.mcu.externaltools.gnu-tools-for-stm32.13.3.rel1.win32_1.0.0.202411081344/tools/bin/../lib/gcc/arm-none-eabi/13.3.1/../../../../arm-none-eabi/lib/thumb/v7e-m+dp/hard\libc_nano.a(libc_a-findfp.o)
 .text.stdio_exit_handler
                0x0802535c       0x18 C:/ST/STM32CubeIDE_1.18.1/STM32CubeIDE/plugins/com.st.stm32cube.ide.mcu.externaltools.gnu-tools-for-stm32.13.3.rel1.win32_1.0.0.202411081344/tools/bin/../lib/gcc/arm-none-eabi/13.3.1/../../../../arm-none-eabi/lib/thumb/v7e-m+dp/hard\libc_nano.a(libc_a-findfp.o)
 .text.cleanup_stdio
                0x08025374       0x40 C:/ST/STM32CubeIDE_1.18.1/STM32CubeIDE/plugins/com.st.stm32cube.ide.mcu.externaltools.gnu-tools-for-stm32.13.3.rel1.win32_1.0.0.202411081344/tools/bin/../lib/gcc/arm-none-eabi/13.3.1/../../../../arm-none-eabi/lib/thumb/v7e-m+dp/hard\libc_nano.a(libc_a-findfp.o)
 .text.global_stdio_init.part.0
                0x080253b4       0x3c C:/ST/STM32CubeIDE_1.18.1/STM32CubeIDE/plugins/com.st.stm32cube.ide.mcu.externaltools.gnu-tools-for-stm32.13.3.rel1.win32_1.0.0.202411081344/tools/bin/../lib/gcc/arm-none-eabi/13.3.1/../../../../arm-none-eabi/lib/thumb/v7e-m+dp/hard\libc_nano.a(libc_a-findfp.o)
 .text.__sfp_lock_acquire
                0x080253f0        0xc C:/ST/STM32CubeIDE_1.18.1/STM32CubeIDE/plugins/com.st.stm32cube.ide.mcu.externaltools.gnu-tools-for-stm32.13.3.rel1.win32_1.0.0.202411081344/tools/bin/../lib/gcc/arm-none-eabi/13.3.1/../../../../arm-none-eabi/lib/thumb/v7e-m+dp/hard\libc_nano.a(libc_a-findfp.o)
                0x080253f0                __sfp_lock_acquire
 .text.__sfp_lock_release
                0x080253fc        0xc C:/ST/STM32CubeIDE_1.18.1/STM32CubeIDE/plugins/com.st.stm32cube.ide.mcu.externaltools.gnu-tools-for-stm32.13.3.rel1.win32_1.0.0.202411081344/tools/bin/../lib/gcc/arm-none-eabi/13.3.1/../../../../arm-none-eabi/lib/thumb/v7e-m+dp/hard\libc_nano.a(libc_a-findfp.o)
                0x080253fc                __sfp_lock_release
 .text.__sinit  0x08025408       0x30 C:/ST/STM32CubeIDE_1.18.1/STM32CubeIDE/plugins/com.st.stm32cube.ide.mcu.externaltools.gnu-tools-for-stm32.13.3.rel1.win32_1.0.0.202411081344/tools/bin/../lib/gcc/arm-none-eabi/13.3.1/../../../../arm-none-eabi/lib/thumb/v7e-m+dp/hard\libc_nano.a(libc_a-findfp.o)
                0x08025408                __sinit
 .text.fprintf  0x08025438       0x24 C:/ST/STM32CubeIDE_1.18.1/STM32CubeIDE/plugins/com.st.stm32cube.ide.mcu.externaltools.gnu-tools-for-stm32.13.3.rel1.win32_1.0.0.202411081344/tools/bin/../lib/gcc/arm-none-eabi/13.3.1/../../../../arm-none-eabi/lib/thumb/v7e-m+dp/hard\libc_nano.a(libc_a-fprintf.o)
                0x08025438                fiprintf
                0x08025438                fprintf
 .text._fwalk_sglue
                0x0802545c       0x3c C:/ST/STM32CubeIDE_1.18.1/STM32CubeIDE/plugins/com.st.stm32cube.ide.mcu.externaltools.gnu-tools-for-stm32.13.3.rel1.win32_1.0.0.202411081344/tools/bin/../lib/gcc/arm-none-eabi/13.3.1/../../../../arm-none-eabi/lib/thumb/v7e-m+dp/hard\libc_nano.a(libc_a-fwalk.o)
                0x0802545c                _fwalk_sglue
 .text.printf   0x08025498       0x24 C:/ST/STM32CubeIDE_1.18.1/STM32CubeIDE/plugins/com.st.stm32cube.ide.mcu.externaltools.gnu-tools-for-stm32.13.3.rel1.win32_1.0.0.202411081344/tools/bin/../lib/gcc/arm-none-eabi/13.3.1/../../../../arm-none-eabi/lib/thumb/v7e-m+dp/hard\libc_nano.a(libc_a-printf.o)
                0x08025498                iprintf
                0x08025498                printf
 .text.putchar  0x080254bc       0x10 C:/ST/STM32CubeIDE_1.18.1/STM32CubeIDE/plugins/com.st.stm32cube.ide.mcu.externaltools.gnu-tools-for-stm32.13.3.rel1.win32_1.0.0.202411081344/tools/bin/../lib/gcc/arm-none-eabi/13.3.1/../../../../arm-none-eabi/lib/thumb/v7e-m+dp/hard\libc_nano.a(libc_a-putchar.o)
                0x080254bc                putchar
 .text._puts_r  0x080254cc       0xaa C:/ST/STM32CubeIDE_1.18.1/STM32CubeIDE/plugins/com.st.stm32cube.ide.mcu.externaltools.gnu-tools-for-stm32.13.3.rel1.win32_1.0.0.202411081344/tools/bin/../lib/gcc/arm-none-eabi/13.3.1/../../../../arm-none-eabi/lib/thumb/v7e-m+dp/hard\libc_nano.a(libc_a-puts.o)
                0x080254cc                _puts_r
 *fill*         0x08025576        0x2 
 .text.puts     0x08025578       0x10 C:/ST/STM32CubeIDE_1.18.1/STM32CubeIDE/plugins/com.st.stm32cube.ide.mcu.externaltools.gnu-tools-for-stm32.13.3.rel1.win32_1.0.0.202411081344/tools/bin/../lib/gcc/arm-none-eabi/13.3.1/../../../../arm-none-eabi/lib/thumb/v7e-m+dp/hard\libc_nano.a(libc_a-puts.o)
                0x08025578                puts
 .text.__sread  0x08025588       0x22 C:/ST/STM32CubeIDE_1.18.1/STM32CubeIDE/plugins/com.st.stm32cube.ide.mcu.externaltools.gnu-tools-for-stm32.13.3.rel1.win32_1.0.0.202411081344/tools/bin/../lib/gcc/arm-none-eabi/13.3.1/../../../../arm-none-eabi/lib/thumb/v7e-m+dp/hard\libc_nano.a(libc_a-stdio.o)
                0x08025588                __sread
 .text.__swrite
                0x080255aa       0x38 C:/ST/STM32CubeIDE_1.18.1/STM32CubeIDE/plugins/com.st.stm32cube.ide.mcu.externaltools.gnu-tools-for-stm32.13.3.rel1.win32_1.0.0.202411081344/tools/bin/../lib/gcc/arm-none-eabi/13.3.1/../../../../arm-none-eabi/lib/thumb/v7e-m+dp/hard\libc_nano.a(libc_a-stdio.o)
                0x080255aa                __swrite
 .text.__sseek  0x080255e2       0x24 C:/ST/STM32CubeIDE_1.18.1/STM32CubeIDE/plugins/com.st.stm32cube.ide.mcu.externaltools.gnu-tools-for-stm32.13.3.rel1.win32_1.0.0.202411081344/tools/bin/../lib/gcc/arm-none-eabi/13.3.1/../../../../arm-none-eabi/lib/thumb/v7e-m+dp/hard\libc_nano.a(libc_a-stdio.o)
                0x080255e2                __sseek
 .text.__sclose
                0x08025606        0x8 C:/ST/STM32CubeIDE_1.18.1/STM32CubeIDE/plugins/com.st.stm32cube.ide.mcu.externaltools.gnu-tools-for-stm32.13.3.rel1.win32_1.0.0.202411081344/tools/bin/../lib/gcc/arm-none-eabi/13.3.1/../../../../arm-none-eabi/lib/thumb/v7e-m+dp/hard\libc_nano.a(libc_a-stdio.o)
                0x08025606                __sclose
 .text.__swbuf_r
                0x0802560e       0x7c C:/ST/STM32CubeIDE_1.18.1/STM32CubeIDE/plugins/com.st.stm32cube.ide.mcu.externaltools.gnu-tools-for-stm32.13.3.rel1.win32_1.0.0.202411081344/tools/bin/../lib/gcc/arm-none-eabi/13.3.1/../../../../arm-none-eabi/lib/thumb/v7e-m+dp/hard\libc_nano.a(libc_a-wbuf.o)
                0x0802560e                __swbuf_r
 *fill*         0x0802568a        0x2 
 .text.__swsetup_r
                0x0802568c       0xac C:/ST/STM32CubeIDE_1.18.1/STM32CubeIDE/plugins/com.st.stm32cube.ide.mcu.externaltools.gnu-tools-for-stm32.13.3.rel1.win32_1.0.0.202411081344/tools/bin/../lib/gcc/arm-none-eabi/13.3.1/../../../../arm-none-eabi/lib/thumb/v7e-m+dp/hard\libc_nano.a(libc_a-wsetup.o)
                0x0802568c                __swsetup_r
 .text.memcmp   0x08025738       0x20 C:/ST/STM32CubeIDE_1.18.1/STM32CubeIDE/plugins/com.st.stm32cube.ide.mcu.externaltools.gnu-tools-for-stm32.13.3.rel1.win32_1.0.0.202411081344/tools/bin/../lib/gcc/arm-none-eabi/13.3.1/../../../../arm-none-eabi/lib/thumb/v7e-m+dp/hard\libc_nano.a(libc_a-memcmp.o)
                0x08025738                memcmp
 .text.memmove  0x08025758       0x34 C:/ST/STM32CubeIDE_1.18.1/STM32CubeIDE/plugins/com.st.stm32cube.ide.mcu.externaltools.gnu-tools-for-stm32.13.3.rel1.win32_1.0.0.202411081344/tools/bin/../lib/gcc/arm-none-eabi/13.3.1/../../../../arm-none-eabi/lib/thumb/v7e-m+dp/hard\libc_nano.a(libc_a-memmove.o)
                0x08025758                memmove
 .text.memset   0x0802578c       0x10 C:/ST/STM32CubeIDE_1.18.1/STM32CubeIDE/plugins/com.st.stm32cube.ide.mcu.externaltools.gnu-tools-for-stm32.13.3.rel1.win32_1.0.0.202411081344/tools/bin/../lib/gcc/arm-none-eabi/13.3.1/../../../../arm-none-eabi/lib/thumb/v7e-m+dp/hard\libc_nano.a(libc_a-memset.o)
                0x0802578c                memset
 .text.strchr   0x0802579c       0x1a C:/ST/STM32CubeIDE_1.18.1/STM32CubeIDE/plugins/com.st.stm32cube.ide.mcu.externaltools.gnu-tools-for-stm32.13.3.rel1.win32_1.0.0.202411081344/tools/bin/../lib/gcc/arm-none-eabi/13.3.1/../../../../arm-none-eabi/lib/thumb/v7e-m+dp/hard\libc_nano.a(libc_a-strchr.o)
                0x0802579c                strchr