Archive member included to satisfy reference by file (symbol)

C:/ST/STM32CubeIDE_1.18.1/STM32CubeIDE/plugins/com.st.stm32cube.ide.mcu.externaltools.gnu-tools-for-stm32.13.3.rel1.win32_1.0.0.202411081344/tools/bin/../lib/gcc/arm-none-eabi/13.3.1/../../../../arm-none-eabi/lib/thumb/v7e-m+dp/hard\libc_nano.a(libc_a-abort.o)
                              ./mongoose/mongoose.o (abort)
C:/ST/STM32CubeIDE_1.18.1/STM32CubeIDE/plugins/com.st.stm32cube.ide.mcu.externaltools.gnu-tools-for-stm32.13.3.rel1.win32_1.0.0.202411081344/tools/bin/../lib/gcc/arm-none-eabi/13.3.1/../../../../arm-none-eabi/lib/thumb/v7e-m+dp/hard\libc_nano.a(libc_a-assert.o)
                              ./mongoose/mongoose.o (__assert_func)
C:/ST/STM32CubeIDE_1.18.1/STM32CubeIDE/plugins/com.st.stm32cube.ide.mcu.externaltools.gnu-tools-for-stm32.13.3.rel1.win32_1.0.0.202411081344/tools/bin/../lib/gcc/arm-none-eabi/13.3.1/../../../../arm-none-eabi/lib/thumb/v7e-m+dp/hard\libc_nano.a(libc_a-atoi.o)
                              ./mongoose/mongoose.o (atoi)
C:/ST/STM32CubeIDE_1.18.1/STM32CubeIDE/plugins/com.st.stm32cube.ide.mcu.externaltools.gnu-tools-for-stm32.13.3.rel1.win32_1.0.0.202411081344/tools/bin/../lib/gcc/arm-none-eabi/13.3.1/../../../../arm-none-eabi/lib/thumb/v7e-m+dp/hard\libc_nano.a(libc_a-calloc.o)
                              ./mongoose/mongoose.o (calloc)
C:/ST/STM32CubeIDE_1.18.1/STM32CubeIDE/plugins/com.st.stm32cube.ide.mcu.externaltools.gnu-tools-for-stm32.13.3.rel1.win32_1.0.0.202411081344/tools/bin/../lib/gcc/arm-none-eabi/13.3.1/../../../../arm-none-eabi/lib/thumb/v7e-m+dp/hard\libc_nano.a(libc_a-callocr.o)
                              C:/ST/STM32CubeIDE_1.18.1/STM32CubeIDE/plugins/com.st.stm32cube.ide.mcu.externaltools.gnu-tools-for-stm32.13.3.rel1.win32_1.0.0.202411081344/tools/bin/../lib/gcc/arm-none-eabi/13.3.1/../../../../arm-none-eabi/lib/thumb/v7e-m+dp/hard\libc_nano.a(libc_a-calloc.o) (_calloc_r)
C:/ST/STM32CubeIDE_1.18.1/STM32CubeIDE/plugins/com.st.stm32cube.ide.mcu.externaltools.gnu-tools-for-stm32.13.3.rel1.win32_1.0.0.202411081344/tools/bin/../lib/gcc/arm-none-eabi/13.3.1/../../../../arm-none-eabi/lib/thumb/v7e-m+dp/hard\libc_nano.a(libc_a-exit.o)
                              C:/ST/STM32CubeIDE_1.18.1/STM32CubeIDE/plugins/com.st.stm32cube.ide.mcu.externaltools.gnu-tools-for-stm32.13.3.rel1.win32_1.0.0.202411081344/tools/bin/../lib/gcc/arm-none-eabi/13.3.1/../../../../arm-none-eabi/lib/thumb/v7e-m+dp/hard/crt0.o (exit)
C:/ST/STM32CubeIDE_1.18.1/STM32CubeIDE/plugins/com.st.stm32cube.ide.mcu.externaltools.gnu-tools-for-stm32.13.3.rel1.win32_1.0.0.202411081344/tools/bin/../lib/gcc/arm-none-eabi/13.3.1/../../../../arm-none-eabi/lib/thumb/v7e-m+dp/hard\libc_nano.a(libc_a-malloc.o)
                              ./mongoose/mongoose.o (free)
C:/ST/STM32CubeIDE_1.18.1/STM32CubeIDE/plugins/com.st.stm32cube.ide.mcu.externaltools.gnu-tools-for-stm32.13.3.rel1.win32_1.0.0.202411081344/tools/bin/../lib/gcc/arm-none-eabi/13.3.1/../../../../arm-none-eabi/lib/thumb/v7e-m+dp/hard\libc_nano.a(libc_a-mallocr.o)
                              C:/ST/STM32CubeIDE_1.18.1/STM32CubeIDE/plugins/com.st.stm32cube.ide.mcu.externaltools.gnu-tools-for-stm32.13.3.rel1.win32_1.0.0.202411081344/tools/bin/../lib/gcc/arm-none-eabi/13.3.1/../../../../arm-none-eabi/lib/thumb/v7e-m+dp/hard\libc_nano.a(libc_a-callocr.o) (_malloc_r)
C:/ST/STM32CubeIDE_1.18.1/STM32CubeIDE/plugins/com.st.stm32cube.ide.mcu.externaltools.gnu-tools-for-stm32.13.3.rel1.win32_1.0.0.202411081344/tools/bin/../lib/gcc/arm-none-eabi/13.3.1/../../../../arm-none-eabi/lib/thumb/v7e-m+dp/hard\libc_nano.a(libc_a-mlock.o)
                              C:/ST/STM32CubeIDE_1.18.1/STM32CubeIDE/plugins/com.st.stm32cube.ide.mcu.externaltools.gnu-tools-for-stm32.13.3.rel1.win32_1.0.0.202411081344/tools/bin/../lib/gcc/arm-none-eabi/13.3.1/../../../../arm-none-eabi/lib/thumb/v7e-m+dp/hard\libc_nano.a(libc_a-mallocr.o) (__malloc_lock)
C:/ST/STM32CubeIDE_1.18.1/STM32CubeIDE/plugins/com.st.stm32cube.ide.mcu.externaltools.gnu-tools-for-stm32.13.3.rel1.win32_1.0.0.202411081344/tools/bin/../lib/gcc/arm-none-eabi/13.3.1/../../../../arm-none-eabi/lib/thumb/v7e-m+dp/hard\libc_nano.a(libc_a-rand.o)
                              ./mongoose/mongoose.o (srand)
C:/ST/STM32CubeIDE_1.18.1/STM32CubeIDE/plugins/com.st.stm32cube.ide.mcu.externaltools.gnu-tools-for-stm32.13.3.rel1.win32_1.0.0.202411081344/tools/bin/../lib/gcc/arm-none-eabi/13.3.1/../../../../arm-none-eabi/lib/thumb/v7e-m+dp/hard\libc_nano.a(libc_a-strtol.o)
                              C:/ST/STM32CubeIDE_1.18.1/STM32CubeIDE/plugins/com.st.stm32cube.ide.mcu.externaltools.gnu-tools-for-stm32.13.3.rel1.win32_1.0.0.202411081344/tools/bin/../lib/gcc/arm-none-eabi/13.3.1/../../../../arm-none-eabi/lib/thumb/v7e-m+dp/hard\libc_nano.a(libc_a-atoi.o) (_strtol_r)
[...]
Memory Configuration

Name             Origin             Length             Attributes
ITCMRAM          0x00000000         0x00010000         xrw
DTCMRAM          0x20000000         0x00020000         xrw
FLASH            0x08000000         0x00100000         xr
RAM_D1           0x24000000         0x00050000         xrw
RAM_D2           0x30000000         0x00008000         xrw
RAM_D3           0x38000000         0x00004000         xrw
*default*        0x00000000         0xffffffff

Linker script and memory map

LOAD C:/ST/STM32CubeIDE_1.18.1/STM32CubeIDE/plugins/com.st.stm32cube.ide.mcu.externaltools.gnu-tools-for-stm32.13.3.rel1.win32_1.0.0.202411081344/tools/bin/../lib/gcc/arm-none-eabi/13.3.1/thumb/v7e-m+dp/hard/crti.o
LOAD C:/ST/STM32CubeIDE_1.18.1/STM32CubeIDE/plugins/com.st.stm32cube.ide.mcu.externaltools.gnu-tools-for-stm32.13.3.rel1.win32_1.0.0.202411081344/tools/bin/../lib/gcc/arm-none-eabi/13.3.1/thumb/v7e-m+dp/hard/crtbegin.o
LOAD C:/ST/STM32CubeIDE_1.18.1/STM32CubeIDE/plugins/com.st.stm32cube.ide.mcu.externaltools.gnu-tools-for-stm32.13.3.rel1.win32_1.0.0.202411081344/tools/bin/../lib/gcc/arm-none-eabi/13.3.1/../../../../arm-none-eabi/lib/thumb/v7e-m+dp/hard/crt0.o
LOAD ./Core/Src/main.o
LOAD ./Core/Src/stm32h7xx_hal_msp.o
LOAD ./Core/Src/stm32h7xx_it.o
LOAD ./Core/Src/syscalls.o
LOAD ./Core/Src/sysmem.o
LOAD ./Core/Src/system_stm32h7xx.o
LOAD ./Core/Startup/startup_stm32h723zgtx.o
LOAD ./Drivers/STM32H7xx_HAL_Driver/Src/stm32h7xx_hal.o
LOAD ./Drivers/STM32H7xx_HAL_Driver/Src/stm32h7xx_hal_cortex.o
LOAD ./Drivers/STM32H7xx_HAL_Driver/Src/stm32h7xx_hal_dma.o
LOAD ./Drivers/STM32H7xx_HAL_Driver/Src/stm32h7xx_hal_dma_ex.o
LOAD ./Drivers/STM32H7xx_HAL_Driver/Src/stm32h7xx_hal_eth.o
LOAD ./Drivers/STM32H7xx_HAL_Driver/Src/stm32h7xx_hal_eth_ex.o
LOAD ./Drivers/STM32H7xx_HAL_Driver/Src/stm32h7xx_hal_exti.o
LOAD ./Drivers/STM32H7xx_HAL_Driver/Src/stm32h7xx_hal_flash.o
LOAD ./Drivers/STM32H7xx_HAL_Driver/Src/stm32h7xx_hal_flash_ex.o
LOAD ./Drivers/STM32H7xx_HAL_Driver/Src/stm32h7xx_hal_gpio.o
LOAD ./Drivers/STM32H7xx_HAL_Driver/Src/stm32h7xx_hal_hsem.o
LOAD ./Drivers/STM32H7xx_HAL_Driver/Src/stm32h7xx_hal_i2c.o
LOAD ./Drivers/STM32H7xx_HAL_Driver/Src/stm32h7xx_hal_i2c_ex.o
LOAD ./Drivers/STM32H7xx_HAL_Driver/Src/stm32h7xx_hal_mdma.o
LOAD ./Drivers/STM32H7xx_HAL_Driver/Src/stm32h7xx_hal_pwr.o
LOAD ./Drivers/STM32H7xx_HAL_Driver/Src/stm32h7xx_hal_pwr_ex.o
LOAD ./Drivers/STM32H7xx_HAL_Driver/Src/stm32h7xx_hal_rcc.o
LOAD ./Drivers/STM32H7xx_HAL_Driver/Src/stm32h7xx_hal_rcc_ex.o
LOAD ./Drivers/STM32H7xx_HAL_Driver/Src/stm32h7xx_hal_rng.o
LOAD ./Drivers/STM32H7xx_HAL_Driver/Src/stm32h7xx_hal_rng_ex.o
LOAD ./Drivers/STM32H7xx_HAL_Driver/Src/stm32h7xx_hal_uart.o
LOAD ./Drivers/STM32H7xx_HAL_Driver/Src/stm32h7xx_hal_uart_ex.o
LOAD ./mongoose/mongoose.o
LOAD ./mongoose/mongoose_fs.o
LOAD ./mongoose/mongoose_glue.o
LOAD ./mongoose/mongoose_impl.o
START GROUP
LOAD C:/ST/STM32CubeIDE_1.18.1/STM32CubeIDE/plugins/com.st.stm32cube.ide.mcu.externaltools.gnu-tools-for-stm32.13.3.rel1.win32_1.0.0.202411081344/tools/bin/../lib/gcc/arm-none-eabi/13.3.1/../../../../arm-none-eabi/lib/thumb/v7e-m+dp/hard\libc_nano.a
LOAD C:/ST/STM32CubeIDE_1.18.1/STM32CubeIDE/plugins/com.st.stm32cube.ide.mcu.externaltools.gnu-tools-for-stm32.13.3.rel1.win32_1.0.0.202411081344/tools/bin/../lib/gcc/arm-none-eabi/13.3.1/../../../../arm-none-eabi/lib/thumb/v7e-m+dp/hard\libm.a
END GROUP
START GROUP
LOAD C:/ST/STM32CubeIDE_1.18.1/STM32CubeIDE/plugins/com.st.stm32cube.ide.mcu.externaltools.gnu-tools-for-stm32.13.3.rel1.win32_1.0.0.202411081344/tools/bin/../lib/gcc/arm-none-eabi/13.3.1/thumb/v7e-m+dp/hard\libgcc.a
LOAD C:/ST/STM32CubeIDE_1.18.1/STM32CubeIDE/plugins/com.st.stm32cube.ide.mcu.externaltools.gnu-tools-for-stm32.13.3.rel1.win32_1.0.0.202411081344/tools/bin/../lib/gcc/arm-none-eabi/13.3.1/../../../../arm-none-eabi/lib/thumb/v7e-m+dp/hard\libc_nano.a
END GROUP
START GROUP
LOAD C:/ST/STM32CubeIDE_1.18.1/STM32CubeIDE/plugins/com.st.stm32cube.ide.mcu.externaltools.gnu-tools-for-stm32.13.3.rel1.win32_1.0.0.202411081344/tools/bin/../lib/gcc/arm-none-eabi/13.3.1/thumb/v7e-m+dp/hard\libgcc.a
LOAD C:/ST/STM32CubeIDE_1.18.1/STM32CubeIDE/plugins/com.st.stm32cube.ide.mcu.externaltools.gnu-tools-for-stm32.13.3.rel1.win32_1.0.0.202411081344/tools/bin/../lib/gcc/arm-none-eabi/13.3.1/../../../../arm-none-eabi/lib/thumb/v7e-m+dp/hard\libc_nano.a
LOAD C:/ST/STM32CubeIDE_1.18.1/STM32CubeIDE/plugins/com.st.stm32cube.ide.mcu.externaltools.gnu-tools-for-stm32.13.3.rel1.win32_1.0.0.202411081344/tools/bin/../lib/gcc/arm-none-eabi/13.3.1/../../../../arm-none-eabi/lib/thumb/v7e-m+dp/hard\libnosys.a
END GROUP
START GROUP
LOAD C:/ST/STM32CubeIDE_1.18.1/STM32CubeIDE/plugins/com.st.stm32cube.ide.mcu.externaltools.gnu-tools-for-stm32.13.3.rel1.win32_1.0.0.202411081344/tools/bin/../lib/gcc/arm-none-eabi/13.3.1/thumb/v7e-m+dp/hard\libgcc.a
LOAD C:/ST/STM32CubeIDE_1.18.1/STM32CubeIDE/plugins/com.st.stm32cube.ide.mcu.externaltools.gnu-tools-for-stm32.13.3.rel1.win32_1.0.0.202411081344/tools/bin/../lib/gcc/arm-none-eabi/13.3.1/../../../../arm-none-eabi/lib/thumb/v7e-m+dp/hard\libc_nano.a
LOAD C:/ST/STM32CubeIDE_1.18.1/STM32CubeIDE/plugins/com.st.stm32cube.ide.mcu.externaltools.gnu-tools-for-stm32.13.3.rel1.win32_1.0.0.202411081344/tools/bin/../lib/gcc/arm-none-eabi/13.3.1/../../../../arm-none-eabi/lib/thumb/v7e-m+dp/hard\libnosys.a
END GROUP
LOAD C:/ST/STM32CubeIDE_1.18.1/STM32CubeIDE/plugins/com.st.stm32cube.ide.mcu.externaltools.gnu-tools-for-stm32.13.3.rel1.win32_1.0.0.202411081344/tools/bin/../lib/gcc/arm-none-eabi/13.3.1/thumb/v7e-m+dp/hard/crtend.o
LOAD C:/ST/STM32CubeIDE_1.18.1/STM32CubeIDE/plugins/com.st.stm32cube.ide.mcu.externaltools.gnu-tools-for-stm32.13.3.rel1.win32_1.0.0.202411081344/tools/bin/../lib/gcc/arm-none-eabi/13.3.1/thumb/v7e-m+dp/hard/crtn.o
                0x24050000                        _estack = (ORIGIN (RAM_D1) + LENGTH (RAM_D1))
                0x00000200                        _Min_Heap_Size = 0x200
                0x00000400                        _Min_Stack_Size = 0x400

.isr_vector     0x08000000      0x2cc
                0x08000000                        . = ALIGN (0x4)
 *(.isr_vector)
 .isr_vector    0x08000000      0x2cc ./Core/Startup/startup_stm32h723zgtx.o
                0x08000000                g_pfnVectors
                0x080002cc                        . = ALIGN (0x4)

.text           0x080002d0    0x23f18
                0x080002d0                        . = ALIGN (0x4)
 *(.text)
 .text          0x080002d0       0x40 C:/ST/STM32CubeIDE_1.18.1/STM32CubeIDE/plugins/com.st.stm32cube.ide.mcu.externaltools.gnu-tools-for-stm32.13.3.rel1.win32_1.0.0.202411081344/tools/bin/../lib/gcc/arm-none-eabi/13.3.1/thumb/v7e-m+dp/hard/crtbegin.o
 .text          0x08000310       0x14 C:/ST/STM32CubeIDE_1.18.1/STM32CubeIDE/plugins/com.st.stm32cube.ide.mcu.externaltools.gnu-tools-for-stm32.13.3.rel1.win32_1.0.0.202411081344/tools/bin/../lib/gcc/arm-none-eabi/13.3.1/../../../../arm-none-eabi/lib/thumb/v7e-m+dp/hard\libc_nano.a(libc_a-strcmp.o)
                0x08000310                strcmp
 *fill*         0x08000324        0xc 
 .text          0x08000330       0xa0 C:/ST/STM32CubeIDE_1.18.1/STM32CubeIDE/plugins/com.st.stm32cube.ide.mcu.externaltools.gnu-tools-for-stm32.13.3.rel1.win32_1.0.0.202411081344/tools/bin/../lib/gcc/arm-none-eabi/13.3.1/../../../../arm-none-eabi/lib/thumb/v7e-m+dp/hard\libc_nano.a(libc_a-memchr.o)
                0x08000330                memchr
 .text          0x080003d0       0x10 C:/ST/STM32CubeIDE_1.18.1/STM32CubeIDE/plugins/com.st.stm32cube.ide.mcu.externaltools.gnu-tools-for-stm32.13.3.rel1.win32_1.0.0.202411081344/tools/bin/../lib/gcc/arm-none-eabi/13.3.1/../../../../arm-none-eabi/lib/thumb/v7e-m+dp/hard\libc_nano.a(libc_a-strlen.o)
                0x080003d0                strlen
 .text          0x080003e0       0x30 C:/ST/STM32CubeIDE_1.18.1/STM32CubeIDE/plugins/com.st.stm32cube.ide.mcu.externaltools.gnu-tools-for-stm32.13.3.rel1.win32_1.0.0.202411081344/tools/bin/../lib/gcc/arm-none-eabi/13.3.1/thumb/v7e-m+dp/hard\libgcc.a(_aeabi_uldivmod.o)
                0x080003e0                __aeabi_uldivmod
 .text          0x08000410      0x2f8 C:/ST/STM32CubeIDE_1.18.1/STM32CubeIDE/plugins/com.st.stm32cube.ide.mcu.externaltools.gnu-tools-for-stm32.13.3.rel1.win32_1.0.0.202411081344/tools/bin/../lib/gcc/arm-none-eabi/13.3.1/thumb/v7e-m+dp/hard\libgcc.a(_udivmoddi4.o)
                0x08000410                __udivmoddi4
 .text          0x08000708        0x4 C:/ST/STM32CubeIDE_1.18.1/STM32CubeIDE/plugins/com.st.stm32cube.ide.mcu.externaltools.gnu-tools-for-stm32.13.3.rel1.win32_1.0.0.202411081344/tools/bin/../lib/gcc/arm-none-eabi/13.3.1/thumb/v7e-m+dp/hard\libgcc.a(_dvmd_tls.o)
                0x08000708                __aeabi_idiv0
                0x08000708                __aeabi_ldiv0
 *(.text*)
 .text.mg_random
                0x0800070c       0x5c ./Core/Src/main.o
                0x0800070c                mg_random
 .text.mg_millis
                0x08000768       0x1a ./Core/Src/main.o
                0x08000768                mg_millis
 *fill*         0x08000782        0x2 
 .text._write   0x08000784       0x38 ./Core/Src/main.o
                0x08000784                _write
 .text.main     0x080007bc       0x26 ./Core/Src/main.o
                0x080007bc                main
 *fill*         0x080007e2        0x2 
 .text.SystemClock_Config
                0x080007e4       0xe4 ./Core/Src/main.o
                0x080007e4                SystemClock_Config
 .text.MX_ETH_Init
                0x080008c8       0x98 ./Core/Src/main.o
 .text.MX_RNG_Init
                0x08000960       0x2c ./Core/Src/main.o
 .text.MX_USART3_UART_Init
                0x0800098c       0x98 ./Core/Src/main.o
 .text.MX_GPIO_Init
                0x08000a24      0x1dc ./Core/Src/main.o
 .text.Error_Handler
                0x08000c00        0xc ./Core/Src/main.o
                0x08000c00                Error_Handler
 .text.HAL_MspInit
                0x08000c0c       0x34 ./Core/Src/stm32h7xx_hal_msp.o
                0x08000c0c                HAL_MspInit
 .text.HAL_ETH_MspInit
                0x08000c40      0x1ac ./Core/Src/stm32h7xx_hal_msp.o
                0x08000c40                HAL_ETH_MspInit
 .text.HAL_RNG_MspInit
                0x08000dec       0x74 ./Core/Src/stm32h7xx_hal_msp.o
                0x08000dec                HAL_RNG_MspInit
 .text.HAL_UART_MspInit
                0x08000e60       0xd4 ./Core/Src/stm32h7xx_hal_msp.o
                0x08000e60                HAL_UART_MspInit
 .text.NMI_Handler
                0x08000f34        0x8 ./Core/Src/stm32h7xx_it.o
                0x08000f34                NMI_Handler
 .text.HardFault_Handler
                0x08000f3c        0x8 ./Core/Src/stm32h7xx_it.o
                0x08000f3c                HardFault_Handler
 .text.MemManage_Handler
                0x08000f44        0x8 ./Core/Src/stm32h7xx_it.o
                0x08000f44                MemManage_Handler
 .text.BusFault_Handler
                0x08000f4c        0x8 ./Core/Src/stm32h7xx_it.o
                0x08000f4c                BusFault_Handler
 .text.UsageFault_Handler
                0x08000f54        0x8 ./Core/Src/stm32h7xx_it.o
                0x08000f54                UsageFault_Handler
 .text.SVC_Handler
                0x08000f5c        0xe ./Core/Src/stm32h7xx_it.o
                0x08000f5c                SVC_Handler
 .text.DebugMon_Handler
                0x08000f6a        0xe ./Core/Src/stm32h7xx_it.o
                0x08000f6a                DebugMon_Handler
 .text.PendSV_Handler
                0x08000f78        0xe ./Core/Src/stm32h7xx_it.o
                0x08000f78                PendSV_Handler
 .text.SysTick_Handler
                0x08000f86        0xc ./Core/Src/stm32h7xx_it.o
                0x08000f86                SysTick_Handler
 .text._getpid  0x08000f92       0x10 ./Core/Src/syscalls.o
                0x08000f92                _getpid
 .text._kill    0x08000fa2       0x20 ./Core/Src/syscalls.o
                0x08000fa2                _kill
 .text._exit    0x08000fc2       0x16 ./Core/Src/syscalls.o
                0x08000fc2                _exit
 .text._read    0x08000fd8       0x3a ./Core/Src/syscalls.o
                0x08000fd8                _read
 .text._close   0x08001012       0x18 ./Core/Src/syscalls.o
                0x08001012                _close
 .text._fstat   0x0800102a       0x20 ./Core/Src/syscalls.o
                0x0800102a                _fstat
 .text._isatty  0x0800104a       0x16 ./Core/Src/syscalls.o
                0x0800104a                _isatty
 .text._lseek   0x08001060       0x1a ./Core/Src/syscalls.o
                0x08001060                _lseek
 *fill*         0x0800107a        0x2 
 .text._sbrk    0x0800107c       0x6c ./Core/Src/sysmem.o
                0x0800107c                _sbrk
 .text.SystemInit
                0x080010e8       0xf0 ./Core/Src/system_stm32h7xx.o
                0x080010e8                SystemInit
 .text.Reset_Handler
                0x080011d8       0x50 ./Core/Startup/startup_stm32h723zgtx.o
                0x080011d8                Reset_Handler
 .text.Default_Handler
                0x08001228        0x2 ./Core/Startup/startup_stm32h723zgtx.o
                0x08001228                RTC_Alarm_IRQHandler
                0x08001228                EXTI2_IRQHandler
                0x08001228                TIM8_CC_IRQHandler
                0x08001228                UART8_IRQHandler
                0x08001228                SPI4_IRQHandler
                0x08001228                FDCAN3_IT0_IRQHandler
                0x08001228                TIM1_CC_IRQHandler
                0x08001228                BDMA_Channel6_IRQHandler
                0x08001228                DMA2_Stream5_IRQHandler
                0x08001228                DMA1_Stream5_IRQHandler
                0x08001228                CORDIC_IRQHandler
                0x08001228                BDMA_Channel1_IRQHandler
                0x08001228                TAMP_STAMP_IRQHandler
                0x08001228                EXTI3_IRQHandler
                0x08001228                LPTIM4_IRQHandler
                0x08001228                TIM8_TRG_COM_TIM14_IRQHandler
                0x08001228                LPTIM2_IRQHandler
                0x08001228                DFSDM1_FLT1_IRQHandler
                0x08001228                DMAMUX2_OVR_IRQHandler
                0x08001228                TIM8_UP_TIM13_IRQHandler
                0x08001228                I2C3_ER_IRQHandler
                0x08001228                DFSDM1_FLT2_IRQHandler
                0x08001228                I2C5_EV_IRQHandler
                0x08001228                USART10_IRQHandler
                0x08001228                MDMA_IRQHandler
                0x08001228                LPTIM3_IRQHandler
                0x08001228                HSEM1_IRQHandler
                0x08001228                EXTI0_IRQHandler
                0x08001228                I2C2_EV_IRQHandler
                0x08001228                DMA1_Stream2_IRQHandler
                0x08001228                FPU_IRQHandler
                0x08001228                OTG_HS_WKUP_IRQHandler
                0x08001228                FDCAN1_IT1_IRQHandler
                0x08001228                LTDC_ER_IRQHandler
                0x08001228                DMA2_Stream2_IRQHandler
                0x08001228                SPI1_IRQHandler
                0x08001228                OCTOSPI1_IRQHandler
                0x08001228                TIM6_DAC_IRQHandler
                0x08001228                DMA2_Stream3_IRQHandler
                0x08001228                OCTOSPI2_IRQHandler
                0x08001228                DFSDM1_FLT3_IRQHandler
                0x08001228                TIM23_IRQHandler
                0x08001228                USART6_IRQHandler
                0x08001228                TIM17_IRQHandler
                0x08001228                USART3_IRQHandler
                0x08001228                BDMA_Channel7_IRQHandler
                0x08001228                LPTIM5_IRQHandler
                0x08001228                UART5_IRQHandler
                0x08001228                ADC3_IRQHandler
                0x08001228                DMA2_Stream0_IRQHandler
                0x08001228                TIM4_IRQHandler
                0x08001228                BDMA_Channel2_IRQHandler
                0x08001228                I2C1_EV_IRQHandler
                0x08001228                DMA1_Stream6_IRQHandler
                0x08001228                DMAMUX1_OVR_IRQHandler
                0x08001228                DMA1_Stream1_IRQHandler
                0x08001228                TIM16_IRQHandler
                0x08001228                UART4_IRQHandler
                0x08001228                BDMA_Channel5_IRQHandler
                0x08001228                TIM3_IRQHandler
                0x08001228                RCC_IRQHandler
                0x08001228                UART9_IRQHandler
                0x08001228                TIM8_BRK_TIM12_IRQHandler
                0x08001228                TIM1_TRG_COM_IRQHandler
                0x08001228                Default_Handler
                0x08001228                ECC_IRQHandler
                0x08001228                FMAC_IRQHandler
                0x08001228                CEC_IRQHandler
                0x08001228                EXTI15_10_IRQHandler
                0x08001228                BDMA_Channel0_IRQHandler
                0x08001228                ADC_IRQHandler
                0x08001228                I2C5_ER_IRQHandler
                0x08001228                DMA1_Stream7_IRQHandler
                0x08001228                SPI5_IRQHandler
                0x08001228                TIM7_IRQHandler
                0x08001228                FDCAN3_IT1_IRQHandler
                0x08001228                SDMMC1_IRQHandler
                0x08001228                TIM5_IRQHandler
                0x08001228                DMA2_Stream7_IRQHandler
                0x08001228                TIM15_IRQHandler
                0x08001228                PVD_AVD_IRQHandler
                0x08001228                I2C3_EV_IRQHandler
                0x08001228                EXTI9_5_IRQHandler
                0x08001228                RTC_WKUP_IRQHandler
                0x08001228                LTDC_IRQHandler
                0x08001228                ETH_WKUP_IRQHandler
                0x08001228                SPDIF_RX_IRQHandler
                0x08001228                SPI2_IRQHandler
                0x08001228                OTG_HS_EP1_IN_IRQHandler
                0x08001228                DMA1_Stream0_IRQHandler
                0x08001228                TIM24_IRQHandler
                0x08001228                CRS_IRQHandler
                0x08001228                EXTI4_IRQHandler
                0x08001228                RNG_IRQHandler
                0x08001228                FDCAN2_IT1_IRQHandler
                0x08001228                TIM1_UP_IRQHandler
                0x08001228                BDMA_Channel4_IRQHandler
                0x08001228                OTG_HS_EP1_OUT_IRQHandler
                0x08001228                WWDG_IRQHandler
                0x08001228                SPI6_IRQHandler
                0x08001228                MDIOS_IRQHandler
                0x08001228                I2C4_EV_IRQHandler
                0x08001228                FDCAN2_IT0_IRQHandler
                0x08001228                LPUART1_IRQHandler
                0x08001228                FDCAN1_IT0_IRQHandler
                0x08001228                TIM2_IRQHandler
                0x08001228                OTG_HS_IRQHandler
                0x08001228                DMA2D_IRQHandler
                0x08001228                TIM1_BRK_IRQHandler
                0x08001228                EXTI1_IRQHandler
                0x08001228                SDMMC2_IRQHandler
                0x08001228                BDMA_Channel3_IRQHandler
                0x08001228                DTS_IRQHandler
                0x08001228                UART7_IRQHandler
                0x08001228                MDIOS_WKUP_IRQHandler
                0x08001228                USART2_IRQHandler
                0x08001228                DFSDM1_FLT0_IRQHandler
                0x08001228                SAI4_IRQHandler
                0x08001228                I2C2_ER_IRQHandler
                0x08001228                DMA2_Stream1_IRQHandler
                0x08001228                FLASH_IRQHandler
                0x08001228                DMA2_Stream4_IRQHandler
                0x08001228                USART1_IRQHandler
                0x08001228                SPI3_IRQHandler
                0x08001228                WAKEUP_PIN_IRQHandler
                0x08001228                DMA1_Stream4_IRQHandler
                0x08001228                I2C1_ER_IRQHandler
                0x08001228                FMC_IRQHandler
                0x08001228                FDCAN_CAL_IRQHandler
                0x08001228                SWPMI1_IRQHandler
                0x08001228                COMP1_IRQHandler
                0x08001228                LPTIM1_IRQHandler
                0x08001228                DCMI_PSSI_IRQHandler
                0x08001228                I2C4_ER_IRQHandler
                0x08001228                DMA2_Stream6_IRQHandler
                0x08001228                SAI1_IRQHandler
                0x08001228                DMA1_Stream3_IRQHandler
 *fill*         0x0800122a        0x2 
 .text.HAL_Init
                0x0800122c       0x78 ./Drivers/STM32H7xx_HAL_Driver/Src/stm32h7xx_hal.o
                0x0800122c                HAL_Init
 .text.HAL_InitTick
                0x080012a4       0x6c ./Drivers/STM32H7xx_HAL_Driver/Src/stm32h7xx_hal.o
                0x080012a4                HAL_InitTick
 .text.HAL_IncTick
                0x08001310       0x28 ./Drivers/STM32H7xx_HAL_Driver/Src/stm32h7xx_hal.o
                0x08001310                HAL_IncTick
 .text.HAL_GetTick
                0x08001338       0x18 ./Drivers/STM32H7xx_HAL_Driver/Src/stm32h7xx_hal.o
                0x08001338                HAL_GetTick
 .text.HAL_SYSCFG_ETHInterfaceSelect
                0x08001350       0x28 ./Drivers/STM32H7xx_HAL_Driver/Src/stm32h7xx_hal.o
                0x08001350                HAL_SYSCFG_ETHInterfaceSelect
 .text.__NVIC_SetPriorityGrouping
                0x08001378       0x48 ./Drivers/STM32H7xx_HAL_Driver/Src/stm32h7xx_hal_cortex.o
 .text.__NVIC_GetPriorityGrouping
                0x080013c0       0x1c ./Drivers/STM32H7xx_HAL_Driver/Src/stm32h7xx_hal_cortex.o
 .text.__NVIC_EnableIRQ
                0x080013dc       0x3c ./Drivers/STM32H7xx_HAL_Driver/Src/stm32h7xx_hal_cortex.o
 .text.__NVIC_SetPriority
                0x08001418       0x54 ./Drivers/STM32H7xx_HAL_Driver/Src/stm32h7xx_hal_cortex.o
 .text.NVIC_EncodePriority
                0x0800146c       0x66 ./Drivers/STM32H7xx_HAL_Driver/Src/stm32h7xx_hal_cortex.o
 *fill*         0x080014d2        0x2 
 .text.SysTick_Config
                0x080014d4       0x44 ./Drivers/STM32H7xx_HAL_Driver/Src/stm32h7xx_hal_cortex.o
 .text.HAL_NVIC_SetPriorityGrouping
                0x08001518       0x16 ./Drivers/STM32H7xx_HAL_Driver/Src/stm32h7xx_hal_cortex.o
                0x08001518                HAL_NVIC_SetPriorityGrouping
 .text.HAL_NVIC_SetPriority
                0x0800152e       0x34 ./Drivers/STM32H7xx_HAL_Driver/Src/stm32h7xx_hal_cortex.o
                0x0800152e                HAL_NVIC_SetPriority
 .text.HAL_NVIC_EnableIRQ
                0x08001562       0x1c ./Drivers/STM32H7xx_HAL_Driver/Src/stm32h7xx_hal_cortex.o
                0x08001562                HAL_NVIC_EnableIRQ
 .text.HAL_SYSTICK_Config
                0x0800157e       0x18 ./Drivers/STM32H7xx_HAL_Driver/Src/stm32h7xx_hal_cortex.o
                0x0800157e                HAL_SYSTICK_Config
 *fill*         0x08001596        0x2 
 .text.HAL_ETH_Init
                0x08001598      0x1fc ./Drivers/STM32H7xx_HAL_Driver/Src/stm32h7xx_hal_eth.o
                0x08001598                HAL_ETH_Init
 .text.HAL_ETH_SetMDIOClockRange
                0x08001794       0xa0 ./Drivers/STM32H7xx_HAL_Driver/Src/stm32h7xx_hal_eth.o
                0x08001794                HAL_ETH_SetMDIOClockRange
 .text.ETH_SetMACConfig
                0x08001834      0x238 ./Drivers/STM32H7xx_HAL_Driver/Src/stm32h7xx_hal_eth.o
 .text.ETH_SetDMAConfig
                0x08001a6c      0x10c ./Drivers/STM32H7xx_HAL_Driver/Src/stm32h7xx_hal_eth.o
 .text.ETH_MACDMAConfig
                0x08001b78      0x13a ./Drivers/STM32H7xx_HAL_Driver/Src/stm32h7xx_hal_eth.o
 .text.ETH_DMATxDescListInit
                0x08001cb2       0x92 ./Drivers/STM32H7xx_HAL_Driver/Src/stm32h7xx_hal_eth.o
 .text.ETH_DMARxDescListInit
                0x08001d44       0xba ./Drivers/STM32H7xx_HAL_Driver/Src/stm32h7xx_hal_eth.o
 *fill*         0x08001dfe        0x2 
 .text.HAL_GPIO_Init
                0x08001e00      0x350 ./Drivers/STM32H7xx_HAL_Driver/Src/stm32h7xx_hal_gpio.o
                0x08001e00                HAL_GPIO_Init
 .text.HAL_GPIO_WritePin
                0x08002150       0x32 ./Drivers/STM32H7xx_HAL_Driver/Src/stm32h7xx_hal_gpio.o
                0x08002150                HAL_GPIO_WritePin
 *fill*         0x08002182        0x2 
 .text.HAL_PWREx_ConfigSupply
                0x08002184       0x74 ./Drivers/STM32H7xx_HAL_Driver/Src/stm32h7xx_hal_pwr_ex.o
                0x08002184                HAL_PWREx_ConfigSupply
 .text.HAL_RCC_OscConfig
                0x080021f8      0x7b4 ./Drivers/STM32H7xx_HAL_Driver/Src/stm32h7xx_hal_rcc.o
                0x080021f8                HAL_RCC_OscConfig
 .text.HAL_RCC_ClockConfig
                0x080029ac      0x36c ./Drivers/STM32H7xx_HAL_Driver/Src/stm32h7xx_hal_rcc.o
                0x080029ac                HAL_RCC_ClockConfig
 .text.HAL_RCC_GetSysClockFreq
                0x08002d18      0x2f4 ./Drivers/STM32H7xx_HAL_Driver/Src/stm32h7xx_hal_rcc.o
                0x08002d18                HAL_RCC_GetSysClockFreq
 .text.HAL_RCC_GetHCLKFreq
                0x0800300c       0x60 ./Drivers/STM32H7xx_HAL_Driver/Src/stm32h7xx_hal_rcc.o
                0x0800300c                HAL_RCC_GetHCLKFreq
 .text.HAL_RCC_GetPCLK1Freq
                0x0800306c       0x2c ./Drivers/STM32H7xx_HAL_Driver/Src/stm32h7xx_hal_rcc.o
                0x0800306c                HAL_RCC_GetPCLK1Freq
 .text.HAL_RCC_GetPCLK2Freq
                0x08003098       0x2c ./Drivers/STM32H7xx_HAL_Driver/Src/stm32h7xx_hal_rcc.o
                0x08003098                HAL_RCC_GetPCLK2Freq
 .text.HAL_RCCEx_PeriphCLKConfig
                0x080030c4     0x1340 ./Drivers/STM32H7xx_HAL_Driver/Src/stm32h7xx_hal_rcc_ex.o
                0x080030c4                HAL_RCCEx_PeriphCLKConfig
 .text.HAL_RCCEx_GetD3PCLK1Freq
                0x08004404       0x2c ./Drivers/STM32H7xx_HAL_Driver/Src/stm32h7xx_hal_rcc_ex.o
                0x08004404                HAL_RCCEx_GetD3PCLK1Freq
 .text.HAL_RCCEx_GetPLL2ClockFreq
                0x08004430      0x2a8 ./Drivers/STM32H7xx_HAL_Driver/Src/stm32h7xx_hal_rcc_ex.o
                0x08004430                HAL_RCCEx_GetPLL2ClockFreq
 .text.HAL_RCCEx_GetPLL3ClockFreq
                0x080046d8      0x2a8 ./Drivers/STM32H7xx_HAL_Driver/Src/stm32h7xx_hal_rcc_ex.o
                0x080046d8                HAL_RCCEx_GetPLL3ClockFreq
 .text.RCCEx_PLL2_Config
                0x08004980      0x164 ./Drivers/STM32H7xx_HAL_Driver/Src/stm32h7xx_hal_rcc_ex.o
 .text.RCCEx_PLL3_Config
                0x08004ae4      0x164 ./Drivers/STM32H7xx_HAL_Driver/Src/stm32h7xx_hal_rcc_ex.o
 .text.HAL_RNG_Init
                0x08004c48      0x148 ./Drivers/STM32H7xx_HAL_Driver/Src/stm32h7xx_hal_rng.o
                0x08004c48                HAL_RNG_Init
 .text.HAL_RNG_GenerateRandomNumber
                0x08004d90       0xf4 ./Drivers/STM32H7xx_HAL_Driver/Src/stm32h7xx_hal_rng.o
                0x08004d90                HAL_RNG_GenerateRandomNumber
 .text.HAL_RNG_ErrorCallback
                0x08004e84       0x14 ./Drivers/STM32H7xx_HAL_Driver/Src/stm32h7xx_hal_rng.o
                0x08004e84                HAL_RNG_ErrorCallback
 .text.RNG_RecoverSeedError
                0x08004e98      0x102 ./Drivers/STM32H7xx_HAL_Driver/Src/stm32h7xx_hal_rng.o
                0x08004e98                RNG_RecoverSeedError
 .text.HAL_UART_Init
                0x08004f9a       0xa0 ./Drivers/STM32H7xx_HAL_Driver/Src/stm32h7xx_hal_uart.o
                0x08004f9a                HAL_UART_Init
 .text.HAL_UART_Transmit
                0x0800503a      0x11c ./Drivers/STM32H7xx_HAL_Driver/Src/stm32h7xx_hal_uart.o
                0x0800503a                HAL_UART_Transmit
 *fill*         0x08005156        0x2 
 .text.UART_SetConfig
                0x08005158      0xcd8 ./Drivers/STM32H7xx_HAL_Driver/Src/stm32h7xx_hal_uart.o
                0x08005158                UART_SetConfig
 .text.UART_AdvFeatureConfig
                0x08005e30      0x144 ./Drivers/STM32H7xx_HAL_Driver/Src/stm32h7xx_hal_uart.o
                0x08005e30                UART_AdvFeatureConfig
 .text.UART_CheckIdleState
                0x08005f74      0x154 ./Drivers/STM32H7xx_HAL_Driver/Src/stm32h7xx_hal_uart.o
                0x08005f74                UART_CheckIdleState
 .text.UART_WaitOnFlagUntilTimeout
                0x080060c8       0xda ./Drivers/STM32H7xx_HAL_Driver/Src/stm32h7xx_hal_uart.o
                0x080060c8                UART_WaitOnFlagUntilTimeout
 *fill*         0x080061a2        0x2 
 .text.UART_EndRxTransfer
                0x080061a4       0xcc ./Drivers/STM32H7xx_HAL_Driver/Src/stm32h7xx_hal_uart.o
 .text.HAL_UARTEx_DisableFifoMode
                0x08006270       0x72 ./Drivers/STM32H7xx_HAL_Driver/Src/stm32h7xx_hal_uart_ex.o
                0x08006270                HAL_UARTEx_DisableFifoMode
 .text.HAL_UARTEx_SetTxFifoThreshold
                0x080062e2       0x7c ./Drivers/STM32H7xx_HAL_Driver/Src/stm32h7xx_hal_uart_ex.o
                0x080062e2                HAL_UARTEx_SetTxFifoThreshold
 .text.HAL_UARTEx_SetRxFifoThreshold
                0x0800635e       0x7c ./Drivers/STM32H7xx_HAL_Driver/Src/stm32h7xx_hal_uart_ex.o
                0x0800635e                HAL_UARTEx_SetRxFifoThreshold
 *fill*         0x080063da        0x2 
 .text.UARTEx_SetNbDataToProcess
                0x080063dc       0x9c ./Drivers/STM32H7xx_HAL_Driver/Src/stm32h7xx_hal_uart_ex.o
 .text.mg_base64_encode_single
                0x08006478       0x44 ./mongoose/mongoose.o
 .text.mg_base64_decode_single
                0x080064bc       0x6c ./mongoose/mongoose.o
 .text.mg_base64_update
                0x08006528       0xfc ./mongoose/mongoose.o
                0x08006528                mg_base64_update
 .text.mg_base64_final
                0x08006624       0x62 ./mongoose/mongoose.o
                0x08006624                mg_base64_final
 *fill*         0x08006686        0x2 
 .text.mg_base64_encode
                0x08006688       0x94 ./mongoose/mongoose.o
                0x08006688                mg_base64_encode
 .text.mg_base64_decode
                0x0800671c      0x144 ./mongoose/mongoose.o
                0x0800671c                mg_base64_decode
 .text.mg_dns_free
                0x08006860       0x36 ./mongoose/mongoose.o
 .text.mg_resolve_cancel
                0x08006896       0x44 ./mongoose/mongoose.o
                0x08006896                mg_resolve_cancel
 .text.mg_call  0x080068da       0x40 ./mongoose/mongoose.o
                0x080068da                mg_call
 *fill*         0x0800691a        0x2 
 .text.mg_error
                0x0800691c       0x84 ./mongoose/mongoose.o
                0x0800691c                mg_error
 .text.mg_ota_flash_begin
                0x080069a0       0xf8 ./mongoose/mongoose.o
                0x080069a0                mg_ota_flash_begin
 .text.mg_ota_flash_write
                0x08006a98      0x188 ./mongoose/mongoose.o
                0x08006a98                mg_ota_flash_write
 .text.mg_ota_flash_end
                0x08006c20      0x100 ./mongoose/mongoose.o
                0x08006c20                mg_ota_flash_end
 .text.is_digit
                0x08006d20       0x2c ./mongoose/mongoose.o
 .text.addexp   0x08006d4c      0x104 ./mongoose/mongoose.o
 .text.xisinf   0x08006e50       0x50 ./mongoose/mongoose.o
 .text.xisnan   0x08006ea0       0x58 ./mongoose/mongoose.o
 .text.mg_dtoa  0x08006ef8      0x56c ./mongoose/mongoose.o
 .text.mg_lld   0x08007464      0x160 ./mongoose/mongoose.o
 .text.scpy     0x080075c4       0x46 ./mongoose/mongoose.o
 .text.mg_xprintf
                0x0800760a       0x36 ./mongoose/mongoose.o
                0x0800760a                mg_xprintf
 .text.mg_vxprintf
                0x08007640      0x748 ./mongoose/mongoose.o
                0x08007640                mg_vxprintf
 .text.mg_fs_open
                0x08007d88       0x50 ./mongoose/mongoose.o
                0x08007d88                mg_fs_open
 .text.mg_fs_close
                0x08007dd8       0x2a ./mongoose/mongoose.o
                0x08007dd8                mg_fs_close
 .text.is_dir_prefix
                0x08007e02       0x58 ./mongoose/mongoose.o
 .text.packed_stat
                0x08007e5a       0x60 ./mongoose/mongoose.o
 *fill*         0x08007eba        0x2 
 .text.packed_list
                0x08007ebc       0xfc ./mongoose/mongoose.o
 .text.packed_open
                0x08007fb8       0x62 ./mongoose/mongoose.o
 .text.packed_close
                0x0800801a       0x1c ./mongoose/mongoose.o
 .text.packed_read
                0x08008036       0x56 ./mongoose/mongoose.o
 .text.packed_write
                0x0800808c       0x1a ./mongoose/mongoose.o
 .text.packed_seek
                0x080080a6       0x38 ./mongoose/mongoose.o
 .text.packed_rename
                0x080080de       0x18 ./mongoose/mongoose.o
 .text.packed_remove
                0x080080f6       0x16 ./mongoose/mongoose.o
 .text.packed_mkdir
                0x0800810c       0x16 ./mongoose/mongoose.o
 .text.p_stat   0x08008122       0x1a ./mongoose/mongoose.o
 .text.p_list   0x0800813c       0x18 ./mongoose/mongoose.o
 .text.p_open   0x08008154       0x18 ./mongoose/mongoose.o
 .text.p_close  0x0800816c       0x14 ./mongoose/mongoose.o
 .text.p_read   0x08008180       0x1a ./mongoose/mongoose.o
 .text.p_write  0x0800819a       0x1a ./mongoose/mongoose.o
 .text.p_seek   0x080081b4       0x1a ./mongoose/mongoose.o
 .text.p_rename
                0x080081ce       0x18 ./mongoose/mongoose.o
 .text.p_remove
                0x080081e6       0x16 ./mongoose/mongoose.o
 .text.p_mkdir  0x080081fc       0x16 ./mongoose/mongoose.o
 .text.mg_ncasecmp
                0x08008212       0x80 ./mongoose/mongoose.o
 *fill*         0x08008292        0x2 
 .text.mg_to_size_t
                0x08008294      0x12c ./mongoose/mongoose.o
                0x08008294                mg_to_size_t
 .text.mg_http_var
                0x080083c0       0xa0 ./mongoose/mongoose.o
                0x080083c0                mg_http_var
 .text.mg_http_get_var
                0x08008460       0xa6 ./mongoose/mongoose.o
                0x08008460                mg_http_get_var
 .text.isx      0x08008506       0x44 ./mongoose/mongoose.o
 .text.mg_url_decode
                0x0800854a      0x110 ./mongoose/mongoose.o
                0x0800854a                mg_url_decode
 .text.isok     0x0800865a       0x3a ./mongoose/mongoose.o
 .text.mg_http_get_request_len
                0x08008694       0x9c ./mongoose/mongoose.o
                0x08008694                mg_http_get_request_len
 .text.mg_http_get_header
                0x08008730       0x80 ./mongoose/mongoose.o
                0x08008730                mg_http_get_header
 .text.vcb      0x080087b0       0x26 ./mongoose/mongoose.o
 .text.clen     0x080087d6       0xde ./mongoose/mongoose.o
 .text.skiptorn
                0x080088b4       0x96 ./mongoose/mongoose.o
 .text.mg_http_parse_headers
                0x0800894a      0x15e ./mongoose/mongoose.o
 .text.mg_http_parse
                0x08008aa8      0x37c ./mongoose/mongoose.o
                0x08008aa8                mg_http_parse
 .text.mg_http_status_code_str
                0x08008e24      0x9f8 ./mongoose/mongoose.o
 .text.mg_http_reply
                0x0800981c       0xb0 ./mongoose/mongoose.o
                0x0800981c                mg_http_reply
 .text.restore_http_cb
                0x080098cc       0x40 ./mongoose/mongoose.o
 .text.mg_http_etag
                0x0800990c       0x38 ./mongoose/mongoose.o
                0x0800990c                mg_http_etag
 .text.static_cb
                0x08009944       0xc4 ./mongoose/mongoose.o
 .text.guess_content_type
                0x08009a08      0x13c ./mongoose/mongoose.o
 .text.getrange
                0x08009b44       0xe8 ./mongoose/mongoose.o
 .text.mg_http_serve_file
                0x08009c2c      0x5a4 ./mongoose/mongoose.o
                0x08009c2c                mg_http_serve_file
 .text.uri_to_path2
                0x0800a1d0      0x2dc ./mongoose/mongoose.o
 .text.uri_to_path
                0x0800a4ac      0x194 ./mongoose/mongoose.o
 .text.mg_http_serve_dir
                0x0800a640       0xc8 ./mongoose/mongoose.o
                0x0800a640                mg_http_serve_dir
 .text.mg_http_creds
                0x0800a708      0x238 ./mongoose/mongoose.o
                0x0800a708                mg_http_creds
 .text.stripquotes
                0x0800a940       0x52 ./mongoose/mongoose.o
 .text.mg_http_get_header_var
                0x0800a992      0x12c ./mongoose/mongoose.o
                0x0800a992                mg_http_get_header_var
 .text.mg_http_status
                0x0800aabe       0x1c ./mongoose/mongoose.o
                0x0800aabe                mg_http_status
 .text.is_hex_digit
                0x0800aada       0x44 ./mongoose/mongoose.o
 .text.skip_chunk
                0x0800ab1e      0x11e ./mongoose/mongoose.o
 .text.http_cb  0x0800ac3c      0x740 ./mongoose/mongoose.o
 .text.mg_http_listen
                0x0800b37c       0x38 ./mongoose/mongoose.o
                0x0800b37c                mg_http_listen
 .text.roundup  0x0800b3b4       0x34 ./mongoose/mongoose.o
 .text.mg_iobuf_resize
                0x0800b3e8      0x118 ./mongoose/mongoose.o
                0x0800b3e8                mg_iobuf_resize
 .text.mg_iobuf_add
                0x0800b500       0xa4 ./mongoose/mongoose.o
                0x0800b500                mg_iobuf_add
 .text.mg_iobuf_del
                0x0800b5a4       0x96 ./mongoose/mongoose.o
                0x0800b5a4                mg_iobuf_del
 .text.mg_iobuf_free
                0x0800b63a       0x18 ./mongoose/mongoose.o
                0x0800b63a                mg_iobuf_free
 *fill*         0x0800b652        0x2 
 .text.escapeseq
                0x0800b654       0x28 ./mongoose/mongoose.o
 .text.json_esc
                0x0800b67c       0x60 ./mongoose/mongoose.o
 .text.mg_pass_string
                0x0800b6dc       0x82 ./mongoose/mongoose.o
 *fill*         0x0800b75e        0x2 
 .text.mg_atod  0x0800b760      0x2a0 ./mongoose/mongoose.o
 .text.mg_json_get
                0x0800ba00      0x674 ./mongoose/mongoose.o
                0x0800ba00                mg_json_get
 .text.mg_json_get_tok
                0x0800c074       0x4a ./mongoose/mongoose.o
                0x0800c074                mg_json_get_tok
 .text.mg_json_get_num
                0x0800c0be       0x8a ./mongoose/mongoose.o
                0x0800c0be                mg_json_get_num
 .text.mg_json_get_bool
                0x0800c148       0x78 ./mongoose/mongoose.o
                0x0800c148                mg_json_get_bool
 .text.mg_json_unescape
                0x0800c1c0      0x11c ./mongoose/mongoose.o
                0x0800c1c0                mg_json_unescape
 .text.logc     0x0800c2dc       0x28 ./mongoose/mongoose.o
 .text.logs     0x0800c304       0x36 ./mongoose/mongoose.o
 *fill*         0x0800c33a        0x2 
 .text.mg_log_prefix
                0x0800c33c       0xa0 ./mongoose/mongoose.o
                0x0800c33c                mg_log_prefix
 .text.mg_log   0x0800c3dc       0x40 ./mongoose/mongoose.o
                0x0800c3dc                mg_log
 .text.nibble   0x0800c41c       0x2c ./mongoose/mongoose.o
 .text.mg_hexdump
                0x0800c448      0x174 ./mongoose/mongoose.o
                0x0800c448                mg_hexdump
 .text.mg_vprintf
                0x0800c5bc       0x38 ./mongoose/mongoose.o
                0x0800c5bc                mg_vprintf
 .text.mg_printf
                0x0800c5f4       0x34 ./mongoose/mongoose.o
                0x0800c5f4                mg_printf
 .text.mg_atonl
                0x0800c628       0x60 ./mongoose/mongoose.o
 .text.mg_atone
                0x0800c688       0x36 ./mongoose/mongoose.o
 .text.mg_aton4
                0x0800c6be       0xec ./mongoose/mongoose.o
 .text.mg_v4mapped
                0x0800c7aa       0xd0 ./mongoose/mongoose.o
 .text.mg_aton6
                0x0800c87a      0x220 ./mongoose/mongoose.o
 .text.mg_aton  0x0800ca9a       0x74 ./mongoose/mongoose.o
                0x0800ca9a                mg_aton
 .text.mg_alloc_conn
                0x0800cb0e       0x5a ./mongoose/mongoose.o
                0x0800cb0e                mg_alloc_conn
 .text.mg_close_conn
                0x0800cb68       0xd0 ./mongoose/mongoose.o
                0x0800cb68                mg_close_conn
 .text.mg_listen
                0x0800cc38      0x14c ./mongoose/mongoose.o
                0x0800cc38                mg_listen
 .text.mg_timer_add
                0x0800cd84       0x4c ./mongoose/mongoose.o
                0x0800cd84                mg_timer_add
 .text.mg_mgr_init
                0x0800cdd0      0x128 ./mongoose/mongoose.o
                0x0800cdd0                mg_mgr_init
 .text.mg_tcpip_call
                0x0800cef8       0x28 ./mongoose/mongoose.o
 .text.mkpay    0x0800cf20       0x3c ./mongoose/mongoose.o
 .text.csumup   0x0800cf5c       0x56 ./mongoose/mongoose.o
 .text.csumfin  0x0800cfb2       0x36 ./mongoose/mongoose.o
 .text.ipcsum   0x0800cfe8       0x26 ./mongoose/mongoose.o
 *fill*         0x0800d00e        0x2 
 .text.settmout
                0x0800d010       0xc8 ./mongoose/mongoose.o
 .text.ether_output
                0x0800d0d8       0x38 ./mongoose/mongoose.o
 .text.mg_tcpip_arp_request
                0x0800d110       0xd0 ./mongoose/mongoose.o
                0x0800d110                mg_tcpip_arp_request
 .text.onstatechange
                0x0800d1e0      0x154 ./mongoose/mongoose.o
 .text.tx_ip    0x0800d334       0xae ./mongoose/mongoose.o
 .text.tx_udp   0x0800d3e2       0xd2 ./mongoose/mongoose.o
 .text.tx_dhcp  0x0800d4b4      0x120 ./mongoose/mongoose.o
 .text.tx_dhcp_request_sel
                0x0800d5d4      0x1b0 ./mongoose/mongoose.o
 .text.tx_dhcp_request_re
                0x0800d784       0x64 ./mongoose/mongoose.o
 .text.tx_dhcp_discover
                0x0800d7e8       0x78 ./mongoose/mongoose.o
 .text.getpeer  0x0800d860       0xe2 ./mongoose/mongoose.o
 *fill*         0x0800d942        0x2 
 .text.rx_arp   0x0800d944      0x224 ./mongoose/mongoose.o
 .text.rx_icmp  0x0800db68       0xb8 ./mongoose/mongoose.o
 .text.rx_dhcp_client
                0x0800dc20      0x3d0 ./mongoose/mongoose.o
 .text.rx_dhcp_server
                0x0800dff0      0x3dc ./mongoose/mongoose.o
 .text.rx_udp   0x0800e3cc       0xe4 ./mongoose/mongoose.o
 .text.tx_tcp   0x0800e4b0      0x1e4 ./mongoose/mongoose.o
 .text.tx_tcp_pkt
                0x0800e694       0x8c ./mongoose/mongoose.o
 .text.accept_conn
                0x0800e720      0x1b0 ./mongoose/mongoose.o
 .text.trim_len
                0x0800e8d0      0x11c ./mongoose/mongoose.o
 .text.mg_io_send
                0x0800e9ec      0x102 ./mongoose/mongoose.o
                0x0800e9ec                mg_io_send
 *fill*         0x0800eaee        0x2 
 .text.handle_tls_recv
                0x0800eaf0       0xc4 ./mongoose/mongoose.o
 .text.read_conn
                0x0800ebb4      0x430 ./mongoose/mongoose.o
 .text.handle_opt
                0x0800efe4       0xbc ./mongoose/mongoose.o
 .text.rx_tcp   0x0800f0a0      0x290 ./mongoose/mongoose.o
 .text.rx_ip    0x0800f330      0x2dc ./mongoose/mongoose.o
 .text.rx_ip6   0x0800f60c       0x84 ./mongoose/mongoose.o
 .text.mg_tcpip_rx
                0x0800f690      0x228 ./mongoose/mongoose.o
 .text.mg_tcpip_poll
                0x0800f8b8      0x4c0 ./mongoose/mongoose.o
 .text.mg_tcpip_qwrite
                0x0800fd78       0x5a ./mongoose/mongoose.o
                0x0800fd78                mg_tcpip_qwrite
 *fill*         0x0800fdd2        0x2 
 .text.mg_tcpip_init
                0x0800fdd4      0x1d8 ./mongoose/mongoose.o
                0x0800fdd4                mg_tcpip_init
 .text.send_syn
                0x0800ffac       0x66 ./mongoose/mongoose.o
 .text.mac_resolved
                0x08010012       0x48 ./mongoose/mongoose.o
 *fill*         0x0801005a        0x2 
 .text.mg_open_listener
                0x0801005c       0x88 ./mongoose/mongoose.o
                0x0801005c                mg_open_listener
 .text.write_conn
                0x080100e4       0x80 ./mongoose/mongoose.o
 .text.init_closure
                0x08010164       0xa8 ./mongoose/mongoose.o
 .text.close_conn
                0x0801020c       0x26 ./mongoose/mongoose.o
 .text.can_write
                0x08010232       0x68 ./mongoose/mongoose.o
 *fill*         0x0801029a        0x2 
 .text.mg_mgr_poll
                0x0801029c      0x264 ./mongoose/mongoose.o
                0x0801029c                mg_mgr_poll
 .text.mg_send  0x08010500      0x118 ./mongoose/mongoose.o
                0x08010500                mg_send
 .text.mg_ota_begin
                0x08010618       0x2c ./mongoose/mongoose.o
                0x08010618                mg_ota_begin
 .text.mg_ota_write
                0x08010644       0x24 ./mongoose/mongoose.o
                0x08010644                mg_ota_write
 .text.mg_ota_end
                0x08010668       0xc0 ./mongoose/mongoose.o
                0x08010668                mg_ota_end
 .text.mg_pfn_iobuf_private
                0x08010728       0x90 ./mongoose/mongoose.o
 .text.mg_putchar_iobuf_static
                0x080107b8       0x20 ./mongoose/mongoose.o
 .text.mg_pfn_iobuf
                0x080107d8       0x20 ./mongoose/mongoose.o
                0x080107d8                mg_pfn_iobuf
 .text.mg_vsnprintf
                0x080107f8       0x50 ./mongoose/mongoose.o
                0x080107f8                mg_vsnprintf
 .text.mg_snprintf
                0x08010848       0x32 ./mongoose/mongoose.o
                0x08010848                mg_snprintf
 *fill*         0x0801087a        0x2 
 .text.mg_vmprintf
                0x0801087c       0x38 ./mongoose/mongoose.o
                0x0801087c                mg_vmprintf
 .text.mg_mprintf
                0x080108b4       0x2a ./mongoose/mongoose.o
                0x080108b4                mg_mprintf
 .text.mg_pfn_stdout
                0x080108de       0x1c ./mongoose/mongoose.o
                0x080108de                mg_pfn_stdout
 *fill*         0x080108fa        0x2 
 .text.print_ip4
                0x080108fc       0x48 ./mongoose/mongoose.o
 .text.print_ip6
                0x08010944       0xbc ./mongoose/mongoose.o
 .text.mg_print_ip4
                0x08010a00       0x2e ./mongoose/mongoose.o
                0x08010a00                mg_print_ip4
 .text.mg_print_ip
                0x08010a2e       0x48 ./mongoose/mongoose.o
                0x08010a2e                mg_print_ip
 *fill*         0x08010a76        0x2 
 .text.mg_print_ip_port
                0x08010a78       0x4c ./mongoose/mongoose.o
                0x08010a78                mg_print_ip_port
 .text.mg_print_mac
                0x08010ac4       0x6c ./mongoose/mongoose.o
                0x08010ac4                mg_print_mac
 .text.mg_esc   0x08010b30       0x7c ./mongoose/mongoose.o
 .text.mg_escape
                0x08010bac       0x1a ./mongoose/mongoose.o
 .text.qcpy     0x08010bc6       0x86 ./mongoose/mongoose.o
 .text.mg_print_hex
                0x08010c4c       0x88 ./mongoose/mongoose.o
                0x08010c4c                mg_print_hex
 .text.mg_print_esc
                0x08010cd4       0x58 ./mongoose/mongoose.o
                0x08010cd4                mg_print_esc
 .text.mg_queue_read_len
                0x08010d2c       0x54 ./mongoose/mongoose.o
 .text.mg_queue_write_len
                0x08010d80       0x2c ./mongoose/mongoose.o
 .text.mg_queue_book
                0x08010dac       0xae ./mongoose/mongoose.o
                0x08010dac                mg_queue_book
 *fill*         0x08010e5a        0x2 
 .text.mg_queue_next
                0x08010e5c       0x8c ./mongoose/mongoose.o
                0x08010e5c                mg_queue_next
 .text.mg_queue_add
                0x08010ee8       0x70 ./mongoose/mongoose.o
                0x08010ee8                mg_queue_add
 .text.mg_queue_del
                0x08010f58       0x48 ./mongoose/mongoose.o
                0x08010f58                mg_queue_del
 .text.blk0     0x08010fa0       0x58 ./mongoose/mongoose.o
 .text.mg_sha1_transform
                0x08010ff8     0x143c ./mongoose/mongoose.o
 .text.mg_sha1_init
                0x08012434       0x54 ./mongoose/mongoose.o
                0x08012434                mg_sha1_init
 .text.mg_sha1_update
                0x08012488       0xcc ./mongoose/mongoose.o
                0x08012488                mg_sha1_update
 .text.mg_sha1_final
                0x08012554       0xe4 ./mongoose/mongoose.o
                0x08012554                mg_sha1_final
 .text.mg_sha256_init
                0x08012638       0x78 ./mongoose/mongoose.o
                0x08012638                mg_sha256_init
 .text.mg_sha256_chunk
                0x080126b0      0x410 ./mongoose/mongoose.o
 .text.mg_sha256_update
                0x08012ac0       0x72 ./mongoose/mongoose.o
                0x08012ac0                mg_sha256_update
 .text.mg_sha256_final
                0x08012b32      0x270 ./mongoose/mongoose.o
                0x08012b32                mg_sha256_final
 .text.mg_sha256
                0x08012da2       0x38 ./mongoose/mongoose.o
                0x08012da2                mg_sha256
 .text.mg_hmac_sha256
                0x08012dda      0x1ce ./mongoose/mongoose.o
                0x08012dda                mg_hmac_sha256
 .text.mg_sha384_transform
                0x08012fa8      0xa44 ./mongoose/mongoose.o
 *fill*         0x080139ec        0x4 
 .text.mg_sha384_init
                0x080139f0       0xd8 ./mongoose/mongoose.o
                0x080139f0                mg_sha384_init
 .text.mg_sha384_update
                0x08013ac8       0xaa ./mongoose/mongoose.o
                0x08013ac8                mg_sha384_update
 .text.mg_sha384_final
                0x08013b72      0x3dc ./mongoose/mongoose.o
                0x08013b72                mg_sha384_final
 .text.mg_sha384
                0x08013f4e       0x38 ./mongoose/mongoose.o
                0x08013f4e                mg_sha384
 *fill*         0x08013f86        0x2 
 .text.mg_now   0x08013f88       0x24 ./mongoose/mongoose.o
                0x08013f88                mg_now
 .text.mg_http_serve_ssi
                0x08013fac       0x28 ./mongoose/mongoose.o
                0x08013fac                mg_http_serve_ssi
 .text.mg_str_s
                0x08013fd4       0x3a ./mongoose/mongoose.o
                0x08013fd4                mg_str_s
 .text.mg_str_n
                0x0801400e       0x30 ./mongoose/mongoose.o
                0x0801400e                mg_str_n
 .text.mg_tolc  0x0801403e       0x2a ./mongoose/mongoose.o
 .text.mg_strdup
                0x08014068       0x6e ./mongoose/mongoose.o
                0x08014068                mg_strdup
 .text.mg_strcmp
                0x080140d6       0x84 ./mongoose/mongoose.o
                0x080140d6                mg_strcmp
 .text.mg_strcasecmp
                0x0801415a       0x8e ./mongoose/mongoose.o
                0x0801415a                mg_strcasecmp
 .text.mg_match
                0x080141e8      0x1e8 ./mongoose/mongoose.o
                0x080141e8                mg_match
 .text.mg_span  0x080143d0       0xba ./mongoose/mongoose.o
                0x080143d0                mg_span
 .text.mg_str_to_num
                0x0801448a      0x466 ./mongoose/mongoose.o
                0x0801448a                mg_str_to_num
 .text.mg_timer_init
                0x080148f0       0x52 ./mongoose/mongoose.o
                0x080148f0                mg_timer_init
 .text.mg_timer_free
                0x08014942       0x42 ./mongoose/mongoose.o
                0x08014942                mg_timer_free
 .text.mg_timer_expired
                0x08014984       0xc8 ./mongoose/mongoose.o
                0x08014984                mg_timer_expired
 .text.mg_timer_poll
                0x08014a4c       0xf4 ./mongoose/mongoose.o
                0x08014a4c                mg_timer_poll
 .text.mg_tls_hexdump
                0x08014b40       0x50 ./mongoose/mongoose.o
 .text.mg_der_parse
                0x08014b90       0xc0 ./mongoose/mongoose.o
 .text.mg_der_next
                0x08014c50       0x56 ./mongoose/mongoose.o
 .text.mg_der_find_oid
                0x08014ca6       0xa0 ./mongoose/mongoose.o
 .text.mg_der_to_tlv
                0x08014d46       0xa8 ./mongoose/mongoose.o
 .text.mg_tls_got_record
                0x08014dee       0x50 ./mongoose/mongoose.o
 .text.mg_tls_drop_record
                0x08014e3e       0x44 ./mongoose/mongoose.o
 *fill*         0x08014e82        0x2 
 .text.mg_tls_drop_message
                0x08014e84       0x98 ./mongoose/mongoose.o
 .text.mg_tls_derive_secret
                0x08014f1c      0x138 ./mongoose/mongoose.o
 .text.mg_tls_generate_handshake_keys
                0x08015054      0x2a0 ./mongoose/mongoose.o
 .text.mg_tls_generate_application_keys
                0x080152f4      0x230 ./mongoose/mongoose.o
 .text.mg_tls_encrypt
                0x08015524      0x1f8 ./mongoose/mongoose.o
 .text.mg_tls_recv_record
                0x0801571c      0x238 ./mongoose/mongoose.o
 .text.mg_tls_calc_cert_verify_hash
                0x08015954      0x144 ./mongoose/mongoose.o
 .text.mg_tls_server_recv_hello
                0x08015a98      0x318 ./mongoose/mongoose.o
 .text.mg_tls_server_send_hello
                0x08015db0      0x168 ./mongoose/mongoose.o
 .text.mg_tls_server_send_ext
                0x08015f18       0x44 ./mongoose/mongoose.o
 .text.mg_tls_server_send_cert
                0x08015f5c      0x1e4 ./mongoose/mongoose.o
 .text.init_SHA256
                0x08016140       0x1e ./mongoose/mongoose.o
 .text.update_SHA256
                0x0801615e       0x26 ./mongoose/mongoose.o
 .text.finish_SHA256
                0x08016184       0x22 ./mongoose/mongoose.o
 *fill*         0x080161a6        0x2 
 .text.mg_tls_send_cert_verify
                0x080161a8      0x268 ./mongoose/mongoose.o
 .text.mg_tls_server_send_finish
                0x08016410       0x90 ./mongoose/mongoose.o
 .text.mg_tls_server_recv_finish
                0x080164a0       0x80 ./mongoose/mongoose.o
 .text.mg_tls_client_send_hello
                0x08016520      0x3c4 ./mongoose/mongoose.o
 .text.mg_tls_client_recv_hello
                0x080168e4      0x274 ./mongoose/mongoose.o
 .text.mg_tls_client_recv_ext
                0x08016b58       0x60 ./mongoose/mongoose.o
 .text.mg_der_debug_cert_name
                0x08016bb8      0x14c ./mongoose/mongoose.o
 .text.mg_tls_parse_cert_der
                0x08016d04      0x768 ./mongoose/mongoose.o
 .text.mg_tls_verify_cert_san
                0x0801746c      0x100 ./mongoose/mongoose.o
 .text.mg_tls_verify_cert_signature
                0x0801756c      0x318 ./mongoose/mongoose.o
 .text.mg_tls_client_recv_cert
                0x08017884      0x4fc ./mongoose/mongoose.o
 .text.mg_tls_client_recv_cert_verify
                0x08017d80      0x450 ./mongoose/mongoose.o
 .text.mg_tls_client_recv_finish
                0x080181d0       0x60 ./mongoose/mongoose.o
 .text.mg_tls_client_send_finish
                0x08018230       0x80 ./mongoose/mongoose.o
 .text.mg_tls_client_handshake
                0x080182b0      0x21c ./mongoose/mongoose.o
 .text.mg_tls_server_handshake
                0x080184cc       0xa0 ./mongoose/mongoose.o
 .text.mg_tls_handshake
                0x0801856c       0x66 ./mongoose/mongoose.o
                0x0801856c                mg_tls_handshake
 *fill*         0x080185d2        0x2 
 .text.mg_parse_pem
                0x080185d4      0x140 ./mongoose/mongoose.o
 .text.mg_tls_init
                0x08018714      0x2f8 ./mongoose/mongoose.o
                0x08018714                mg_tls_init
 .text.mg_tls_free
                0x08018a0c       0x54 ./mongoose/mongoose.o
                0x08018a0c                mg_tls_free
 .text.mg_tls_send
                0x08018a60      0x148 ./mongoose/mongoose.o
                0x08018a60                mg_tls_send
 .text.mg_tls_recv
                0x08018ba8       0xa8 ./mongoose/mongoose.o
                0x08018ba8                mg_tls_recv
 .text.mg_tls_pending
                0x08018c50       0x2a ./mongoose/mongoose.o
                0x08018c50                mg_tls_pending
 .text.mg_tls_flush
                0x08018c7a       0x48 ./mongoose/mongoose.o
                0x08018c7a                mg_tls_flush
 .text.mg_tls_ctx_init
                0x08018cc2       0x14 ./mongoose/mongoose.o
                0x08018cc2                mg_tls_ctx_init
 *fill*         0x08018cd6        0x2 
 .text.initialize_state
                0x08018cd8       0xd0 ./mongoose/mongoose.o
 .text.core_block
                0x08018da8      0x4a4 ./mongoose/mongoose.o
 .text.xor_block
                0x0801924c      0x116 ./mongoose/mongoose.o
 .text.chacha20_xor_stream
                0x08019362       0xf0 ./mongoose/mongoose.o
 .text.rfc8439_keygen
                0x08019452       0x40 ./mongoose/mongoose.o
 .text.U8TO32   0x08019492       0x38 ./mongoose/mongoose.o
 .text.U32TO8   0x080194ca       0x42 ./mongoose/mongoose.o
 .text.poly1305_init
                0x0801950c       0xf8 ./mongoose/mongoose.o
 .text.poly1305_blocks
                0x08019604      0xe06 ./mongoose/mongoose.o
 .text.poly1305_finish
                0x0801a40a      0x4b8 ./mongoose/mongoose.o
 .text.poly1305_update
                0x0801a8c2      0x106 ./mongoose/mongoose.o
 .text.pad_if_needed
                0x0801a9c8       0x34 ./mongoose/mongoose.o
 .text.write_64bit_int
                0x0801a9fc       0xbe ./mongoose/mongoose.o
 .text.poly1305_calculate_mac
                0x0801aaba       0xcc ./mongoose/mongoose.o
 .text.mg_chacha20_poly1305_encrypt
                0x0801ab86       0x70 ./mongoose/mongoose.o
                0x0801ab86                mg_chacha20_poly1305_encrypt
 .text.mg_chacha20_poly1305_decrypt
                0x0801abf6       0x54 ./mongoose/mongoose.o
                0x0801abf6                mg_chacha20_poly1305_decrypt
 .text.bi_initialize
                0x0801ac4a       0x4a ./mongoose/mongoose.o
 .text.bi_copy  0x0801ac94       0x30 ./mongoose/mongoose.o
 .text.bi_permanent
                0x0801acc4       0x28 ./mongoose/mongoose.o
 .text.bi_depermanent
                0x0801acec       0x28 ./mongoose/mongoose.o
 .text.bi_free  0x0801ad14       0x64 ./mongoose/mongoose.o
 .text.int_to_bi
                0x0801ad78       0x26 ./mongoose/mongoose.o
 .text.bi_clone
                0x0801ad9e       0x3a ./mongoose/mongoose.o
 .text.bi_add   0x0801add8       0xba ./mongoose/mongoose.o
 .text.bi_subtract
                0x0801ae92       0xb0 ./mongoose/mongoose.o
 .text.bi_int_multiply
                0x0801af42      0x106 ./mongoose/mongoose.o
 .text.bi_divide
                0x0801b048      0x46c ./mongoose/mongoose.o
 .text.bi_int_divide
                0x0801b4b4       0xb2 ./mongoose/mongoose.o
 .text.bi_import
                0x0801b566       0xa2 ./mongoose/mongoose.o
 .text.bi_export
                0x0801b608       0xa0 ./mongoose/mongoose.o
 .text.bi_set_mod
                0x0801b6a8       0x94 ./mongoose/mongoose.o
 .text.regular_multiply
                0x0801b73c      0x19c ./mongoose/mongoose.o
 .text.bi_multiply
                0x0801b8d8       0x26 ./mongoose/mongoose.o
 .text.bi_compare
                0x0801b8fe       0xaa ./mongoose/mongoose.o
 .text.more_comps
                0x0801b9a8       0xb8 ./mongoose/mongoose.o
 .text.alloc    0x0801ba60       0x90 ./mongoose/mongoose.o
 .text.find_max_exp_index
                0x0801baf0       0x66 ./mongoose/mongoose.o
 .text.exp_bit_is_one
                0x0801bb56       0x6c ./mongoose/mongoose.o
 .text.trim     0x0801bbc2       0x50 ./mongoose/mongoose.o
 .text.bi_mod_power
                0x0801bc12      0x1d8 ./mongoose/mongoose.o
 .text.mg_rsa_mod_pow
                0x0801bdea       0x8a ./mongoose/mongoose.o
                0x0801bdea                mg_rsa_mod_pow
 .text.mg_uecc_vli_clear
                0x0801be74       0x42 ./mongoose/mongoose.o
 .text.mg_uecc_vli_isZero
                0x0801beb6       0x54 ./mongoose/mongoose.o
 .text.mg_uecc_vli_testBit
                0x0801bf0a       0x36 ./mongoose/mongoose.o
 .text.vli_numDigits
                0x0801bf40       0x4a ./mongoose/mongoose.o
 .text.mg_uecc_vli_numBits
                0x0801bf8a       0x72 ./mongoose/mongoose.o
 .text.mg_uecc_vli_set
                0x0801bffc       0x4e ./mongoose/mongoose.o
 .text.mg_uecc_vli_cmp_unsafe
                0x0801c04a       0x78 ./mongoose/mongoose.o
 .text.mg_uecc_vli_equal
                0x0801c0c2       0x64 ./mongoose/mongoose.o
 .text.mg_uecc_vli_cmp
                0x0801c126       0x62 ./mongoose/mongoose.o
 .text.mg_uecc_vli_rshift1
                0x0801c188       0x54 ./mongoose/mongoose.o
 .text.mg_uecc_vli_add
                0x0801c1dc       0x94 ./mongoose/mongoose.o
 .text.mg_uecc_vli_sub
                0x0801c270       0x94 ./mongoose/mongoose.o
 .text.muladd   0x0801c304       0xd4 ./mongoose/mongoose.o
 .text.mg_uecc_vli_mult
                0x0801c3d8      0x140 ./mongoose/mongoose.o
 .text.mg_uecc_vli_modAdd
                0x0801c518       0x4e ./mongoose/mongoose.o
 .text.mg_uecc_vli_modSub
                0x0801c566       0x3a ./mongoose/mongoose.o
 .text.mg_uecc_vli_mmod
                0x0801c5a0      0x278 ./mongoose/mongoose.o
 .text.mg_uecc_vli_modMult
                0x0801c818       0x36 ./mongoose/mongoose.o
 .text.mg_uecc_vli_modMult_fast
                0x0801c84e       0x38 ./mongoose/mongoose.o
 .text.mg_uecc_vli_modSquare_fast
                0x0801c886       0x20 ./mongoose/mongoose.o
 .text.vli_modInv_update
                0x0801c8a6       0x70 ./mongoose/mongoose.o
 .text.mg_uecc_vli_modInv
                0x0801c916      0x1f2 ./mongoose/mongoose.o
 .text.double_jacobian_default
                0x0801cb08      0x1fe ./mongoose/mongoose.o
 .text.x_side_default
                0x0801cd06       0x76 ./mongoose/mongoose.o
 .text.mod_sqrt_default
                0x0801cd7c       0xca ./mongoose/mongoose.o
 *fill*         0x0801ce46        0x2 
 .text.mg_uecc_secp256r1
                0x0801ce48       0x14 ./mongoose/mongoose.o
                0x0801ce48                mg_uecc_secp256r1
 .text.vli_mmod_fast_secp256r1
                0x0801ce5c      0x2b4 ./mongoose/mongoose.o
 .text.apply_z  0x0801d110       0x50 ./mongoose/mongoose.o
 .text.XYcZ_initial_double
                0x0801d160       0x94 ./mongoose/mongoose.o
 .text.XYcZ_add
                0x0801d1f4      0x134 ./mongoose/mongoose.o
 .text.XYcZ_addC
                0x0801d328      0x1e2 ./mongoose/mongoose.o
 .text.EccPoint_mult
                0x0801d50a      0x2c2 ./mongoose/mongoose.o
 .text.regularize_k
                0x0801d7cc       0x82 ./mongoose/mongoose.o
 *fill*         0x0801d84e        0x2 
 .text.mg_uecc_generate_random_int
                0x0801d850       0xd4 ./mongoose/mongoose.o
 .text.mg_uecc_vli_nativeToBytes
                0x0801d924       0x5a ./mongoose/mongoose.o
 .text.mg_uecc_vli_bytesToNative
                0x0801d97e       0x78 ./mongoose/mongoose.o
 .text.bits2int
                0x0801d9f6       0xe4 ./mongoose/mongoose.o
 *fill*         0x0801dada        0x2 
 .text.mg_uecc_sign_with_k_internal
                0x0801dadc      0x2d8 ./mongoose/mongoose.o
 .text.HMAC_init
                0x0801ddb4       0x7e ./mongoose/mongoose.o
 .text.HMAC_update
                0x0801de32       0x20 ./mongoose/mongoose.o
 .text.HMAC_finish
                0x0801de52       0xa2 ./mongoose/mongoose.o
 .text.update_V
                0x0801def4       0x34 ./mongoose/mongoose.o
 .text.mg_uecc_sign_deterministic
                0x0801df28      0x22c ./mongoose/mongoose.o
                0x0801df28                mg_uecc_sign_deterministic
 .text.smax     0x0801e154       0x2c ./mongoose/mongoose.o
 .text.mg_uecc_verify
                0x0801e180      0x598 ./mongoose/mongoose.o
                0x0801e180                mg_uecc_verify
 .text.umaal    0x0801e718       0x9c ./mongoose/mongoose.o
 .text.adc      0x0801e7b4       0x6e ./mongoose/mongoose.o
 .text.adc0     0x0801e822       0x4c ./mongoose/mongoose.o
 .text.propagate
                0x0801e86e       0x74 ./mongoose/mongoose.o
 .text.add      0x0801e8e2       0x60 ./mongoose/mongoose.o
 .text.sub      0x0801e942       0xa2 ./mongoose/mongoose.o
 .text.mul      0x0801e9e4       0xfa ./mongoose/mongoose.o
 .text.sqr      0x0801eade       0x1e ./mongoose/mongoose.o
 .text.mul1     0x0801eafc       0x1e ./mongoose/mongoose.o
 .text.sqr1     0x0801eb1a       0x18 ./mongoose/mongoose.o
 .text.condswap
                0x0801eb32       0x78 ./mongoose/mongoose.o
 .text.canon    0x0801ebaa       0xe4 ./mongoose/mongoose.o
 *fill*         0x0801ec8e        0x2 
 .text.ladder_part1
                0x0801ec90       0xa8 ./mongoose/mongoose.o
 .text.ladder_part2
                0x0801ed38       0x5c ./mongoose/mongoose.o
 .text.x25519_core
                0x0801ed94      0x15c ./mongoose/mongoose.o
 .text.mg_tls_x25519
                0x0801eef0      0x198 ./mongoose/mongoose.o
                0x0801eef0                mg_tls_x25519
 .text.mg_url_is_ssl
                0x0801f088       0x90 ./mongoose/mongoose.o
                0x0801f088                mg_url_is_ssl
 .text.urlparse
                0x0801f118      0x102 ./mongoose/mongoose.o
 .text.mg_url_host
                0x0801f21a       0x66 ./mongoose/mongoose.o
                0x0801f21a                mg_url_host
 .text.mg_url_port
                0x0801f280       0xc8 ./mongoose/mongoose.o
                0x0801f280                mg_url_port
 .text.mg_bzero
                0x0801f348       0x32 ./mongoose/mongoose.o
                0x0801f348                mg_bzero
 *fill*         0x0801f37a        0x2 
 .text.mg_random_str
                0x0801f37c       0x8c ./mongoose/mongoose.o
                0x0801f37c                mg_random_str
 .text.mg_crc32
                0x0801f408       0x74 ./mongoose/mongoose.o
                0x0801f408                mg_crc32
 .text.mg_path_is_sane
                0x0801f47c       0x8c ./mongoose/mongoose.o
                0x0801f47c                mg_path_is_sane
 .text.mg_ntohs
                0x0801f508       0x2e ./mongoose/mongoose.o
                0x0801f508                mg_ntohs
 .text.mg_ntohl
                0x0801f536       0x36 ./mongoose/mongoose.o
                0x0801f536                mg_ntohl
 .text.ws_handshake
                0x0801f56c       0xc8 ./mongoose/mongoose.o
 .text.be32     0x0801f634       0x38 ./mongoose/mongoose.o
 .text.ws_process
                0x0801f66c      0x150 ./mongoose/mongoose.o
 .text.mkhdr    0x0801f7bc       0xe2 ./mongoose/mongoose.o
 .text.mg_ws_mask
                0x0801f89e       0x78 ./mongoose/mongoose.o
 *fill*         0x0801f916        0x2 
 .text.mg_ws_send
                0x0801f918       0xb4 ./mongoose/mongoose.o
                0x0801f918                mg_ws_send
 .text.mg_ws_client_handshake
                0x0801f9cc      0x12c ./mongoose/mongoose.o
 .text.mg_ws_cb
                0x0801faf8      0x2b8 ./mongoose/mongoose.o
 .text.mg_ws_upgrade
                0x0801fdb0       0xb4 ./mongoose/mongoose.o
                0x0801fdb0                mg_ws_upgrade
 .text.mg_phy_id_to_str
                0x0801fe64      0x114 ./mongoose/mongoose.o
 .text.mg_phy_init
                0x0801ff78      0x170 ./mongoose/mongoose.o
                0x0801ff78                mg_phy_init
 .text.mg_phy_up
                0x080200e8      0x22a ./mongoose/mongoose.o
                0x080200e8                mg_phy_up
 *fill*         0x08020312        0x2 
 .text.eth_read_phy
                0x08020314       0x74 ./mongoose/mongoose.o
 .text.eth_write_phy
                0x08020388       0x78 ./mongoose/mongoose.o
 .text.mg_tcpip_driver_stm32h_init
                0x08020400      0x270 ./mongoose/mongoose.o
 .text.mg_tcpip_driver_stm32h_tx
                0x08020670      0x1b8 ./mongoose/mongoose.o
 .text.mg_tcpip_driver_stm32h_update_hash_table
                0x08020828       0x64 ./mongoose/mongoose.o
 .text.mg_tcpip_driver_stm32h_poll
                0x0802088c      0x124 ./mongoose/mongoose.o
 .text.ETH_IRQHandler
                0x080209b0      0x120 ./mongoose/mongoose.o
                0x080209b0                ETH_IRQHandler
 .text.scmp     0x08020ad0       0x44 ./mongoose/mongoose_fs.o
 .text.mg_unlist
                0x08020b14       0x28 ./mongoose/mongoose_fs.o
                0x08020b14                mg_unlist
 .text.mg_unpack
                0x08020b3c       0x6c ./mongoose/mongoose_fs.o
                0x08020b3c                mg_unpack
 .text.glue_modbus_read_reg
                0x08020ba8       0x9c ./mongoose/mongoose_glue.o
                0x08020ba8                glue_modbus_read_reg
 .text.glue_modbus_write_reg
                0x08020c44       0x9c ./mongoose/mongoose_glue.o
                0x08020c44                glue_modbus_write_reg
 .text.glue_authenticate
                0x08020ce0       0x64 ./mongoose/mongoose_glue.o
                0x08020ce0                glue_authenticate
 .text.glue_check_reboot
                0x08020d44       0x24 ./mongoose/mongoose_glue.o
                0x08020d44                glue_check_reboot
 .text.glue_start_reboot
                0x08020d68       0x60 ./mongoose/mongoose_glue.o
                0x08020d68                glue_start_reboot
 .text.glue_check_reformat
                0x08020dc8       0x24 ./mongoose/mongoose_glue.o
                0x08020dc8                glue_check_reformat
 .text.glue_start_reformat
                0x08020dec       0x60 ./mongoose/mongoose_glue.o
                0x08020dec                glue_start_reformat
 .text.glue_ota_begin_firmware_update
                0x08020e4c       0x58 ./mongoose/mongoose_glue.o
                0x08020e4c                glue_ota_begin_firmware_update
 .text.glue_ota_end_firmware_update
                0x08020ea4       0x34 ./mongoose/mongoose_glue.o
                0x08020ea4                glue_ota_end_firmware_update
 .text.glue_ota_write_firmware_update
                0x08020ed8       0x50 ./mongoose/mongoose_glue.o
                0x08020ed8                glue_ota_write_firmware_update
 .text.glue_upload_open_file_upload
                0x08020f28       0x84 ./mongoose/mongoose_glue.o
                0x08020f28                glue_upload_open_file_upload
 .text.glue_upload_close_file_upload
                0x08020fac       0x40 ./mongoose/mongoose_glue.o
                0x08020fac                glue_upload_close_file_upload
 .text.glue_upload_write_file_upload
                0x08020fec       0x48 ./mongoose/mongoose_glue.o
                0x08020fec                glue_upload_write_file_upload
 .text.glue_reply_graph_data
                0x08021034       0x38 ./mongoose/mongoose_glue.o
                0x08021034                glue_reply_graph_data
 .text.glue_get_state
                0x0802106c       0x30 ./mongoose/mongoose_glue.o
                0x0802106c                glue_get_state
 .text.glue_get_leds
                0x0802109c       0x24 ./mongoose/mongoose_glue.o
                0x0802109c                glue_get_leds
 .text.glue_set_leds
                0x080210c0       0x24 ./mongoose/mongoose_glue.o
                0x080210c0                glue_set_leds
 .text.glue_get_network_settings
                0x080210e4       0x48 ./mongoose/mongoose_glue.o
                0x080210e4                glue_get_network_settings
 .text.glue_set_network_settings
                0x0802112c       0x48 ./mongoose/mongoose_glue.o
                0x0802112c                glue_set_network_settings
 .text.glue_get_settings
                0x08021174       0x24 ./mongoose/mongoose_glue.o
                0x08021174                glue_get_settings
 .text.glue_set_settings
                0x08021198       0x24 ./mongoose/mongoose_glue.o
                0x08021198                glue_set_settings
 .text.glue_get_security
                0x080211bc       0x24 ./mongoose/mongoose_glue.o
                0x080211bc                glue_get_security
 .text.glue_set_security
                0x080211e0       0x24 ./mongoose/mongoose_glue.o
                0x080211e0                glue_set_security
 .text.glue_reply_loglevels
                0x08021204       0x38 ./mongoose/mongoose_glue.o
                0x08021204                glue_reply_loglevels
 .text.glue_reply_events
                0x0802123c       0x38 ./mongoose/mongoose_glue.o
                0x0802123c                glue_reply_events
 .text.get_api_handler
                0x08021274       0x9c ./mongoose/mongoose_impl.o
 .text.find_handler
                0x08021310       0x58 ./mongoose/mongoose_impl.o
 .text.mg_json_get_str2
                0x08021368       0x58 ./mongoose/mongoose_impl.o
                0x08021368                mg_json_get_str2
 .text.authenticate
                0x080213c0      0x1c8 ./mongoose/mongoose_impl.o
 .text.handle_login
                0x08021588       0xdc ./mongoose/mongoose_impl.o
 .text.handle_logout
                0x08021664       0x70 ./mongoose/mongoose_impl.o
 .text.close_uploaded_file
                0x080216d4       0x42 ./mongoose/mongoose_impl.o
 *fill*         0x08021716        0x2 
 .text.file_closer
                0x08021718       0x48 ./mongoose/mongoose_impl.o
 .text.file_writer
                0x08021760       0x68 ./mongoose/mongoose_impl.o
 .text.upload_handler
                0x080217c8      0x1b4 ./mongoose/mongoose_impl.o
 .text.get_file_name_from_uri
                0x0802197c       0x60 ./mongoose/mongoose_impl.o
 .text.prep_upload
                0x080219dc      0x108 ./mongoose/mongoose_impl.o
 .text.handle_uploads
                0x08021ae4       0xe4 ./mongoose/mongoose_impl.o
 .text.handle_action
                0x08021bc8       0x88 ./mongoose/mongoose_impl.o
 .text.print_struct
                0x08021c50      0x210 ./mongoose/mongoose_impl.o
                0x08021c50                print_struct
 .text.handle_object
                0x08021e60      0x238 ./mongoose/mongoose_impl.o
 .text.print_array
                0x08022098      0x108 ./mongoose/mongoose_impl.o
 .text.handle_array
                0x080221a0       0xfc ./mongoose/mongoose_impl.o
 .text.handle_file
                0x0802229c       0x32 ./mongoose/mongoose_impl.o
 *fill*         0x080222ce        0x2 
 .text.handle_api_call
                0x080222d0       0xfc ./mongoose/mongoose_impl.o
 .text.http_ev_handler
                0x080223cc      0x46c ./mongoose/mongoose_impl.o
 .text.send_websocket_data
                0x08022838       0xc4 ./mongoose/mongoose_impl.o
 .text.handle_modbus_pdu
                0x080228fc      0x4a0 ./mongoose/mongoose_impl.o
 .text.modbus_ev_handler
                0x08022d9c       0xa0 ./mongoose/mongoose_impl.o
 .text.mongoose_init
                0x08022e3c       0xc4 ./mongoose/mongoose_impl.o
                0x08022e3c                mongoose_init
 .text.mongoose_poll
                0x08022f00       0x18 ./mongoose/mongoose_impl.o
                0x08022f00                mongoose_poll
 .text.abort    0x08022f18        0xe C:/ST/STM32CubeIDE_1.18.1/STM32CubeIDE/plugins/com.st.stm32cube.ide.mcu.externaltools.gnu-tools-for-stm32.13.3.rel1.win32_1.0.0.202411081344/tools/bin/../lib/gcc/arm-none-eabi/13.3.1/../../../../arm-none-eabi/lib/thumb/v7e-m+dp/hard\libc_nano.a(libc_a-abort.o)
                0x08022f18                abort
 *fill*         0x08022f26        0x2 
 .text.__assert_func
                0x08022f28       0x3c C:/ST/STM32CubeIDE_1.18.1/STM32CubeIDE/plugins/com.st.stm32cube.ide.mcu.externaltools.gnu-tools-for-stm32.13.3.rel1.win32_1.0.0.202411081344/tools/bin/../lib/gcc/arm-none-eabi/13.3.1/../../../../arm-none-eabi/lib/thumb/v7e-m+dp/hard\libc_nano.a(libc_a-assert.o)
                0x08022f28                __assert_func
 .text.atoi     0x08022f64        0x8 C:/ST/STM32CubeIDE_1.18.1/STM32CubeIDE/plugins/com.st.stm32cube.ide.mcu.externaltools.gnu-tools-for-stm32.13.3.rel1.win32_1.0.0.202411081344/tools/bin/../lib/gcc/arm-none-eabi/13.3.1/../../../../arm-none-eabi/lib/thumb/v7e-m+dp/hard\libc_nano.a(libc_a-atoi.o)
                0x08022f64                atoi
 .text.calloc   0x08022f6c       0x10 C:/ST/STM32CubeIDE_1.18.1/STM32CubeIDE/plugins/com.st.stm32cube.ide.mcu.externaltools.gnu-tools-for-stm32.13.3.rel1.win32_1.0.0.202411081344/tools/bin/../lib/gcc/arm-none-eabi/13.3.1/../../../../arm-none-eabi/lib/thumb/v7e-m+dp/hard\libc_nano.a(libc_a-calloc.o)
                0x08022f6c                calloc
 .text._calloc_r
                0x08022f7c       0x28 C:/ST/STM32CubeIDE_1.18.1/STM32CubeIDE/plugins/com.st.stm32cube.ide.mcu.externaltools.gnu-tools-for-stm32.13.3.rel1.win32_1.0.0.202411081344/tools/bin/../lib/gcc/arm-none-eabi/13.3.1/../../../../arm-none-eabi/lib/thumb/v7e-m+dp/hard\libc_nano.a(libc_a-callocr.o)
                0x08022f7c                _calloc_r
 .text.malloc   0x08022fa4       0x10 C:/ST/STM32CubeIDE_1.18.1/STM32CubeIDE/plugins/com.st.stm32cube.ide.mcu.externaltools.gnu-tools-for-stm32.13.3.rel1.win32_1.0.0.202411081344/tools/bin/../lib/gcc/arm-none-eabi/13.3.1/../../../../arm-none-eabi/lib/thumb/v7e-m+dp/hard\libc_nano.a(libc_a-malloc.o)
                0x08022fa4                malloc
 .text.free     0x08022fb4       0x10 C:/ST/STM32CubeIDE_1.18.1/STM32CubeIDE/plugins/com.st.stm32cube.ide.mcu.externaltools.gnu-tools-for-stm32.13.3.rel1.win32_1.0.0.202411081344/tools/bin/../lib/gcc/arm-none-eabi/13.3.1/../../../../arm-none-eabi/lib/thumb/v7e-m+dp/hard\libc_nano.a(libc_a-malloc.o)
                0x08022fb4                free
 .text.sbrk_aligned
                0x08022fc4       0x44 C:/ST/STM32CubeIDE_1.18.1/STM32CubeIDE/plugins/com.st.stm32cube.ide.mcu.externaltools.gnu-tools-for-stm32.13.3.rel1.win32_1.0.0.202411081344/tools/bin/../lib/gcc/arm-none-eabi/13.3.1/../../../../arm-none-eabi/lib/thumb/v7e-m+dp/hard\libc_nano.a(libc_a-mallocr.o)
 .text._malloc_r
                0x08023008      0x100 C:/ST/STM32CubeIDE_1.18.1/STM32CubeIDE/plugins/com.st.stm32cube.ide.mcu.externaltools.gnu-tools-for-stm32.13.3.rel1.win32_1.0.0.202411081344/tools/bin/../lib/gcc/arm-none-eabi/13.3.1/../../../../arm-none-eabi/lib/thumb/v7e-m+dp/hard\libc_nano.a(libc_a-mallocr.o)
                0x08023008                _malloc_r
 .text.__malloc_lock
                0x08023108        0xc C:/ST/STM32CubeIDE_1.18.1/STM32CubeIDE/plugins/com.st.stm32cube.ide.mcu.externaltools.gnu-tools-for-stm32.13.3.rel1.win32_1.0.0.202411081344/tools/bin/../lib/gcc/arm-none-eabi/13.3.1/../../../../arm-none-eabi/lib/thumb/v7e-m+dp/hard\libc_nano.a(libc_a-mlock.o)
                0x08023108                __malloc_lock
 .text.__malloc_unlock
                0x08023114        0xc C:/ST/STM32CubeIDE_1.18.1/STM32CubeIDE/plugins/com.st.stm32cube.ide.mcu.externaltools.gnu-tools-for-stm32.13.3.rel1.win32_1.0.0.202411081344/tools/bin/../lib/gcc/arm-none-eabi/13.3.1/../../../../arm-none-eabi/lib/thumb/v7e-m+dp/hard\libc_nano.a(libc_a-mlock.o)
                0x08023114                __malloc_unlock
 .text.srand    0x08023120       0x5c C:/ST/STM32CubeIDE_1.18.1/STM32CubeIDE/plugins/com.st.stm32cube.ide.mcu.externaltools.gnu-tools-for-stm32.13.3.rel1.win32_1.0.0.202411081344/tools/bin/../lib/gcc/arm-none-eabi/13.3.1/../../../../arm-none-eabi/lib/thumb/v7e-m+dp/hard\libc_nano.a(libc_a-rand.o)
                0x08023120                srand
 .text._strtol_l.isra.0
                0x0802317c       0xf4 C:/ST/STM32CubeIDE_1.18.1/STM32CubeIDE/plugins/com.st.stm32cube.ide.mcu.externaltools.gnu-tools-for-stm32.13.3.rel1.win32_1.0.0.202411081344/tools/bin/../lib/gcc/arm-none-eabi/13.3.1/../../../../arm-none-eabi/lib/thumb/v7e-m+dp/hard\libc_nano.a(libc_a-strtol.o)
 .text.strtol   0x08023270       0x14 C:/ST/STM32CubeIDE_1.18.1/STM32CubeIDE/plugins/com.st.stm32cube.ide.mcu.externaltools.gnu-tools-for-stm32.13.3.rel1.win32_1.0.0.202411081344/tools/bin/../lib/gcc/arm-none-eabi/13.3.1/../../../../arm-none-eabi/lib/thumb/v7e-m+dp/hard\libc_nano.a(libc_a-strtol.o)
                0x08023270                strtol
 .text.std      0x08023284       0x6c C:/ST/STM32CubeIDE_1.18.1/STM32CubeIDE/plugins/com.st.stm32cube.ide.mcu.externaltools.gnu-tools-for-stm32.13.3.rel1.win32_1.0.0.202411081344/tools/bin/../lib/gcc/arm-none-eabi/13.3.1/../../../../arm-none-eabi/lib/thumb/v7e-m+dp/hard\libc_nano.a(libc_a-findfp.o)
 .text.stdio_exit_handler
                0x080232f0       0x18 C:/ST/STM32CubeIDE_1.18.1/STM32CubeIDE/plugins/com.st.stm32cube.ide.mcu.externaltools.gnu-tools-for-stm32.13.3.rel1.win32_1.0.0.202411081344/tools/bin/../lib/gcc/arm-none-eabi/13.3.1/../../../../arm-none-eabi/lib/thumb/v7e-m+dp/hard\libc_nano.a(libc_a-findfp.o)
 .text.cleanup_stdio
                0x08023308       0x40 C:/ST/STM32CubeIDE_1.18.1/STM32CubeIDE/plugins/com.st.stm32cube.ide.mcu.externaltools.gnu-tools-for-stm32.13.3.rel1.win32_1.0.0.202411081344/tools/bin/../lib/gcc/arm-none-eabi/13.3.1/../../../../arm-none-eabi/lib/thumb/v7e-m+dp/hard\libc_nano.a(libc_a-findfp.o)
 .text.global_stdio_init.part.0
                0x08023348       0x3c C:/ST/STM32CubeIDE_1.18.1/STM32CubeIDE/plugins/com.st.stm32cube.ide.mcu.externaltools.gnu-tools-for-stm32.13.3.rel1.win32_1.0.0.202411081344/tools/bin/../lib/gcc/arm-none-eabi/13.3.1/../../../../arm-none-eabi/lib/thumb/v7e-m+dp/hard\libc_nano.a(libc_a-findfp.o)
 .text.__sfp_lock_acquire
                0x08023384        0xc C:/ST/STM32CubeIDE_1.18.1/STM32CubeIDE/plugins/com.st.stm32cube.ide.mcu.externaltools.gnu-tools-for-stm32.13.3.rel1.win32_1.0.0.202411081344/tools/bin/../lib/gcc/arm-none-eabi/13.3.1/../../../../arm-none-eabi/lib/thumb/v7e-m+dp/hard\libc_nano.a(libc_a-findfp.o)
                0x08023384                __sfp_lock_acquire
 .text.__sfp_lock_release
                0x08023390        0xc C:/ST/STM32CubeIDE_1.18.1/STM32CubeIDE/plugins/com.st.stm32cube.ide.mcu.externaltools.gnu-tools-for-stm32.13.3.rel1.win32_1.0.0.202411081344/tools/bin/../lib/gcc/arm-none-eabi/13.3.1/../../../../arm-none-eabi/lib/thumb/v7e-m+dp/hard\libc_nano.a(libc_a-findfp.o)
                0x08023390                __sfp_lock_release
 .text.__sinit  0x0802339c       0x30 C:/ST/STM32CubeIDE_1.18.1/STM32CubeIDE/plugins/com.st.stm32cube.ide.mcu.externaltools.gnu-tools-for-stm32.13.3.rel1.win32_1.0.0.202411081344/tools/bin/../lib/gcc/arm-none-eabi/13.3.1/../../../../arm-none-eabi/lib/thumb/v7e-m+dp/hard\libc_nano.a(libc_a-findfp.o)
                0x0802339c                __sinit
 .text.fprintf  0x080233cc       0x24 C:/ST/STM32CubeIDE_1.18.1/STM32CubeIDE/plugins/com.st.stm32cube.ide.mcu.externaltools.gnu-tools-for-stm32.13.3.rel1.win32_1.0.0.202411081344/tools/bin/../lib/gcc/arm-none-eabi/13.3.1/../../../../arm-none-eabi/lib/thumb/v7e-m+dp/hard\libc_nano.a(libc_a-fprintf.o)
                0x080233cc                fiprintf
                0x080233cc                fprintf
 .text._fwalk_sglue
                0x080233f0       0x3c C:/ST/STM32CubeIDE_1.18.1/STM32CubeIDE/plugins/com.st.stm32cube.ide.mcu.externaltools.gnu-tools-for-stm32.13.3.rel1.win32_1.0.0.202411081344/tools/bin/../lib/gcc/arm-none-eabi/13.3.1/../../../../arm-none-eabi/lib/thumb/v7e-m+dp/hard\libc_nano.a(libc_a-fwalk.o)
                0x080233f0                _fwalk_sglue
 .text.putchar  0x0802342c       0x10 C:/ST/STM32CubeIDE_1.18.1/STM32CubeIDE/plugins/com.st.stm32cube.ide.mcu.externaltools.gnu-tools-for-stm32.13.3.rel1.win32_1.0.0.202411081344/tools/bin/../lib/gcc/arm-none-eabi/13.3.1/../../../../arm-none-eabi/lib/thumb/v7e-m+dp/hard\libc_nano.a(libc_a-putchar.o)
                0x0802342c                putchar
 .text.__sread  0x0802343c       0x22 C:/ST/STM32CubeIDE_1.18.1/STM32CubeIDE/plugins/com.st.stm32cube.ide.mcu.externaltools.gnu-tools-for-stm32.13.3.rel1.win32_1.0.0.202411081344/tools/bin/../lib/gcc/arm-none-eabi/13.3.1/../../../../arm-none-eabi/lib/thumb/v7e-m+dp/hard\libc_nano.a(libc_a-stdio.o)
                0x0802343c                __sread
 .text.__swrite
                0x0802345e       0x38 C:/ST/STM32CubeIDE_1.18.1/STM32CubeIDE/plugins/com.st.stm32cube.ide.mcu.externaltools.gnu-tools-for-stm32.13.3.rel1.win32_1.0.0.202411081344/tools/bin/../lib/gcc/arm-none-eabi/13.3.1/../../../../arm-none-eabi/lib/thumb/v7e-m+dp/hard\libc_nano.a(libc_a-stdio.o)
                0x0802345e                __swrite
 .text.__sseek  0x08023496       0x24 C:/ST/STM32CubeIDE_1.18.1/STM32CubeIDE/plugins/com.st.stm32cube.ide.mcu.externaltools.gnu-tools-for-stm32.13.3.rel1.win32_1.0.0.202411081344/tools/bin/../lib/gcc/arm-none-eabi/13.3.1/../../../../arm-none-eabi/lib/thumb/v7e-m+dp/hard\libc_nano.a(libc_a-stdio.o)
                0x08023496                __sseek
 .text.__sclose
                0x080234ba        0x8 C:/ST/STM32CubeIDE_1.18.1/STM32CubeIDE/plugins/com.st.stm32cube.ide.mcu.externaltools.gnu-tools-for-stm32.13.3.rel1.win32_1.0.0.202411081344/tools/bin/../lib/gcc/arm-none-eabi/13.3.1/../../../../arm-none-eabi/lib/thumb/v7e-m+dp/hard\libc_nano.a(libc_a-stdio.o)
                0x080234ba                __sclose
 .text.memcmp   0x080234c2       0x20 C:/ST/STM32CubeIDE_1.18.1/STM32CubeIDE/plugins/com.st.stm32cube.ide.mcu.externaltools.gnu-tools-for-stm32.13.3.rel1.win32_1.0.0.202411081344/tools/bin/../lib/gcc/arm-none-eabi/13.3.1/../../../../arm-none-eabi/lib/thumb/v7e-m+dp/hard\libc_nano.a(libc_a-memcmp.o)
                0x080234c2                memcmp
 .text.memmove  0x080234e2       0x34 C:/ST/STM32CubeIDE_1.18.1/STM32CubeIDE/plugins/com.st.stm32cube.ide.mcu.externaltools.gnu-tools-for-stm32.13.3.rel1.win32_1.0.0.202411081344/tools/bin/../lib/gcc/arm-none-eabi/13.3.1/../../../../arm-none-eabi/lib/thumb/v7e-m+dp/hard\libc_nano.a(libc_a-memmove.o)
                0x080234e2                memmove
 .text.memset   0x08023516       0x10 C:/ST/STM32CubeIDE_1.18.1/STM32CubeIDE/plugins/com.st.stm32cube.ide.mcu.externaltools.gnu-tools-for-stm32.13.3.rel1.win32_1.0.0.202411081344/tools/bin/../lib/gcc/arm-none-eabi/13.3.1/../../../../arm-none-eabi/lib/thumb/v7e-m+dp/hard\libc_nano.a(libc_a-memset.o)
                0x08023516                memset
 .text.strchr   0x08023526       0x1a C:/ST/STM32CubeIDE_1.18.1/STM32CubeIDE/plugins/com.st.stm32cube.ide.mcu.externaltools.gnu-tools-for-stm32.13.3.rel1.win32_1.0.0.202411081344/tools/bin/../lib/gcc/arm-none-eabi/13.3.1/../../../../arm-none-eabi/lib/thumb/v7e-m+dp/hard\libc_nano.a(libc_a-strchr.o)
                0x08023526                strchr
 .text.strncmp  0x08023540       0x24 C:/ST/STM32CubeIDE_1.18.1/STM32CubeIDE/plugins/com.st.stm32cube.ide.mcu.externaltools.gnu-tools-for-stm32.13.3.rel1.win32_1.0.0.202411081344/tools/bin/../lib/gcc/arm-none-eabi/13.3.1/../../../../arm-none-eabi/lib/thumb/v7e-m+dp/hard\libc_nano.a(libc_a-strncmp.o)
                0x08023540                strncmp
 .text.strncpy  0x08023564       0x26 C:/ST/STM32CubeIDE_1.18.1/STM32CubeIDE/plugins/com.st.stm32cube.ide.mcu.externaltools.gnu-tools-for-stm32.13.3.rel1.win32_1.0.0.202411081344/tools/bin/../lib/gcc/arm-none-eabi/13.3.1/../../../../arm-none-eabi/lib/thumb/v7e-m+dp/hard\libc_nano.a(libc_a-strncpy.o)
                0x08023564                strncpy
 .text.strrchr  0x0802358a       0x2c C:/ST/STM32CubeIDE_1.18.1/STM32CubeIDE/plugins/com.st.stm32cube.ide.mcu.externaltools.gnu-tools-for-stm32.13.3.rel1.win32_1.0.0.202411081344/tools/bin/../lib/gcc/arm-none-eabi/13.3.1/../../../../arm-none-eabi/lib/thumb/v7e-m+dp/hard\libc_nano.a(libc_a-strrchr.o)
                0x0802358a                strrchr
 .text.strstr   0x080235b6       0x2c C:/ST/STM32CubeIDE_1.18.1/STM32CubeIDE/plugins/com.st.stm32cube.ide.mcu.externaltools.gnu-tools-for-stm32.13.3.rel1.win32_1.0.0.202411081344/tools/bin/../lib/gcc/arm-none-eabi/13.3.1/../../../../arm-none-eabi/lib/thumb/v7e-m+dp/hard\libc_nano.a(libc_a-strstr.o)
                0x080235b6                strstr
 .text._raise_r
                0x080235e2       0x50 C:/ST/STM32CubeIDE_1.18.1/STM32CubeIDE/plugins/com.st.stm32cube.ide.mcu.externaltools.gnu-tools-for-stm32.13.3.rel1.win32_1.0.0.202411081344/tools/bin/../lib/gcc/arm-none-eabi/13.3.1/../../../../arm-none-eabi/lib/thumb/v7e-m+dp/hard\libc_nano.a(libc_a-signal.o)
                0x080235e2                _raise_r
 *fill*         0x08023632        0x2 
 .text.raise    0x08023634       0x10 C:/ST/STM32CubeIDE_1.18.1/STM32CubeIDE/plugins/com.st.stm32cube.ide.mcu.externaltools.gnu-tools-for-stm32.13.3.rel1.win32_1.0.0.202411081344/tools/bin/../lib/gcc/arm-none-eabi/13.3.1/../../../../arm-none-eabi/lib/thumb/v7e-m+dp/hard\libc_nano.a(libc_a-signal.o)
                0x08023634                raise
 .text._close_r
                0x08023644       0x20 C:/ST/STM32CubeIDE_1.18.1/STM32CubeIDE/plugins/com.st.stm32cube.ide.mcu.externaltools.gnu-tools-for-stm32.13.3.rel1.win32_1.0.0.202411081344/tools/bin/../lib/gcc/arm-none-eabi/13.3.1/../../../../arm-none-eabi/lib/thumb/v7e-m+dp/hard\libc_nano.a(libc_a-closer.o)
                0x08023644                _close_r
 .text._lseek_r
                0x08023664       0x24 C:/ST/STM32CubeIDE_1.18.1/STM32CubeIDE/plugins/com.st.stm32cube.ide.mcu.externaltools.gnu-tools-for-stm32.13.3.rel1.win32_1.0.0.202411081344/tools/bin/../lib/gcc/arm-none-eabi/13.3.1/../../../../arm-none-eabi/lib/thumb/v7e-m+dp/hard\libc_nano.a(libc_a-lseekr.o)
                0x08023664                _lseek_r
 .text._read_r  0x08023688       0x24 C:/ST/STM32CubeIDE_1.18.1/STM32CubeIDE/plugins/com.st.stm32cube.ide.mcu.externaltools.gnu-tools-for-stm32.13.3.rel1.win32_1.0.0.202411081344/tools/bin/../lib/gcc/arm-none-eabi/13.3.1/../../../../arm-none-eabi/lib/thumb/v7e-m+dp/hard\libc_nano.a(libc_a-readr.o)
                0x08023688                _read_r
 .text._kill_r  0x080236ac       0x24 C:/ST/STM32CubeIDE_1.18.1/STM32CubeIDE/plugins/com.st.stm32cube.ide.mcu.externaltools.gnu-tools-for-stm32.13.3.rel1.win32_1.0.0.202411081344/tools/bin/../lib/gcc/arm-none-eabi/13.3.1/../../../../arm-none-eabi/lib/thumb/v7e-m+dp/hard\libc_nano.a(libc_a-signalr.o)
                0x080236ac                _kill_r
 .text._getpid_r
                0x080236d0        0x4 C:/ST/STM32CubeIDE_1.18.1/STM32CubeIDE/plugins/com.st.stm32cube.ide.mcu.externaltools.gnu-tools-for-stm32.13.3.rel1.win32_1.0.0.202411081344/tools/bin/../lib/gcc/arm-none-eabi/13.3.1/../../../../arm-none-eabi/lib/thumb/v7e-m+dp/hard\libc_nano.a(libc_a-signalr.o)
                0x080236d0                _getpid_r
 .text._sbrk_r  0x080236d4       0x20 C:/ST/STM32CubeIDE_1.18.1/STM32CubeIDE/plugins/com.st.stm32cube.ide.mcu.externaltools.gnu-tools-for-stm32.13.3.rel1.win32_1.0.0.202411081344/tools/bin/../lib/gcc/arm-none-eabi/13.3.1/../../../../arm-none-eabi/lib/thumb/v7e-m+dp/hard\libc_nano.a(libc_a-sbrkr.o)
                0x080236d4                _sbrk_r
 .text._write_r
                0x080236f4       0x24 C:/ST/STM32CubeIDE_1.18.1/STM32CubeIDE/plugins/com.st.stm32cube.ide.mcu.externaltools.gnu-tools-for-stm32.13.3.rel1.win32_1.0.0.202411081344/tools/bin/../lib/gcc/arm-none-eabi/13.3.1/../../../../arm-none-eabi/lib/thumb/v7e-m+dp/hard\libc_nano.a(libc_a-writer.o)
                0x080236f4                _write_r
 .text.__errno  0x08023718        0xc C:/ST/STM32CubeIDE_1.18.1/STM32CubeIDE/plugins/com.st.stm32cube.ide.mcu.externaltools.gnu-tools-for-stm32.13.3.rel1.win32_1.0.0.202411081344/tools/bin/../lib/gcc/arm-none-eabi/13.3.1/../../../../arm-none-eabi/lib/thumb/v7e-m+dp/hard\libc_nano.a(libc_a-errno.o)
                0x08023718                __errno
 .text.__libc_init_array
                0x08023724       0x48 C:/ST/STM32CubeIDE_1.18.1/STM32CubeIDE/plugins/com.st.stm32cube.ide.mcu.externaltools.gnu-tools-for-stm32.13.3.rel1.win32_1.0.0.202411081344/tools/bin/../lib/gcc/arm-none-eabi/13.3.1/../../../../arm-none-eabi/lib/thumb/v7e-m+dp/hard\libc_nano.a(libc_a-init.o)
                0x08023724                __libc_init_array
 .text.__retarget_lock_init_recursive
                0x0802376c        0x2 C:/ST/STM32CubeIDE_1.18.1/STM32CubeIDE/plugins/com.st.stm32cube.ide.mcu.externaltools.gnu-tools-for-stm32.13.3.rel1.win32_1.0.0.202411081344/tools/bin/../lib/gcc/arm-none-eabi/13.3.1/../../../../arm-none-eabi/lib/thumb/v7e-m+dp/hard\libc_nano.a(libc_a-lock.o)
                0x0802376c                __retarget_lock_init_recursive
 .text.__retarget_lock_acquire_recursive
                0x0802376e        0x2 C:/ST/STM32CubeIDE_1.18.1/STM32CubeIDE/plugins/com.st.stm32cube.ide.mcu.externaltools.gnu-tools-for-stm32.13.3.rel1.win32_1.0.0.202411081344/tools/bin/../lib/gcc/arm-none-eabi/13.3.1/../../../../arm-none-eabi/lib/thumb/v7e-m+dp/hard\libc_nano.a(libc_a-lock.o)
                0x0802376e                __retarget_lock_acquire_recursive
 .text.__retarget_lock_release_recursive
                0x08023770        0x2 C:/ST/STM32CubeIDE_1.18.1/STM32CubeIDE/plugins/com.st.stm32cube.ide.mcu.externaltools.gnu-tools-for-stm32.13.3.rel1.win32_1.0.0.202411081344/tools/bin/../lib/gcc/arm-none-eabi/13.3.1/../../../../arm-none-eabi/lib/thumb/v7e-m+dp/hard\libc_nano.a(libc_a-lock.o)
                0x08023770                __retarget_lock_release_recursive