../Core/Src/main.c:97:6:mg_random	24	static
../Core/Src/main.c:106:10:mg_millis	16	static
../Core/Src/main.c:110:5:_write	24	static
../Core/Src/main.c:117:13:http_event_handler	32	static
../Core/Src/main.c:133:6:perform_http_data_read	24	static
../Core/Src/main.c:151:5:main	80	static
../Core/Src/main.c:226:6:SystemClock_Config	120	static
../Core/Src/main.c:287:13:MX_ETH_Init	8	static
../Core/Src/main.c:336:13:MX_I2C1_Init	8	static
../Core/Src/main.c:384:13:MX_RNG_Init	8	static
../Core/Src/main.c:411:13:MX_USART3_UART_Init	8	static
../Core/Src/main.c:459:13:MX_GPIO_Init	56	static
../Core/Src/main.c:530:6:collect_plc_data	24	static
../Core/Src/main.c:542:6:write_snapshot_to_nfc	568	static
../Core/Src/main.c:600:6:Error_Handler	4	static,ignoring_inline_asm
