../Core/Src/main.c:85:6:mg_random	24	static
../Core/Src/main.c:94:10:mg_millis	16	static
../Core/Src/main.c:98:5:_write	24	static
../Core/Src/main.c:105:6:my_get_leds	16	static
../Core/Src/main.c:110:6:my_set_leds	16	static
../Core/Src/main.c:122:5:main	8	static
../Core/Src/main.c:177:6:SystemClock_Config	120	static
../Core/Src/main.c:238:13:MX_ETH_Init	8	static
../Core/Src/main.c:287:13:MX_RNG_Init	8	static
../Core/Src/main.c:314:13:MX_USART3_UART_Init	8	static
../Core/Src/main.c:362:13:MX_GPIO_Init	56	static
../Core/Src/main.c:439:6:Error_Handler	4	static,ignoring_inline_asm
